[scifact] docs=5183 tokens=1559411 (300.9/doc) queries=300 q_tokens=20.7/query
  centering predictor ||mean||/mean||x|| = 0.945; random-pair cosine 0.892
  fp32                                   154045.6 B/doc  nDCG@10 0.7802 R@100 0.9833
  fp16                                    77022.8 B/doc  nDCG@10 0.7812 R@100 0.9833  Δ +0.0010 [-0.0001,+0.0030] ov 1.00
  int8                                    38511.4 B/doc  nDCG@10 0.7862 R@100 0.9800  Δ +0.0060 [+0.0016,+0.0114] ov 0.91
  remex 8-bit                             38511.4 B/doc  nDCG@10 0.7807 R@100 0.9833  Δ +0.0005 [-0.0010,+0.0025] ov 0.98
  remex 4-bit                             19255.7 B/doc  nDCG@10 0.7784 R@100 0.9733  Δ -0.0018 [-0.0093,+0.0048] ov 0.83
  remex 3-bit                             14441.8 B/doc  nDCG@10 0.7702 R@100 0.9700  Δ -0.0100 [-0.0222,+0.0012] ov 0.74
  remex 2-bit                              9627.9 B/doc  nDCG@10 0.7314 R@100 0.9433  Δ -0.0488 [-0.0712,-0.0290] ov 0.52
  remex 1-bit                              4813.9 B/doc  nDCG@10 0.5744 R@100 0.8476  Δ -0.2057 [-0.2448,-0.1687] ov 0.30
/home/user/experiments/pplx-embed-v2-quant/bench.py:143: AnisotropyWarning: These 1559411 vectors share a large common direction (||mean|| / mean ||x|| = 0.94). Uncentered 2-bit codes spend their levels on that shared component; on corpora like this, centered mode gained up to 0.17 recall/nDCG at 1-3 bits. Encode with Quantizer(..., mean=remex.corpus_mean(X)). remex.anisotropy(X) measures the ratio; silence this with warnings.filterwarnings('ignore', category=remex.AnisotropyWarning).
  record(f"remex {bits}-bit direct s{seed}", "remex", late_rank(QT, qoff, q.decode(q.encode(T)), off),
  remex 2-bit direct s0                    9627.9 B/doc  nDCG@10 0.7605 R@100 0.9500  Δ -0.0196 [-0.0355,-0.0052] ov 0.61
  remex 2-bit direct s1                    9627.9 B/doc  nDCG@10 0.7579 R@100 0.9667  Δ -0.0223 [-0.0382,-0.0071] ov 0.65
/home/user/experiments/pplx-embed-v2-quant/bench.py:143: AnisotropyWarning: These 1559411 vectors share a large common direction (||mean|| / mean ||x|| = 0.94). Uncentered 1-bit codes spend their levels on that shared component; on corpora like this, centered mode gained up to 0.17 recall/nDCG at 1-3 bits. Encode with Quantizer(..., mean=remex.corpus_mean(X)). remex.anisotropy(X) measures the ratio; silence this with warnings.filterwarnings('ignore', category=remex.AnisotropyWarning).
  record(f"remex {bits}-bit direct s{seed}", "remex", late_rank(QT, qoff, q.decode(q.encode(T)), off),
  remex 1-bit direct s0                    4813.9 B/doc  nDCG@10 0.5744 R@100 0.8476  Δ -0.2057 [-0.2448,-0.1687] ov 0.30
  remex 1-bit direct s1                    4813.9 B/doc  nDCG@10 0.6354 R@100 0.8733  Δ -0.1447 [-0.1812,-0.1112] ov 0.32
  remex 4-bit centered                    19255.7 B/doc  nDCG@10 0.7832 R@100 0.9867  Δ +0.0031 [-0.0013,+0.0078] ov 0.94
  remex 2-bit centered                     9627.9 B/doc  nDCG@10 0.7858 R@100 0.9767  Δ +0.0056 [-0.0027,+0.0152] ov 0.84
  remex 1-bit centered                     4813.9 B/doc  nDCG@10 0.7650 R@100 0.9600  Δ -0.0151 [-0.0288,-0.0014] ov 0.67
  [1159s]
  remax k=1 (asym)                         4813.9 B/doc  nDCG@10 0.6457 R@100 0.8683  Δ -0.1344 [-0.1663,-0.1039] ov 0.38
  remax k=2 (asym)                         9627.9 B/doc  nDCG@10 0.7272 R@100 0.9450  Δ -0.0529 [-0.0751,-0.0324] ov 0.55
  remax k=4 (asym)                        19255.7 B/doc  nDCG@10 0.7632 R@100 0.9533  Δ -0.0169 [-0.0321,-0.0025] ov 0.68
  remax k=1 (sym)                          4813.9 B/doc  nDCG@10 0.5612 R@100 0.8137  Δ -0.2190 [-0.2567,-0.1818] ov 0.31
  remax k=1 (asym) centered                4813.9 B/doc  nDCG@10 0.0611 R@100 0.4298  Δ -0.7191 [-0.7579,-0.6770] ov 0.06
  remax k=2 (asym) centered                9627.9 B/doc  nDCG@10 0.0621 R@100 0.5060  Δ -0.7181 [-0.7567,-0.6768] ov 0.05
  remax k=1 (sym) centered                 4813.9 B/doc  nDCG@10 0.7662 R@100 0.9593  Δ -0.0139 [-0.0348,+0.0069] ov 0.59
  [1886s]
  trunc 64d fp32                          77022.8 B/doc  nDCG@10 0.7652 R@100 0.9733  Δ -0.0150 [-0.0292,-0.0027] ov 0.69
  trunc 32d fp32                          38511.4 B/doc  nDCG@10 0.6774 R@100 0.9160  Δ -0.1027 [-0.1338,-0.0732] ov 0.39
/home/user/experiments/pplx-embed-v2-quant/bench.py:170: AnisotropyWarning: These 1559411 vectors share a large common direction (||mean|| / mean ||x|| = 0.94). Uncentered 4-bit codes spend their levels on that shared component; on corpora like this, centered mode gained up to 0.17 recall/nDCG at 1-3 bits. Encode with Quantizer(..., mean=remex.corpus_mean(X)). remex.anisotropy(X) measures the ratio; silence this with warnings.filterwarnings('ignore', category=remex.AnisotropyWarning).
  record(f"trunc {dim}d + remex {bits}-bit", "mrl", late_rank(trunc(QT, dim), qoff, q.decode(q.encode(Tt)), off),
  trunc 64d + remex 4-bit                  9627.9 B/doc  nDCG@10 0.7534 R@100 0.9533  Δ -0.0267 [-0.0425,-0.0130] ov 0.64
  trunc 32d + remex 8-bit                  9627.9 B/doc  nDCG@10 0.6762 R@100 0.9127  Δ -0.1039 [-0.1349,-0.0744] ov 0.39
/home/user/experiments/pplx-embed-v2-quant/bench.py:170: AnisotropyWarning: These 1559411 vectors share a large common direction (||mean|| / mean ||x|| = 0.94). Uncentered 2-bit codes spend their levels on that shared component; on corpora like this, centered mode gained up to 0.17 recall/nDCG at 1-3 bits. Encode with Quantizer(..., mean=remex.corpus_mean(X)). remex.anisotropy(X) measures the ratio; silence this with warnings.filterwarnings('ignore', category=remex.AnisotropyWarning).
  record(f"trunc {dim}d + remex {bits}-bit", "mrl", late_rank(trunc(QT, dim), qoff, q.decode(q.encode(Tt)), off),
  trunc 64d + remex 2-bit                  4813.9 B/doc  nDCG@10 0.6525 R@100 0.9060  Δ -0.1277 [-0.1593,-0.0976] ov 0.37
  trunc 32d + remex 4-bit                  4813.9 B/doc  nDCG@10 0.6353 R@100 0.8987  Δ -0.1449 [-0.1790,-0.1131] ov 0.34
  [2168s]
  plaid K=16384 fit [2568s]
  plaid 4-bit                             19857.4 B/doc  nDCG@10 0.7802 R@100 0.9867  Δ +0.0000 [-0.0046,+0.0046] ov 0.94
  plaid 2-bit                             10229.6 B/doc  nDCG@10 0.7780 R@100 0.9867  Δ -0.0022 [-0.0097,+0.0054] ov 0.85
  plaid 1-bit                              5415.7 B/doc  nDCG@10 0.7586 R@100 0.9800  Δ -0.0215 [-0.0353,-0.0080] ov 0.74
  plaid centroid-only                       601.7 B/doc  nDCG@10 0.7241 R@100 0.9600  Δ -0.0560 [-0.0813,-0.0332] ov 0.60
  [2862s]
{"corpus": "scifact", "n_docs": 5183, "n_tokens": 1559411, "tokens_per_doc": 300.87, "n_queries": 300, "query_tokens_per_query": 20.73, "centering_predictor": 0.945, "random_pair_cosine": 0.892, "seconds": 2862.0}
