Warning: You are sending unauthenticated requests to the HF Hub. Please set a HF_TOKEN to enable higher rate limits and faster downloads.
Generating queries split:   0%|          | 0/1109 [00:00<?, ? examples/s]Generating queries split: 100%|██████████| 1109/1109 [00:00<00:00, 101174.18 examples/s]
Generating train split:   0%|          | 0/919 [00:00<?, ? examples/s]Generating train split: 100%|██████████| 919/919 [00:00<00:00, 55620.63 examples/s]
Generating test split:   0%|          | 0/339 [00:00<?, ? examples/s]Generating test split: 100%|██████████| 339/339 [00:00<00:00, 67918.27 examples/s]
[scifact] docs=5183 queries=300
Loading weights:   0%|          | 0/305 [00:00<?, ?it/s]Loading weights:  46%|████▌     | 140/305 [00:00<00:00, 1389.95it/s]Loading weights: 100%|██████████| 305/305 [00:00<00:00, 2117.75it/s]
[transformers] `causal_conv1d_fn` is falling back to its reference PyTorch implementation because `causal_conv1d` is not installed. This is correct but much slower; install `causal_conv1d` for the optimized kernel.
[transformers] `chunk_gated_delta_rule` is falling back to its reference PyTorch implementation because `flash-linear-attention` is not installed. This is correct but much slower; install `flash-linear-attention` for the optimized kernel.
[scifact] queries: 6218 tokens, 36s
[scifact] chunk 1/41 109s (elapsed 2.4 min)
[scifact] chunk 2/41 121s (elapsed 4.4 min)
[scifact] chunk 3/41 68s (elapsed 5.6 min)
[scifact] chunk 4/41 68s (elapsed 6.7 min)
[scifact] chunk 5/41 74s (elapsed 7.9 min)
[scifact] chunk 6/41 90s (elapsed 9.4 min)
[scifact] chunk 7/41 110s (elapsed 11.3 min)
[scifact] chunk 8/41 114s (elapsed 13.2 min)
[scifact] chunk 9/41 132s (elapsed 15.4 min)
[scifact] chunk 10/41 129s (elapsed 17.5 min)
[scifact] chunk 11/41 105s (elapsed 19.3 min)
[scifact] chunk 12/41 131s (elapsed 21.5 min)
[scifact] chunk 13/41 118s (elapsed 23.4 min)
[scifact] chunk 14/41 124s (elapsed 25.5 min)
[scifact] chunk 15/41 134s (elapsed 27.7 min)
[scifact] chunk 16/41 151s (elapsed 30.2 min)
[scifact] chunk 17/41 165s (elapsed 33.0 min)
[scifact] chunk 18/41 149s (elapsed 35.5 min)
[scifact] chunk 19/41 161s (elapsed 38.2 min)
[scifact] chunk 20/41 168s (elapsed 41.0 min)
[scifact] chunk 21/41 165s (elapsed 43.7 min)
[scifact] chunk 22/41 190s (elapsed 46.9 min)
[scifact] chunk 23/41 206s (elapsed 50.3 min)
[scifact] chunk 24/41 197s (elapsed 53.6 min)
[scifact] chunk 25/41 195s (elapsed 56.9 min)
[scifact] chunk 26/41 188s (elapsed 60.0 min)
[scifact] chunk 27/41 175s (elapsed 62.9 min)
[scifact] chunk 28/41 247s (elapsed 67.0 min)
[scifact] chunk 29/41 234s (elapsed 70.9 min)
[scifact] chunk 30/41 229s (elapsed 74.7 min)
[scifact] chunk 31/41 235s (elapsed 78.6 min)
[scifact] chunk 32/41 267s (elapsed 83.1 min)
[scifact] chunk 33/41 283s (elapsed 87.8 min)
[scifact] chunk 34/41 282s (elapsed 92.5 min)
[scifact] chunk 35/41 331s (elapsed 98.0 min)
[scifact] chunk 36/41 340s (elapsed 103.7 min)
[scifact] chunk 37/41 359s (elapsed 109.6 min)
[scifact] chunk 38/41 375s (elapsed 115.9 min)
Warning: You are sending unauthenticated requests to the HF Hub. Please set a HF_TOKEN to enable higher rate limits and faster downloads.
[scifact] docs=5183 queries=300
Loading weights:   0%|          | 0/305 [00:00<?, ?it/s]Loading weights:  51%|█████     | 156/305 [00:00<00:00, 1558.99it/s]Loading weights: 100%|██████████| 305/305 [00:00<00:00, 1968.25it/s]
[transformers] `causal_conv1d_fn` is falling back to its reference PyTorch implementation because `causal_conv1d` is not installed. This is correct but much slower; install `causal_conv1d` for the optimized kernel.
[transformers] `chunk_gated_delta_rule` is falling back to its reference PyTorch implementation because `flash-linear-attention` is not installed. This is correct but much slower; install `flash-linear-attention` for the optimized kernel.
[scifact] chunk 39/41 426s (elapsed 7.1 min)
[scifact] chunk 40/41 501s (elapsed 15.5 min)
[scifact] chunk 41/41 379s (elapsed 21.8 min)
