............FFFFFF...EEEEEEEEEEEEEEEEEEEEEEEEEEEEEE [ 78%]
EEEEEEEEE.EEEEEEEEEEEEEEEEEEEEEEEEEEEEEEEEEEEEEEEEEE........EEEEEEEEFFFF [ 78%]
FFFFEEEEEEEEEEEEEEEEEEEEEEEE.............F......FFFF...F...F....F.....F. [ 79%]
FF..FF....F.FFFFFFFFF...F...F................EEEEEEEEFFFFFFFFEEEEEEEEEEE [ 79%]
EEEEEEEEEEEEEEEEEEEEEFFFFFFFFEEEEEEEEEEEEEEEEF..FF.FF.....F.FEEEEEEEEEEE [ 80%]
EEEEEEEEEEEEEEEEEEEEEEEEEEEEEEEFF.FsF..F.F...FF...................F..... [ 81%]
......FFFFEEEEEEEEEEEEEEEEEEEEEEEEEEEEEEEEEEEEEEEEEEEEEEEEEEEEEEEEEEEEEE [ 81%]
EEEEEEEEEEEEEEEEEEEEEEEEEEEEEEEEEEEEEEEEEEEEEEEEEEEEEEEEEEEEEEEEEEEEEEEE [ 82%]
EEEEEEEEEEEEEEEEEEEEEEEEEEEEEEEEEEEEEEEEEEEEEEEEEEEEEEEEEEEEEEEEEEEEEEEE [ 82%]
EEEEEEEEEEEEEEEEEEEEEEEEEEEEEEEEEEEEEEEEEEEEEEEEEEEEEEEEEEEEEEEEEEEEEEEE [ 83%]
EEEEEEEEEEEEEEEEEEEEEEEEEEEEEEEEEEEEEEEEEEEEEEEEEEEEEEEEEEEEEEEEEEEEEEEE [ 84%]
EEEEEEEEEEEEEEEEEEEEEEEEEEEEEEEEEEEEEEEEEEEEEEEEEEEEEEEEEEEEEEEEEEEEEEEE [ 84%]
EEEEEEEEEEEEEEEEEEEEEEEEEEEEEEEEEEEEEEEEFFFFFF...F...FFFFFFF............ [ 85%]
......FFFFFF..........FF..F.FF..F...FF......................FFFFFFEEEEEE [ 85%]
EEEEEEEEEEEEEEEEEEEEEEEEEEEEEEEEEEEEEEEEEEEEEEEEEEEEEEEEExEEEEExEEEEExEE [ 86%]
EEExEExxxxxxFF..F.....................................FF.FF....xF.EEEEEE [ 86%]
EEEEEEEEEEEEEEsEEEEssEEEEssEEEEEEEEE...F..FF.....FF.FF.................. [ 87%]
....................................................FFFFFFFFFFEEEEEEEEEE [ 88%]
EEEEEEEEEEFFFF...........EEEEEEEEEEEEEEEEEEEEEEEEEEEEEEFFFFFFFFFF.....FF [ 88%]
FFFEEEEEEEEEE..............F..FF....FFEEEEEEEEEEEEEEE..FF..F..EEEEEEEEEE [ 89%]
EEEEEEEEEEEEEEEEEEEEEEE.Ex.FFFFEEEEE....F...x....s.....F................ [ 89%]
.........F............FxEEEEEEEEEEEEEEEFFFFFs.FFss.....FFFFF.....EEEEEF. [ 90%]
.FFFFF........EEEEEEEE.FF.EEEE..FFF.F.EEEEEEEEEEEEEEEFFF.EEEEEEEEEEEEEEE [ 91%]
EEEEEEEEEEEEEEEEEEEEssssEEEEEEEEEEEEEEsEEEEEEEEsEEEEEEEEEEEEEEEEEEEEEEEE [ 91%]
EEEEEEEEEE..FF..EEEEEEEFEFEEEEEEEEEEEEEEEEEEEEEEEEEEEEEEEEEEEEEEEEEEEEEE [ 92%]
EEEEEEEEEEEEEEFEFEFEEFFFFFEEEEFF.FF..........F....x...x...x...x...xs..x. [ 92%]
......EEEEEEEEEEEEEEEEFFFFEEEEFF........FEExE....EEEEEEEEEEEE.......FF.F [ 93%]
F....................................................................... [ 94%]
............sF.FFF..x............EEEEEEEEFFxFssss....ssss............... [ 94%]
.........FFFFEEEE.................FF.EEEE......EEEEEEEEEEEEEEEEEEEEEEEEE [ 95%]
EEEEEEEEEEEEEE...FFFEEEEEEEEEEEEEEEEEEEEEEEEEEE......................... [ 95%]
........FFFFFFEEEEEEEEEEEEEEEEEEEEEEEE...F..EEEEEE.....FEEEEEEEEE.F..... [ 96%]
.....FFFEEEEEEEEEEEEEEEEEEEEEEEE.........EEEEEEEEEE..FFEEEEFFFFEEEEEEEEE [ 97%]
EFFFFEEEE.F.....FFFEE................F.FF.FE.FE..EF..EF.FFEEFF.EEEE..... [ 97%]
................FF..FF..FF..F..FFF..FFFFEEEEEEEEEEEEEEEEEEEEEEEEEE...... [ 98%]
......ssEEssEEEEEEEEEEEEEEEEEEEEEEEEEEEEEE..................FFFFF.FEEEEE [ 98%]
FFFFFF.EFFEF..FFx..FFFF.F........F.EE.EEEEEE.FFE.EEEEEEEEEEEEEEE.F.FF.FE [ 99%]
EEEEEEEEE.EEFFFF..........FFFEEEEEF.E.........FFE.FEE........