' o...
FAILED voluptuous/tests/tests.py::test_date_custom_format - AttributeError: '...
FAILED voluptuous/tests/tests.py::test_schema_infer_accepts_kwargs - Attribut...
FAILED voluptuous/tests/tests.py::test_IsDir - AttributeError: 'DirInvalid' o...
FAILED voluptuous/tests/tests.py::test_IsFile - AttributeError: 'FileInvalid'...
FAILED voluptuous/tests/tests.py::test_PathExists - AttributeError: 'PathInva...
FAILED voluptuous/tests/tests.py::test_SomeOf_min_validation - AttributeError...
FAILED voluptuous/tests/tests.py::test_SomeOf_max_validation - AttributeError...
FAILED voluptuous/tests/tests.py::test_self_validation - AttributeError: 'Typ...
FAILED voluptuous/tests/tests.py::test_any_error_has_path - AttributeError: '...
FAILED voluptuous/tests/tests.py::test_all_error_has_path - AttributeError: '...
FAILED voluptuous/tests/tests.py::test_match_error_has_path - AttributeError:...
FAILED voluptuous/tests/tests.py::test_path_with_string - AttributeError: 'Ty...
FAILED voluptuous/tests/tests.py::test_path_with_list_index - AttributeError:...
FAILED voluptuous/tests/tests.py::test_path_with_tuple_index - AttributeError...
FAILED voluptuous/tests/tests.py::test_path_with_integer_dict_key - Attribute...
FAILED voluptuous/tests/tests.py::test_path_with_float_dict_key - AttributeEr...
FAILED voluptuous/tests/tests.py::test_path_with_tuple_dict_key - AttributeEr...
FAILED voluptuous/tests/tests.py::test_path_with_arbitrary_hashable_dict_key
FAILED voluptuous/tests/tests.py::test_self_any - AttributeError: 'TypeInvali...
FAILED voluptuous/tests/tests.py::test_self_all - AttributeError: 'TypeInvali...
FAILED voluptuous/tests/tests.py::test_set_of_integers - AttributeError: 'Typ...
FAILED voluptuous/tests/tests.py::test_frozenset_of_integers - AttributeError...
FAILED voluptuous/tests/tests.py::test_set_of_integers_and_strings - Attribut...
FAILED voluptuous/tests/tests.py::test_frozenset_of_integers_and_strings - At...
FAILED voluptuous/tests/tests.py::test_any_required - AttributeError: 'Requir...
FAILED voluptuous/tests/tests.py::test_any_required_with_subschema - Attribut...
FAILED voluptuous/tests/tests.py::test_inclusive - AttributeError: 'Inclusive...
FAILED voluptuous/tests/tests.py::test_inclusive_defaults - AttributeError: '...
FAILED voluptuous/tests/tests.py::test_exclusive - AttributeError: 'Exclusive...
FAILED voluptuous/tests/tests.py::test_any_with_discriminant - AttributeError...
FAILED voluptuous/tests/tests.py::test_key1 - AttributeError: 'ValueInvalid' ...
FAILED voluptuous/tests/tests.py::test_key2 - AttributeError: 'Invalid' objec...
FAILED voluptuous/tests/tests.py::test_key3 - AttributeError: 'ScalarInvalid'...
FAILED voluptuous/tests/tests.py::test_coerce_enum - AttributeError: 'CoerceI...
FAILED voluptuous/tests/tests.py::test_object - AttributeError: 'ScalarInvali...
FAILED voluptuous/tests/tests.py::test_exception - AttributeError: 'MultipleI...
======================== 89 failed, 59 passed in 15.47s ========================
