django__django-13344 True 86.3
django__django-13406 False 15.0
django__django-13741 True 20.9
django__django-13786 True 25.1
django__django-13794 True 24.1
django__django-13807 True 30.4
django__django-13810 True 26.0
django__django-13820 True 31.7
django__django-13821 True 13.0
django__django-13837 True 18.7
django__django-13925 True 15.6
django__django-13933 True 18.3
django__django-13964 True 18.7
django__django-14007 True 20.7
django__django-14017 True 18.7
django__django-14034 False 21.7
django__django-14053 True 29.1
django__django-14089 True 24.0
django__django-14122 True 27.5
django__django-14140 True 17.3
django__django-14155 False 24.0
django__django-14170 False 30.0
django__django-14238 True 42.8
django__django-14311 True 40.8
django__django-14315 True 28.9
django__django-14349 True 19.6
django__django-14351 True 23.8
django__django-14373 True 23.6
django__django-14376 False 28.5
django__django-14404 True 371.3
django__django-14434 True 31.7
django__django-14493 True 36.2
django__django-14500 True 41.6
django__django-14534 False 30.7
django__django-14539 True 19.2
django__django-14559 True 27.0
django__django-14580 True 21.1
django__django-14608 True 209.5
django__django-14631 True 12.4
django__django-14672 True 17.7
django__django-14725 True 20.2
django__django-14752 True 20.5
django__django-14765 True 15.5
django__django-14771 True 26.4
django__django-14787 True 30.6
django__django-14792 True 23.3
django__django-14855 True 171.2
django__django-14915 True 6.1
django__django-14999 True 12.0
django__django-15022 False 18.9
django__django-15037 True 12.9
django__django-15098 False 15.9
django__django-15104 True 22.7
django__django-15127 True 25.9
django__django-15128 True 25.6
django__django-15161 True 13.4
django__django-15252 False 9.1
django__django-15268 True 8.5
django__django-15277 True 7.0
django__django-15278 True 9.7
django__django-15280 True 9.8
django__django-15315 True 11.2
django__django-15368 True 8.5
django__django-15375 True 10.8
django__django-15380 True 8.5
django__django-15382 True 7.2
django__django-15467 True 9.8
django__django-15499 True 5.7
django__django-15503 True 7.7
django__django-15525 True 8.8
django__django-15554 True 5.8
django__django-15561 True 8.9
django__django-15563 True 7.1
django__django-15569 True 8.9
django__django-15572 True 5.8
django__django-15629 True 8.3
django__django-15695 True 8.7
django__django-15731 True 6.3
django__django-15741 True 6.3
django__django-15732 False 6.8
django__django-15851 True 5.5
django__django-15863 True 5.4
django__django-15814 True 5.8
django__django-15930 True 6.5
django__django-15916 True 7.2
django__django-15957 True 7.2
django__django-15973 True 7.5
django__django-16032 True 7.0
django__django-15987 True 7.6
django__django-16082 True 7.7
django__django-16100 True 8.5
django__django-16116 True 9.9
django__django-16136 True 7.5
django__django-16139 True 8.7
django__django-16255 True 8.3
django__django-16256 False 8.6
django__django-16263 False 8.5
django__django-16315 True 7.6
django__django-16333 True 8.4
django__django-16429 True 7.6
django__django-16454 True 11.3
django__django-16485 True 8.0
django__django-16502 False 7.7
django__django-16527 True 9.9
django__django-16560 True 8.3
django__django-16569 True 8.1
django__django-16595 True 8.5
django__django-16631 True 6.2
django__django-16642 True 6.7
django__django-16661 True 7.3
django__django-16662 True 8.1
django__django-16667 False 7.8
django__django-16801 True 7.9
django__django-16819 True 7.8
django__django-16877 True 6.9
django__django-16899 True 7.6
django__django-16612 True 42.7
django__django-16901 True 8.2
django__django-16938 True 9.5
django__django-16950 True 8.6
django__django-17029 True 8.3
django__django-17084 True 8.7
django__django-17087 True 8.0
django__django-9296 True 7.0
sympy__sympy-11618 True 4.7
sympy__sympy-12096 True 4.9
sympy__sympy-12419 True 4.3
sympy__sympy-12481 True 4.3
sympy__sympy-12489 True 4.2
sympy__sympy-13091 True 4.4
sympy__sympy-13031 True 4.5
sympy__sympy-13480 True 13.4
sympy__sympy-13551 True 20.0
sympy__sympy-13372 True 24.2
sympy__sympy-13757 True 11.7
sympy__sympy-13647 True 13.4
sympy__sympy-13852 False 3.9
sympy__sympy-13798 True 6.1
sympy__sympy-13877 True 21.7
sympy__sympy-13974 False 4.2
sympy__sympy-13878 True 27.0
sympy__sympy-14531 True 4.9
sympy__sympy-14711 True 5.8
sympy__sympy-14248 True 16.6
sympy__sympy-14976 True 4.4
sympy__sympy-15017 False 3.9
sympy__sympy-15345 True 4.9
sympy__sympy-15349 True 6.3
sympy__sympy-13615 True 78.0
sympy__sympy-15599 True 16.3
sympy__sympy-15976 True 4.0
sympy__sympy-15875 True 14.6
sympy__sympy-15809 True 17.6
sympy__sympy-16766 True 3.8
sympy__sympy-16792 True 5.5
sympy__sympy-16886 True 4.9
sympy__sympy-16597 False 18.1
sympy__sympy-17318 True 19.3
sympy__sympy-17630 True 5.2
sympy__sympy-17655 True 20.8
sympy__sympy-18189 True 44.0
sympy__sympy-16450 True 120.7
sympy__sympy-18211 True 12.6
sympy__sympy-18698 False 20.6
sympy__sympy-18763 False 7.5
sympy__sympy-17139 True 152.8
sympy__sympy-19346 True 3.5
sympy__sympy-19495 False 4.8
sympy__sympy-19637 True 5.3
sympy__sympy-19040 True 21.3
sympy__sympy-19783 True 5.5
sympy__sympy-19954 True 8.1
sympy__sympy-20154 True 5.1
sympy__sympy-20428 False 20.9
sympy__sympy-20590 True 4.0
sympy__sympy-20801 True 8.5
sympy__sympy-20916 False 4.2
sympy__sympy-20438 False 45.1
sympy__sympy-18199 False 131.4
sympy__sympy-21612 True 6.0
sympy__sympy-21847 True 4.3
sympy__sympy-21596 False 15.5
sympy__sympy-21379 True 28.7
sympy__sympy-22456 True 5.3
sympy__sympy-22080 False 11.8
sympy__sympy-22914 True 4.4
sympy__sympy-22714 True 10.8
sympy__sympy-21930 False 24.2
sympy__sympy-23262 True 7.2
sympy__sympy-23413 True 4.4
sympy__sympy-23534 True 4.6
sympy__sympy-23950 True 4.4
sympy__sympy-24066 True 6.7
sympy__sympy-24213 True 7.0
sympy__sympy-24443 True 5.1
sympy__sympy-23824 True 12.8
sympy__sympy-24539 True 4.7
sympy__sympy-24661 True 4.8
sympy__sympy-24562 True 10.3
GRADED 295: resolved 257
