Warning: You are sending unauthenticated requests to the HF Hub. Please set a HF_TOKEN to enable higher rate limits and faster downloads.
Loading weights:   0%|          | 0/137 [00:00<?, ?it/s]Loading weights: 100%|██████████| 137/137 [00:00<00:00, 3246.53it/s]
[transformers] Ignoring clean_up_tokenization_spaces=True for BPE tokenizer TokenizersBackend. The clean_up_tokenization post-processing step is designed for WordPiece tokenizers and is destructive for BPE (it strips spaces before punctuation). Set clean_up_tokenization_spaces=False to suppress this warning, or set clean_up_tokenization_spaces_for_bpe_even_though_it_will_corrupt_output=True to force cleanup anyway.
descriptive done
arm=bidir ce=1.4141 acc=0.699 retained=None retained_trunc=None s=50.0
arm=causal ce=23.4775 acc=0.000 retained=0.000 retained_trunc=None s=47.9
arm=truncate ce=6.4708 acc=0.132 retained=0.771 retained_trunc=0.000 s=974.6
arm=single:0 ce=10.8562 acc=0.066 retained=0.572 retained_trunc=-0.867 s=47.2
arm=single:1 ce=1.4332 acc=0.698 retained=0.999 retained_trunc=0.996 s=52.7
arm=single:2 ce=1.4311 acc=0.699 retained=0.999 retained_trunc=0.997 s=47.1
arm=single:3 ce=1.4808 acc=0.688 retained=0.997 retained_trunc=0.987 s=52.7
arm=single:4 ce=1.4235 acc=0.698 retained=1.000 retained_trunc=0.998 s=47.0
arm=single:5 ce=1.4521 acc=0.693 retained=0.998 retained_trunc=0.992 s=52.6
arm=single:6 ce=1.4449 acc=0.698 retained=0.999 retained_trunc=0.994 s=47.2
arm=single:7 ce=1.4900 acc=0.688 retained=0.997 retained_trunc=0.985 s=52.5
arm=single:8 ce=1.4358 acc=0.697 retained=0.999 retained_trunc=0.996 s=47.0
arm=single:9 ce=1.5558 acc=0.682 retained=0.994 retained_trunc=0.972 s=52.7
arm=single:10 ce=1.4615 acc=0.692 retained=0.998 retained_trunc=0.991 s=47.1
arm=single:11 ce=1.4551 acc=0.693 retained=0.998 retained_trunc=0.992 s=52.5
arm=single:12 ce=1.4744 acc=0.689 retained=0.997 retained_trunc=0.988 s=46.9
arm=single:13 ce=1.5062 acc=0.687 retained=0.996 retained_trunc=0.982 s=52.3
arm=single:14 ce=1.4441 acc=0.694 retained=0.999 retained_trunc=0.994 s=46.6
arm=single:15 ce=1.4793 acc=0.691 retained=0.997 retained_trunc=0.987 s=52.0
arm=single:16 ce=1.4864 acc=0.689 retained=0.997 retained_trunc=0.986 s=46.1
arm=single:17 ce=1.5047 acc=0.686 retained=0.996 retained_trunc=0.982 s=52.0
arm=single:18 ce=1.4863 acc=0.689 retained=0.997 retained_trunc=0.986 s=46.0
arm=single:19 ce=1.4498 acc=0.694 retained=0.998 retained_trunc=0.993 s=50.0
arm=single:20 ce=1.4530 acc=0.695 retained=0.998 retained_trunc=0.992 s=45.5
arm=single:21 ce=1.4502 acc=0.690 retained=0.998 retained_trunc=0.993 s=50.6
arm=keep:top4 ce=4.6953 acc=0.271 retained=0.851 retained_trunc=0.351 s=45.6
arm=keep:top8 ce=3.5275 acc=0.391 retained=0.904 retained_trunc=0.582 s=50.9
arm=prefix:1 ce=10.8562 acc=0.066 retained=0.572 retained_trunc=-0.867 s=45.7
arm=prefix:2 ce=14.0650 acc=0.015 retained=0.427 retained_trunc=-1.502 s=51.2
arm=prefix:3 ce=18.1055 acc=0.003 retained=0.243 retained_trunc=-2.301 s=45.7
arm=prefix:4 ce=22.5672 acc=0.001 retained=0.041 retained_trunc=-3.183 s=50.9
arm=prefix:5 ce=23.1062 acc=0.000 retained=0.017 retained_trunc=-3.290 s=45.5
arm=prefix:6 ce=23.0972 acc=0.000 retained=0.017 retained_trunc=-3.288 s=50.9
arm=prefix:7 ce=23.1464 acc=0.000 retained=0.015 retained_trunc=-3.298 s=45.7
arm=prefix:8 ce=23.1484 acc=0.000 retained=0.015 retained_trunc=-3.298 s=50.7
arm=prefix:9 ce=23.1337 acc=0.000 retained=0.016 retained_trunc=-3.295 s=45.8
arm=prefix:10 ce=23.0459 acc=0.000 retained=0.020 retained_trunc=-3.278 s=51.6
arm=prefix:11 ce=23.0277 acc=0.000 retained=0.020 retained_trunc=-3.274 s=45.5
arm=prefix:12 ce=23.0499 acc=0.000 retained=0.019 retained_trunc=-3.279 s=51.1
arm=prefix:13 ce=23.0751 acc=0.000 retained=0.018 retained_trunc=-3.284 s=45.8
arm=prefix:14 ce=23.0743 acc=0.000 retained=0.018 retained_trunc=-3.283 s=51.4
arm=prefix:15 ce=23.0750 acc=0.000 retained=0.018 retained_trunc=-3.284 s=45.6
arm=prefix:16 ce=23.1398 acc=0.000 retained=0.015 retained_trunc=-3.296 s=51.4
arm=prefix:17 ce=23.1809 acc=0.000 retained=0.013 retained_trunc=-3.305 s=47.0
arm=prefix:18 ce=23.2280 acc=0.000 retained=0.011 retained_trunc=-3.314 s=50.4
arm=prefix:19 ce=23.2790 acc=0.000 retained=0.009 retained_trunc=-3.324 s=45.0
arm=prefix:20 ce=23.3437 acc=0.000 retained=0.006 retained_trunc=-3.337 s=50.6
arm=prefix:21 ce=23.3496 acc=0.000 retained=0.006 retained_trunc=-3.338 s=44.8
arm=suffix:1 ce=6.1108 acc=0.148 retained=0.787 retained_trunc=0.071 s=50.1
arm=suffix:2 ce=6.4499 acc=0.130 retained=0.772 retained_trunc=0.004 s=44.9
arm=suffix:3 ce=6.7756 acc=0.126 retained=0.757 retained_trunc=-0.060 s=49.9
arm=suffix:4 ce=6.8415 acc=0.123 retained=0.754 retained_trunc=-0.073 s=46.3
arm=suffix:5 ce=6.4827 acc=0.140 retained=0.770 retained_trunc=-0.002 s=51.5
arm=suffix:6 ce=6.1516 acc=0.158 retained=0.785 retained_trunc=0.063 s=46.5
arm=suffix:7 ce=5.8808 acc=0.183 retained=0.798 retained_trunc=0.117 s=51.7
arm=suffix:8 ce=5.2451 acc=0.227 retained=0.826 retained_trunc=0.242 s=46.7
arm=suffix:9 ce=4.8637 acc=0.262 retained=0.844 retained_trunc=0.318 s=52.2
arm=suffix:10 ce=4.0525 acc=0.333 retained=0.880 retained_trunc=0.478 s=47.0
arm=suffix:11 ce=3.6152 acc=0.384 retained=0.900 retained_trunc=0.565 s=52.4
arm=suffix:12 ce=3.2415 acc=0.431 retained=0.917 retained_trunc=0.639 s=46.8
arm=suffix:13 ce=3.1518 acc=0.435 retained=0.921 retained_trunc=0.656 s=52.2
arm=suffix:14 ce=2.5998 acc=0.516 retained=0.946 retained_trunc=0.766 s=46.2
arm=suffix:15 ce=2.4234 acc=0.545 retained=0.954 retained_trunc=0.800 s=50.9
arm=suffix:16 ce=2.2429 acc=0.567 retained=0.962 retained_trunc=0.836 s=46.0
arm=suffix:17 ce=1.9614 acc=0.610 retained=0.975 retained_trunc=0.892 s=51.2
arm=suffix:18 ce=1.7088 acc=0.652 retained=0.987 retained_trunc=0.942 s=45.9
arm=suffix:19 ce=1.5624 acc=0.674 retained=0.993 retained_trunc=0.971 s=51.2
arm=suffix:20 ce=1.4964 acc=0.685 retained=0.996 retained_trunc=0.984 s=45.8
arm=suffix:21 ce=1.4502 acc=0.690 retained=0.998 retained_trunc=0.993 s=51.2
arm=keep:global ce=4.7848 acc=0.256 retained=0.847 retained_trunc=0.333 s=45.8
arm=keep:local ce=18.1110 acc=0.013 retained=0.243 retained_trunc=-2.302 s=51.0
arm=keep:every4 ce=5.0935 acc=0.224 retained=0.833 retained_trunc=0.272 s=46.0
arm=keep:first4 ce=6.8415 acc=0.123 retained=0.754 retained_trunc=-0.073 s=50.8
arm=keep:last4 ce=23.2280 acc=0.000 retained=0.011 retained_trunc=-3.314 s=45.9
arm=keep:first8 ce=5.2451 acc=0.227 retained=0.826 retained_trunc=0.242 s=50.9
arm=keep:last8 ce=23.0743 acc=0.000 retained=0.018 retained_trunc=-3.283 s=45.6
arm=look:1 ce=11.4873 acc=0.053 retained=0.543 retained_trunc=-0.992 s=50.6
arm=look:2 ce=6.7639 acc=0.245 retained=0.758 retained_trunc=-0.058 s=45.8
arm=look:4 ce=3.4796 acc=0.466 retained=0.906 retained_trunc=0.592 s=51.2
arm=look:8 ce=2.4599 acc=0.550 retained=0.953 retained_trunc=0.793 s=45.7
arm=look:16 ce=2.1669 acc=0.582 retained=0.966 retained_trunc=0.851 s=51.4
arm=look:32 ce=2.0367 acc=0.603 retained=0.972 retained_trunc=0.877 s=45.8
arm=look:64 ce=1.8495 acc=0.638 retained=0.980 retained_trunc=0.914 s=51.2
arm=look:128 ce=1.6328 acc=0.668 retained=0.990 retained_trunc=0.957 s=46.3
arm=anchor:special ce=15.1104 acc=0.045 retained=0.379 retained_trunc=-1.709 s=51.0
arm=anchor:first4 ce=23.5183 acc=0.000 retained=-0.002 retained_trunc=-3.371 s=45.6
arm=anchor:punct ce=5.4477 acc=0.225 retained=0.817 retained_trunc=0.202 s=52.5
arm=anchor:attn:5 ce=8.2994 acc=0.117 retained=0.688 retained_trunc=-0.362 s=53.0
arm=anchor:attn:10 ce=6.4647 acc=0.179 retained=0.771 retained_trunc=0.001 s=52.4
arm=anchor:attn:25 ce=4.5298 acc=0.319 retained=0.859 retained_trunc=0.384 s=52.9
arm=anchor:rand:5 ce=11.8930 acc=0.065 retained=0.525 retained_trunc=-1.072 s=52.7
arm=anchor:rand:10 ce=7.7220 acc=0.152 retained=0.714 retained_trunc=-0.247 s=52.9
arm=anchor:rand:25 ce=4.5708 acc=0.310 retained=0.857 retained_trunc=0.376 s=53.2
arm=anchor:masked ce=5.5518 acc=0.231 retained=0.812 retained_trunc=0.182 s=53.1
arm=look:8+punct ce=1.7552 acc=0.646 retained=0.985 retained_trunc=0.933 s=52.9
arm=look:8+attn:10 ce=1.8627 acc=0.635 retained=0.980 retained_trunc=0.911 s=53.4
arm=causal+special ce=15.1104 acc=0.045 retained=0.379 retained_trunc=-1.709 s=46.3
arm=keep:global+special ce=4.7646 acc=0.258 retained=0.848 retained_trunc=0.337 s=50.4
arm=single+special:0 ce=4.2338 acc=0.445 retained=0.872 retained_trunc=0.442 s=45.5
arm=single+special:1 ce=1.4331 acc=0.698 retained=0.999 retained_trunc=0.996 s=51.4
arm=single+special:2 ce=1.4302 acc=0.700 retained=0.999 retained_trunc=0.997 s=45.6
arm=single+special:3 ce=1.4478 acc=0.694 retained=0.998 retained_trunc=0.993 s=50.5
arm=single+special:4 ce=1.4300 acc=0.698 retained=0.999 retained_trunc=0.997 s=45.3
arm=single+special:5 ce=1.4507 acc=0.693 retained=0.998 retained_trunc=0.993 s=50.8
arm=single+special:6 ce=1.4283 acc=0.699 retained=0.999 retained_trunc=0.997 s=45.6
arm=single+special:7 ce=1.4890 acc=0.689 retained=0.997 retained_trunc=0.985 s=50.8
arm=single+special:8 ce=1.4358 acc=0.697 retained=0.999 retained_trunc=0.996 s=45.7
arm=single+special:9 ce=1.4288 acc=0.696 retained=0.999 retained_trunc=0.997 s=52.0
arm=single+special:10 ce=1.4628 acc=0.692 retained=0.998 retained_trunc=0.990 s=45.6
arm=single+special:11 ce=1.4633 acc=0.692 retained=0.998 retained_trunc=0.990 s=50.4
arm=single+special:12 ce=1.4366 acc=0.696 retained=0.999 retained_trunc=0.996 s=45.3
arm=single+special:13 ce=1.5062 acc=0.687 retained=0.996 retained_trunc=0.982 s=50.7
arm=single+special:14 ce=1.4447 acc=0.694 retained=0.999 retained_trunc=0.994 s=45.2
arm=single+special:15 ce=1.4402 acc=0.696 retained=0.999 retained_trunc=0.995 s=50.2
arm=single+special:16 ce=1.4856 acc=0.690 retained=0.997 retained_trunc=0.986 s=45.1
arm=single+special:17 ce=1.5046 acc=0.686 retained=0.996 retained_trunc=0.982 s=50.8
arm=single+special:18 ce=1.4691 acc=0.692 retained=0.998 retained_trunc=0.989 s=45.2
arm=single+special:19 ce=1.4499 acc=0.694 retained=0.998 retained_trunc=0.993 s=49.8
arm=single+special:20 ce=1.4530 acc=0.696 retained=0.998 retained_trunc=0.992 s=45.0
arm=single+special:21 ce=1.4511 acc=0.687 retained=0.998 retained_trunc=0.993 s=51.7
done -> results/mb.json
