Warning: You are sending unauthenticated requests to the HF Hub. Please set a HF_TOKEN to enable higher rate limits and faster downloads.
Loading weights:   0%|          | 0/86 [00:00<?, ?it/s]Loading weights: 100%|██████████| 86/86 [00:00<00:00, 14294.61it/s]
arm=bidir step=0 tokens=0 train=None eval_ce=8.8715 eval_acc=0.027 s=6.5
arm=bidir step=50 loss=6.3620
arm=bidir step=100 loss=5.1340
arm=bidir step=150 loss=4.4432
arm=bidir step=200 loss=4.0195
arm=bidir step=250 loss=3.9242
arm=bidir step=250 tokens=1024000 train=5.2073 eval_ce=3.7889 eval_acc=0.359 s=306.4
arm=bidir step=300 loss=3.8192
arm=bidir step=350 loss=3.8914
arm=bidir step=400 loss=4.3785
arm=bidir step=450 loss=3.6011
arm=bidir step=500 loss=3.9052
arm=bidir step=500 tokens=2048000 train=3.7057 eval_ce=3.4063 eval_acc=0.408 s=607.5
arm=bidir step=550 loss=3.3188
arm=bidir step=600 loss=3.4193
arm=bidir step=650 loss=3.4388
arm=bidir step=700 loss=3.1361
arm=bidir step=750 loss=3.2948
arm=bidir step=750 tokens=3072000 train=3.4523 eval_ce=3.2225 eval_acc=0.430 s=907.0
arm=bidir step=800 loss=2.9510
arm=bidir step=850 loss=3.6704
arm=bidir step=900 loss=3.3464
arm=bidir step=950 loss=3.7717
arm=bidir step=1000 loss=3.2628
arm=bidir step=1000 tokens=4096000 train=3.3015 eval_ce=3.1060 eval_acc=0.448 s=1207.1
arm=bidir step=1050 loss=3.4256
arm=bidir step=1100 loss=3.7224
arm=bidir step=1150 loss=3.4852
arm=bidir step=1200 loss=2.8005
arm=bidir step=1250 loss=3.2880
arm=bidir step=1250 tokens=5120000 train=3.2334 eval_ce=3.0296 eval_acc=0.456 s=1507.2
arm=bidir step=1300 loss=2.9631
arm=bidir step=1350 loss=3.0844
arm=bidir step=1400 loss=2.8596
arm=bidir step=1450 loss=3.0595
arm=bidir step=1465 tokens=6000640 train=3.1591 eval_ce=2.9958 eval_acc=0.460 s=1766.0
done -> results/adapt/bidir.json
