Warning: You are sending unauthenticated requests to the HF Hub. Please set a HF_TOKEN to enable higher rate limits and faster downloads.
Loading weights:   0%|          | 0/86 [00:00<?, ?it/s]Loading weights: 100%|██████████| 86/86 [00:00<00:00, 8514.14it/s]
arm=both step=0 tokens=0 train=None eval_ce=8.3273 eval_acc=0.025 s=6.4
arm=both step=50 loss=4.3844
arm=both step=100 loss=4.1260
arm=both step=150 loss=3.9766
arm=both step=200 loss=3.7461
arm=both step=250 loss=3.6421
arm=both step=250 tokens=1024000 train=4.4298 eval_ce=3.5553 eval_acc=0.385 s=304.7
arm=both step=300 loss=3.5692
arm=both step=350 loss=3.7866
arm=both step=400 loss=4.2668
arm=both step=450 loss=3.4579
arm=both step=500 loss=3.7156
arm=both step=500 tokens=2048000 train=3.5468 eval_ce=3.2882 eval_acc=0.421 s=605.3
arm=both step=550 loss=3.2703
arm=both step=600 loss=3.2997
arm=both step=650 loss=3.3953
arm=both step=700 loss=3.0773
arm=both step=750 loss=3.2217
arm=both step=750 tokens=3072000 train=3.3517 eval_ce=3.1502 eval_acc=0.439 s=906.2
arm=both step=800 loss=2.8742
arm=both step=850 loss=3.6190
arm=both step=900 loss=3.3201
arm=both step=950 loss=3.6958
arm=both step=1000 loss=3.1881
arm=both step=1000 tokens=4096000 train=3.2189 eval_ce=3.0392 eval_acc=0.457 s=1205.0
arm=both step=1050 loss=3.4033
arm=both step=1100 loss=3.6526
arm=both step=1150 loss=3.3698
arm=both step=1200 loss=2.7746
arm=both step=1250 loss=3.1959
arm=both step=1250 tokens=5120000 train=3.1636 eval_ce=2.9753 eval_acc=0.461 s=1506.5
arm=both step=1300 loss=2.8733
arm=both step=1350 loss=2.9900
arm=both step=1400 loss=2.8098
arm=both step=1450 loss=2.9802
arm=both step=1465 tokens=6000640 train=3.0965 eval_ce=2.9456 eval_acc=0.467 s=1765.5
done -> results/adapt/both.json
