Warning: You are sending unauthenticated requests to the HF Hub. Please set a HF_TOKEN to enable higher rate limits and faster downloads.
Loading weights:   0%|          | 0/86 [00:00<?, ?it/s]Loading weights: 100%|██████████| 86/86 [00:00<00:00, 9446.38it/s]
arm=causal step=0 tokens=0 train=None eval_ce=7.2495 eval_acc=0.081 s=7.4
arm=causal step=50 loss=4.4621
arm=causal step=100 loss=4.7168
arm=causal step=150 loss=4.7852
arm=causal step=200 loss=4.6017
arm=causal step=250 loss=4.4883
arm=causal step=250 tokens=1024000 train=4.8761 eval_ce=4.4790 eval_acc=0.281 s=318.8
arm=causal step=300 loss=4.4312
arm=causal step=350 loss=4.6338
arm=causal step=400 loss=5.3122
arm=causal step=450 loss=4.3209
arm=causal step=500 loss=4.7554
arm=causal step=500 tokens=2048000 train=4.5428 eval_ce=4.3621 eval_acc=0.286 s=622.4
arm=causal step=550 loss=4.2041
arm=causal step=600 loss=4.5270
arm=causal step=650 loss=4.4711
arm=causal step=700 loss=4.4231
arm=causal step=750 loss=4.3753
arm=causal step=750 tokens=3072000 train=4.4527 eval_ce=4.3076 eval_acc=0.294 s=923.5
arm=causal step=800 loss=3.9629
arm=causal step=850 loss=4.6439
arm=causal step=900 loss=4.4672
arm=causal step=950 loss=4.7294
arm=causal step=1000 loss=4.5136
arm=causal step=1000 tokens=4096000 train=4.3930 eval_ce=4.2513 eval_acc=0.303 s=1225.4
arm=causal step=1050 loss=4.6464
arm=causal step=1100 loss=5.0168
arm=causal step=1150 loss=4.6114
arm=causal step=1200 loss=3.8161
arm=causal step=1250 loss=4.5201
arm=causal step=1250 tokens=5120000 train=4.3677 eval_ce=4.2009 eval_acc=0.305 s=1526.0
arm=causal step=1300 loss=4.2092
arm=causal step=1350 loss=4.2115
arm=causal step=1400 loss=3.9597
arm=causal step=1450 loss=4.1144
arm=causal step=1465 tokens=6000640 train=4.3138 eval_ce=4.1808 eval_acc=0.307 s=1784.6
done -> results/adapt/causal.json
