Warning: You are sending unauthenticated requests to the HF Hub. Please set a HF_TOKEN to enable higher rate limits and faster downloads.
Loading weights:   0%|          | 0/86 [00:00<?, ?it/s]Loading weights: 100%|██████████| 86/86 [00:00<00:00, 18877.44it/s]
arm=global step=0 tokens=0 train=None eval_ce=11.6493 eval_acc=0.005 s=6.4
arm=global step=50 loss=4.2549
arm=global step=100 loss=4.0972
arm=global step=150 loss=3.9081
arm=global step=200 loss=3.7571
arm=global step=250 loss=3.6370
arm=global step=250 tokens=1024000 train=4.4190 eval_ce=3.5387 eval_acc=0.389 s=311.3
arm=global step=300 loss=3.5726
arm=global step=350 loss=3.7832
arm=global step=400 loss=4.2438
arm=global step=450 loss=3.4130
arm=global step=500 loss=3.7297
arm=global step=500 tokens=2048000 train=3.5404 eval_ce=3.2818 eval_acc=0.424 s=612.6
arm=global step=550 loss=3.2607
arm=global step=600 loss=3.3101
arm=global step=650 loss=3.4195
arm=global step=700 loss=3.0915
arm=global step=750 loss=3.2364
arm=global step=750 tokens=3072000 train=3.3534 eval_ce=3.1380 eval_acc=0.445 s=911.0
arm=global step=800 loss=2.8841
arm=global step=850 loss=3.5928
arm=global step=900 loss=3.3195
arm=global step=950 loss=3.6836
arm=global step=1000 loss=3.1966
arm=global step=1000 tokens=4096000 train=3.2261 eval_ce=3.0330 eval_acc=0.461 s=1209.7
arm=global step=1050 loss=3.3226
arm=global step=1100 loss=3.7034
arm=global step=1150 loss=3.3876
arm=global step=1200 loss=2.7883
arm=global step=1250 loss=3.2232
arm=global step=1250 tokens=5120000 train=3.1732 eval_ce=2.9772 eval_acc=0.470 s=1511.9
arm=global step=1300 loss=2.9475
arm=global step=1350 loss=3.0205
arm=global step=1400 loss=2.8107
arm=global step=1450 loss=2.9838
arm=global step=1465 tokens=6000640 train=3.1080 eval_ce=2.9445 eval_acc=0.470 s=1771.2
done -> results/adapt/global.json
