Warning: You are sending unauthenticated requests to the HF Hub. Please set a HF_TOKEN to enable higher rate limits and faster downloads.
Loading weights:   0%|          | 0/86 [00:00<?, ?it/s]Loading weights: 100%|██████████| 86/86 [00:00<00:00, 10701.34it/s]
arm=look8 step=0 tokens=0 train=None eval_ce=8.5614 eval_acc=0.020 s=6.4
arm=look8 step=50 loss=4.5198
arm=look8 step=100 loss=4.3391
arm=look8 step=150 loss=4.2366
arm=look8 step=200 loss=3.9426
arm=look8 step=250 loss=3.9018
arm=look8 step=250 tokens=1024000 train=4.6193 eval_ce=3.7574 eval_acc=0.358 s=310.6
arm=look8 step=300 loss=3.7519
arm=look8 step=350 loss=3.9154
arm=look8 step=400 loss=4.3961
arm=look8 step=450 loss=3.5594
arm=look8 step=500 loss=3.9273
arm=look8 step=500 tokens=2048000 train=3.7488 eval_ce=3.5059 eval_acc=0.395 s=611.9
arm=look8 step=550 loss=3.4220
arm=look8 step=600 loss=3.4865
arm=look8 step=650 loss=3.6264
arm=look8 step=700 loss=3.4708
arm=look8 step=750 loss=3.5007
arm=look8 step=750 tokens=3072000 train=3.5626 eval_ce=3.3670 eval_acc=0.410 s=914.3
arm=look8 step=800 loss=3.0397
arm=look8 step=850 loss=3.7694
arm=look8 step=900 loss=3.5077
arm=look8 step=950 loss=3.7517
arm=look8 step=1000 loss=3.4403
arm=look8 step=1000 tokens=4096000 train=3.4409 eval_ce=3.2637 eval_acc=0.425 s=1212.9
arm=look8 step=1050 loss=3.7122
arm=look8 step=1100 loss=3.9608
arm=look8 step=1150 loss=3.7257
arm=look8 step=1200 loss=2.8923
arm=look8 step=1250 loss=3.5076
arm=look8 step=1250 tokens=5120000 train=3.3851 eval_ce=3.1920 eval_acc=0.434 s=1512.6
arm=look8 step=1300 loss=3.1101
arm=look8 step=1350 loss=3.2109
arm=look8 step=1400 loss=2.9877
arm=look8 step=1450 loss=3.0988
arm=look8 step=1465 tokens=6000640 train=3.3179 eval_ce=3.1639 eval_acc=0.433 s=1771.1
done -> results/adapt/look8.json
