django__django-11477 True 14.5
django__django-10999 False 14.9
django__django-11400 False 14.9
django__django-11820 False 18.0
django__django-11790 True 19.2
django__django-11728 False 26.6
django__django-12325 True 9.8
django__django-13212 False 10.9
django__django-13406 True 10.7
django__django-13794 True 21.5
django__django-14034 False 21.0
django__django-13513 False 31.5
django__django-14155 False 13.9
django__django-14170 False 15.5
django__django-14376 False 9.2
django__django-14534 False 12.4
django__django-16256 False 13.3
sympy__sympy-13852 False 6.5
django__django-16667 False 14.2
GRADED 19: resolved 5
django__django-11734 False 15.3
django__django-15022 False 15.3
django__django-15098 False 15.3
django__django-16263 False 16.4
django__django-15732 True 21.5
django__django-15252 False 20.8
django__django-16502 False 11.4
sympy__sympy-15017 False 12.5
sympy__sympy-13974 True 14.8
sympy__sympy-19495 False 16.5
sympy__sympy-18763 False 31.8
sympy__sympy-20428 False 74.8
sympy__sympy-20916 True 11.4
sympy__sympy-21596 False 44.5
sympy__sympy-20438 False 133.0
sympy__sympy-22080 False 14.3
sympy__sympy-21930 False 32.3
sympy__sympy-18199 False 239.9
GRADED 37: resolved 8
