django__django-10999 True 6.6
django__django-11400 True 7.8
django__django-11477 True 8.5
django__django-11728 True 9.2
django__django-11734 True 9.6
django__django-11790 True 7.6
django__django-11820 True 5.8
django__django-12325 True 7.3
django__django-13212 True 7.0
django__django-13406 True 5.5
django__django-13513 True 8.5
django__django-13794 True 6.2
django__django-14034 True 6.3
django__django-14170 True 6.3
django__django-14376 True 4.8
django__django-14534 True 6.6
GRADED 16: resolved 16
django__django-14155 True 10.2
django__django-15022 True 8.9
django__django-15098 True 10.9
django__django-15252 True 11.2
django__django-15732 True 10.2
django__django-16256 True 5.2
django__django-16263 False 6.7
django__django-16502 True 7.0
django__django-16667 True 7.2
sympy__sympy-13852 True 11.2
sympy__sympy-13974 True 13.2
sympy__sympy-15017 True 12.1
sympy__sympy-18199 False 234.6
sympy__sympy-18698 True 22.1
sympy__sympy-18763 False 10.3
sympy__sympy-19495 True 6.1
sympy__sympy-20428 True 35.1
sympy__sympy-20438 False 69.0
sympy__sympy-20916 True 4.6
sympy__sympy-21596 True 18.9
sympy__sympy-21930 True 24.3
sympy__sympy-22080 True 12.1
GRADED 38: resolved 34
sympy__sympy-16597 False 21.4
GRADED 39: resolved 34
