oundError: No module named 'tzdata'

/opt/uvpy/cpython-3.10.20-linux-x86_64-gnu/lib/python3.10/importlib/__init__.py:126: ModuleNotFoundError

During handling of the above exception, another exception occurred:

self = <tests.test_support.TestFormat object at 0x7fe330b8db40>
timezone_getter = <class 'zoneinfo.ZoneInfo'>

    def test_format_time(self, timezone_getter):
        when = datetime.datetime(2007, 4, 1, 15, 30)
>       fmt = support.Format('en_US', tzinfo=timezone_getter('US/Eastern'))

tests/test_support.py:308: 
_ _ _ _ _ _ _ _ _ _ _ _ _ _ _ _ _ _ _ _ _ _ _ _ _ _ _ _ _ _ _ _ _ _ _ _ _ _ _ _ 

key = 'US/Eastern'

    def load_tzdata(key):
        import importlib.resources
    
        components = key.split("/")
        package_name = ".".join(["tzdata.zoneinfo"] + components[:-1])
        resource_name = components[-1]
    
        try:
            return importlib.resources.open_binary(package_name, resource_name)
        except (ImportError, FileNotFoundError, UnicodeEncodeError):
            # There are three types of exception that can be raised that all amount
            # to "we cannot find this key":
            #
            # ImportError: If package_name doesn't exist (e.g. if tzdata is not
            #   installed, or if there's an error in the folder name like
            #   Amrica/New_York)
            # FileNotFoundError: If resource_name doesn't exist in the package
            #   (e.g. Europe/Krasnoy)
            # UnicodeEncodeError: If package_name or resource_name are not UTF-8,
            #   such as keys containing a surrogate character.
>           raise ZoneInfoNotFoundError(f"No time zone found with key {key}")
E           zoneinfo._common.ZoneInfoNotFoundError: 'No time zone found with key US/Eastern'

/opt/uvpy/cpython-3.10.20-linux-x86_64-gnu/lib/python3.10/zoneinfo/_common.py:24: ZoneInfoNotFoundError
=============================== warnings summary ===============================
tests/messages/test_extract.py::ExtractTestCase::test_invalid_extract_method
  /tmp/jail/c0/work/grade-f-solo/babel/babel/messages/extract.py:305: DeprecationWarning: SelectableGroups dict interface is deprecated. Use select.
    for entry_point in entry_points().get(GROUP_NAME, []) if isinstance(entry_points(), dict) else \

-- Docs: https://docs.pytest.org/en/stable/how-to/capture-warnings.html
---- generated xml file: /tmp/jail/c0/work/grade-f-solo/babel/.c0-junit.xml ----
=========================== short test summary info ============================
FAILED tests/messages/test_setuptools_frontend.py::test_setuptools_commands
FAILED tests/test_dates.py::test_format_datetime[zoneinfo.ZoneInfo] - zoneinf...
FAILED tests/test_dates.py::test_format_time[zoneinfo.ZoneInfo] - zoneinfo._c...
FAILED tests/test_support.py::TestFormat::test_format_datetime[zoneinfo.ZoneInfo]
FAILED tests/test_support.py::TestFormat::test_format_time[zoneinfo.ZoneInfo]
============ 5 failed, 6699 passed, 5 skipped, 1 warning in 13.26s =============
