---
Name (time in us)           Min                   Max                Mean              StdDev              Median                IQR            Outliers  OPS (Kops/s)            Rounds  Iterations
----------------------------------------------------------------------------------------------------------------------------------------------------------------------------------------------------
test_store_sim         230.7190 (1.0)      8,241.0480 (6.16)     292.1888 (1.0)      181.9491 (2.92)     252.5240 (1.0)      63.4400 (2.13)       81;277        3.4224 (1.0)        2946           1
test_container_sim     263.0880 (1.14)     1,338.8220 (1.0)      303.3045 (1.04)      62.2265 (1.0)      282.5660 (1.12)     29.7790 (1.0)       233;286        3.2970 (0.96)       2669           1
test_resource_sim      297.9690 (1.29)     3,384.2880 (2.53)     379.3244 (1.30)     122.5918 (1.97)     334.6290 (1.33)     92.5720 (3.11)      338;228        2.6363 (0.77)       2277           1
----------------------------------------------------------------------------------------------------------------------------------------------------------------------------------------------------

------------------------------------------------------------------------------------ benchmark 'targeted': 3 tests ------------------------------------------------------------------------------------
Name (time in us)              Min                   Max                Mean              StdDev              Median                IQR            Outliers  OPS (Kops/s)            Rounds  Iterations
-------------------------------------------------------------------------------------------------------------------------------------------------------------------------------------------------------
test_condition_wait       245.7700 (1.0)      2,625.6270 (4.26)     292.4843 (1.0)      103.5561 (2.38)     259.4160 (1.0)      35.8575 (1.01)      256;351        3.4190 (1.0)        3225           1
test_wait_for_proc        281.6800 (1.15)     1,495.6180 (2.43)     324.6552 (1.11)      65.7018 (1.51)     299.3150 (1.15)     35.4635 (1.0)       243;267        3.0802 (0.90)       2488           1
test_condition_events     297.5100 (1.21)       616.3020 (1.0)      337.7995 (1.15)      43.4251 (1.0)      320.6760 (1.24)     38.4130 (1.08)        78;45        2.9603 (0.87)        666           1
-------------------------------------------------------------------------------------------------------------------------------------------------------------------------------------------------------

Legend:
  Outliers: 1 Standard Deviation from Mean; 1.5 IQR (InterQuartile Range) from 1st Quartile and 3rd Quartile.
  OPS: Operations Per Second, computed as 1 / Mean
=========================== short test summary info ============================
FAILED tests/test_version.py::test_simpy_version - AttributeError: module 'si...
======================== 1 failed, 149 passed in 9.99s =========================
