f optimizers has been found which can achieve the maximum.
SKIPPED [1] statsmodels/tsa/statespace/tests/test_varmax.py:699: Known failure: standard errors do not match.
SKIPPED [1] statsmodels/tsa/statespace/tests/test_varmax.py:704: Known failure: standard errors do not match.
SKIPPED [1] statsmodels/tsa/statespace/tests/test_varmax.py:798: Known failure: standard errors do not match.
SKIPPED [1] statsmodels/tsa/statespace/tests/test_varmax.py:803: Known failure: standard errors do not match.
SKIPPED [1] statsmodels/base/tests/test_generic_methods.py:317: Override since cannot remove the only regressor
SKIPPED [1] statsmodels/discrete/tests/test_discrete.py:894: Skipped test_f_test for MNLogit
SKIPPED [1] statsmodels/tsa/regime_switching/tests/test_markov_autoregression.py:841: unconditional skip
SKIPPED [1] statsmodels/tsa/regime_switching/tests/test_markov_autoregression.py:845: unconditional skip
SKIPPED [1] statsmodels/tsa/regime_switching/tests/test_markov_autoregression.py:886: unconditional skip
SKIPPED [1] statsmodels/tsa/regime_switching/tests/test_markov_autoregression.py:890: unconditional skip
SKIPPED [1] statsmodels/tsa/regime_switching/tests/test_markov_autoregression.py:803: unconditional skip
SKIPPED [2] statsmodels/stats/tests/test_power.py:92: skip FTestPower plot_power
SKIPPED [1] statsmodels/tsa/statespace/tests/test_dynamic_factor_mq_monte_carlo.py:145: Monte carlo test, very slow, kept for manual runs
SKIPPED [1] statsmodels/tsa/statespace/tests/test_dynamic_factor_mq_monte_carlo.py:384: Monte carlo test, very slow, kept for manual runs
SKIPPED [1] statsmodels/tsa/statespace/tests/test_dynamic_factor_mq_monte_carlo.py:478: Monte carlo test, very slow, kept for manual runs
SKIPPED [1] statsmodels/datasets/tests/test_utils.py:24: Unable to retrieve file - skipping test
SKIPPED [1] statsmodels/datasets/tests/test_utils.py:61: Unable to retrieve file - skipping test
SKIPPED [1] statsmodels/datasets/tests/test_utils.py:78: Unable to retrieve file - skipping test
SKIPPED [2] statsmodels/tsa/statespace/tests/test_kalman.py:184: Not implemented
SKIPPED [2] statsmodels/tsa/statespace/tests/test_kalman.py:196: Not implemented
SKIPPED [1] statsmodels/tsa/statespace/tests/test_kalman.py:224: Not implemented
SKIPPED [1] statsmodels/tsa/statespace/tests/test_kalman.py:230: Not implemented
SKIPPED [1] statsmodels/tsa/statespace/tests/test_kalman.py:276: Not implemented
SKIPPED [1] statsmodels/tsa/statespace/tests/test_kalman.py:282: Not implemented
SKIPPED [1] statsmodels/tsa/statespace/tests/test_representation.py:98: Not implemented
SKIPPED [1] statsmodels/tsa/statespace/tests/test_representation.py:104: Not implemented
SKIPPED [2] statsmodels/tsa/statespace/tests/test_representation.py: Not implemented
SKIPPED [1] statsmodels/discrete/tests/test_discrete.py:687: Skipped test_cvxopt since cvxopt is not available
= 9583 failed, 1345 passed, 305 skipped, 33 xfailed, 345 warnings, 5873 errors in 1337.47s (0:22:17) =
Copy on Write disabled
