Loaded 2 anchors from anchors.json
  anchor 2603.21852: cached
  anchor 2305.01582: cached
  saved anchor_run_filtered/data/anchor_meta.json
  reformulations 2603.21852: cached (6)
  reformulations 2305.01582: cached (6)
  saved anchor_run_filtered/data/anchor_reformulations.json
  [2603.21852] recommendations…
  [2603.21852] bulk-search 'symbolic regression exact formula recovery'…
  [2603.21852] bulk-search 'neural network function approximation basis'…
  [2603.21852] bulk-search 'gradient-based symbolic optimization'…
  [2603.21852] bulk-search 'universal function approximators minimal basis'…
  [2603.21852] bulk-search 'computational graph elementary functions'…
  [2603.21852] bulk-search 'learnable mathematical expression discovery'…
  [2603.21852] union: 273 unique arxiv candidates
  saved anchor_run_filtered/data/anchor_candidates_raw.json
  [2305.01582] recommendations…
  [2305.01582] bulk-search 'operator basis function decomposition'…
  [2305.01582] bulk-search 'evolutionary algorithm convergence theory'…
  [2305.01582] bulk-search 'symbolic expression complexity bounds'…
  [2305.01582] bulk-search 'universal approximation Stone-Weierstrass'…
  [2305.01582] bulk-search 'sparse regression information theory'…
  [2305.01582] bulk-search 'empirical process theory statistics'…
  [2305.01582] union: 360 unique arxiv candidates
  saved anchor_run_filtered/data/anchor_candidates_raw.json
  [2603.21852] fetching citation graph (citations + references)…
    citers: 3 papers, 6 unique authors
    cited:  43 papers, 130 unique authors
  retry 1/8 after 1.3s: S2 429: {"message": "Too Many Requests. Please wait and try again or apply for a key for higher rate limits. https://www.semanticscholar.org/product/api#api-key-form", "code": "429"}
  saved anchor_run_filtered/data/anchor_exclusions.json
  [2305.01582] fetching citation graph (citations + references)…
    citers: 86 papers, 342 unique authors
    cited:  94 papers, 553 unique authors
  saved anchor_run_filtered/data/anchor_exclusions.json
  [2603.21852] citation+author dedup: 273 → 272 (arxiv:0 pid:0 author:1)
  [2305.01582] citation+author dedup: 360 → 353 (arxiv:0 pid:0 author:7)
  TOTAL after dedup: 633 → 625
  saved anchor_run_filtered/data/anchor_candidates_filtered.json
  [2603.21852] 272 with vectors → kept top 80
  [2305.01582] 353 with vectors → kept top 80
  saved anchor_run_filtered/data/te_candidates.json
  saved anchor_run_filtered/data/empirical_meta.json
  saved anchor_run_filtered/data/theory_meta.json

Done: 160 candidate pairs in te_candidates.json
