============================= test session starts ==============================
platform linux -- Python 3.12.13, pytest-9.1.1, pluggy-1.6.0
rootdir: /tmp/jail/c0/work/grade-c-solo/aseprite
configfile: pyproject.toml
plugins: platformdirs-4.12.4, hypothesis-6.168.5
collected 308 items

tests/test_api.py ............................................           [ 14%]
tests/test_binary.py .........                                           [ 17%]
tests/test_cli.py ..........                                             [ 20%]
tests/test_compression.py .....................                          [ 27%]
tests/test_editor.py ss.ssssssssssssssssssssssssssssssssssssssssssssss   [ 43%]
tests/test_editor_launch.py .........                                    [ 46%]
tests/test_errors.py ...........................................         [ 60%]
tests/test_header.py .                                                   [ 60%]
tests/test_properties.py ......                                          [ 62%]
tests/test_regressions.py ..................                             [ 68%]
tests/test_render.py ................................................... [ 84%]
........................                                                 [ 92%]
tests/test_roundtrip.py .......................                          [100%]

-- generated xml file: /tmp/jail/c0/work/grade-c-solo/aseprite/.c0-junit.xml ---
======================= 260 passed, 48 skipped in 6.77s ========================
