============================= test session starts ==============================
platform linux -- Python 3.12.13, pytest-9.1.1, pluggy-1.6.0
rootdir: /tmp/jail/c0/work/grade-c-solo/verifactu-lint
configfile: pyproject.toml
plugins: platformdirs-4.12.4, hypothesis-6.168.5
collected 254 items

tests/test_action.py .......                                             [  2%]
tests/test_cli.py ............                                           [  7%]
tests/test_desglose.py ................................................. [ 26%]
..........                                                               [ 30%]
tests/test_esquemas.py .......                                           [ 33%]
tests/test_estructura.py ....................                            [ 41%]
tests/test_eventos.py ..................................                 [ 54%]
tests/test_historico.py .......                                          [ 57%]
tests/test_huella.py ........................                            [ 66%]
tests/test_interoperabilidad.py .............                            [ 72%]
tests/test_rectificacion.py .......................                      [ 81%]
tests/test_reglas.py ................................                    [ 93%]
tests/test_workflows.py ................                                 [100%]

- generated xml file: /tmp/jail/c0/work/grade-c-solo/verifactu-lint/.c0-junit.xml -
============================= 254 passed in 1.54s ==============================
