long'
FAILED tests/test_smoke.py::test_smoke_units[asa] - KeyError: 'long'
FAILED tests/test_smoke.py::test_smoke_units[guz_KE] - KeyError: 'long'
FAILED tests/test_smoke.py::test_smoke_units[agq] - KeyError: 'long'
FAILED tests/test_smoke.py::test_smoke_units[sid] - KeyError: 'long'
FAILED tests/test_smoke.py::test_smoke_units[kln] - KeyError: 'long'
FAILED tests/test_smoke.py::test_smoke_units[bgn_AE] - KeyError: 'long'
FAILED tests/test_smoke.py::test_smoke_units[cic_US] - KeyError: 'long'
FAILED tests/test_smoke.py::test_smoke_units[ts_ZA] - KeyError: 'long'
FAILED tests/test_smoke.py::test_smoke_units[seh_MZ] - KeyError: 'long'
FAILED tests/test_smoke.py::test_smoke_units[ak_GH] - KeyError: 'long'
FAILED tests/test_smoke.py::test_smoke_units[wae_CH] - KeyError: 'long'
FAILED tests/test_smoke.py::test_smoke_units[nso_ZA] - KeyError: 'long'
FAILED tests/test_smoke.py::test_smoke_units[lkt] - KeyError: 'long'
FAILED tests/test_smoke.py::test_smoke_units[ve] - KeyError: 'long'
FAILED tests/test_smoke.py::test_smoke_units[az_Cyrl] - KeyError: 'long'
FAILED tests/test_smoke.py::test_smoke_units[lu] - KeyError: 'long'
FAILED tests/test_smoke.py::test_smoke_units[kpe] - KeyError: 'long'
FAILED tests/test_smoke.py::test_smoke_units[moh] - KeyError: 'long'
FAILED tests/test_smoke.py::test_smoke_units[cv] - KeyError: 'long'
FAILED tests/test_smoke.py::test_smoke_units[ssy] - KeyError: 'long'
FAILED tests/test_smoke.py::test_smoke_units[wbp_AU] - KeyError: 'long'
FAILED tests/test_smoke.py::test_smoke_units[mn_Mong_MN] - KeyError: 'long'
FAILED tests/test_smoke.py::test_smoke_units[mfe] - KeyError: 'long'
FAILED tests/test_smoke.py::test_smoke_units[rhg_Rohg] - KeyError: 'long'
FAILED tests/test_smoke.py::test_smoke_units[az_Arab_TR] - KeyError: 'long'
FAILED tests/test_smoke.py::test_smoke_units[mni_Beng_IN] - KeyError: 'long'
FAILED tests/test_smoke.py::test_smoke_units[ks_Arab_IN] - KeyError: 'long'
FAILED tests/test_smoke.py::test_smoke_units[kw] - KeyError: 'long'
FAILED tests/test_smoke.py::test_smoke_units[ff_Latn] - KeyError: 'long'
FAILED tests/test_smoke.py::test_smoke_units[om] - KeyError: 'long'
FAILED tests/test_smoke.py::test_smoke_units[haw] - KeyError: 'long'
FAILED tests/test_smoke.py::test_smoke_units[wo_SN] - KeyError: 'long'
FAILED tests/test_smoke.py::test_smoke_units[mt] - KeyError: 'long'
FAILED tests/test_smoke.py::test_smoke_units[ken] - KeyError: 'long'
FAILED tests/test_smoke.py::test_smoke_units[bal_Arab_PK] - KeyError: 'long'
FAILED tests/test_smoke.py::test_smoke_units[scn_IT] - KeyError: 'long'
FAILED tests/test_smoke.py::test_smoke_units[dua] - KeyError: 'long'
FAILED tests/test_smoke.py::test_smoke_units[bgc_IN] - KeyError: 'long'
FAILED tests/test_smoke.py::test_smoke_units[mg_MG] - KeyError: 'long'
FAILED tests/test_smoke.py::test_smoke_units[rw_RW] - KeyError: 'long'
FAILED tests/test_smoke.py::test_smoke_units[pis_SB] - KeyError: 'long'
=========== 1105 failed, 5599 passed, 5 skipped in 107.76s (0:01:47) ===========
