est.py::test_encoding_detection[tests/EUC-KR/epitaph.egloos.com.xml-euc-kr]
FAILED test.py::test_encoding_detection[tests/EUC-KR/jely.egloos.com.xml-euc-kr]
FAILED test.py::test_encoding_detection[tests/EUC-KR/console.linuxstudy.pe.kr.xml-euc-kr]
FAILED test.py::test_encoding_detection[tests/EUC-KR/jowchung.oolim.net.xml-euc-kr]
FAILED test.py::test_encoding_detection[tests/EUC-KR/birder.egloos.com.xml-euc-kr]
FAILED test.py::test_encoding_detection[tests/KOI8-R/aviaport.ru.xml-koi8-r]
FAILED test.py::test_encoding_detection[tests/KOI8-R/forum.template-toolkit.ru.6.xml-koi8-r]
FAILED test.py::test_encoding_detection[tests/KOI8-R/blog.mlmaster.com.xml-koi8-r]
FAILED test.py::test_encoding_detection[tests/KOI8-R/forum.template-toolkit.ru.8.xml-koi8-r]
FAILED test.py::test_encoding_detection[tests/KOI8-R/aug32.hole.ru.xml-koi8-r]
FAILED test.py::test_encoding_detection[tests/KOI8-R/susu.ac.ru.xml-koi8-r]
FAILED test.py::test_encoding_detection[tests/KOI8-R/newsru.com.xml-koi8-r]
FAILED test.py::test_encoding_detection[tests/KOI8-R/money.rin.ru.xml-koi8-r]
FAILED test.py::test_encoding_detection[tests/KOI8-R/janulalife.blogspot.com.xml-koi8-r]
FAILED test.py::test_encoding_detection[tests/KOI8-R/intertat.ru.xml-koi8-r]
FAILED test.py::test_encoding_detection[tests/KOI8-R/_chromium_KOI8-R_with_no_encoding_specified.html-koi8-r]
FAILED test.py::test_encoding_detection[tests/KOI8-R/forum.template-toolkit.ru.9.xml-koi8-r]
FAILED test.py::test_encoding_detection[tests/KOI8-R/music.peeps.ru.xml-koi8-r]
FAILED test.py::test_encoding_detection[tests/KOI8-R/greek.ru.xml-koi8-r] - N...
FAILED test.py::test_encoding_detection[tests/KOI8-R/aif.ru.health.xml-koi8-r]
FAILED test.py::test_encoding_detection[tests/KOI8-R/koi.kinder.ru.xml-koi8-r]
FAILED test.py::test_encoding_detection[tests/KOI8-R/kapranoff.ru.xml-koi8-r]
FAILED test.py::test_encoding_detection[tests/KOI8-R/forum.template-toolkit.ru.4.xml-koi8-r]
FAILED test.py::test_encoding_detection[tests/KOI8-R/forum.template-toolkit.ru.1.xml-koi8-r]
FAILED test.py::test_encoding_detection[tests/KOI8-R/_ude_1.txt-koi8-r] - Not...
FAILED test.py::test_encoding_detection[tests/iso-8859-1/_ude_6.txt-iso-8859-1]
FAILED test.py::test_encoding_detection[tests/iso-8859-1/_ude_2.txt-iso-8859-1]
FAILED test.py::test_encoding_detection[tests/iso-8859-1/_ude_4.txt-iso-8859-1]
FAILED test.py::test_encoding_detection[tests/iso-8859-1/_ude_5.txt-iso-8859-1]
FAILED test.py::test_encoding_detection[tests/iso-8859-1/_ude_3.txt-iso-8859-1]
FAILED test.py::test_encoding_detection[tests/iso-8859-1/_ude_1.txt-iso-8859-1]
FAILED test.py::test_encoding_detection[tests/CP932/www2.chuo-u.ac.jp-suishin.xml-cp932]
FAILED test.py::test_encoding_detection[tests/CP932/y-moto.com.xml-cp932] - N...
FAILED test.py::test_encoding_detection[tests/CP932/hardsoft.at.webry.info.xml-cp932]
FAILED test.py::test_detect_all_and_detect_one_should_agree - UnboundLocalErr...
================== 342 failed, 34 passed, 7 xfailed in 29.03s ==================
