us.py ...                                          [  9%]
tests/test_imap_utf7.py ...                                              [ 10%]
tests/test_imapclient.py ............................................... [ 28%]
..............F...............                                           [ 39%]
tests/test_init.py .......                                               [ 41%]
tests/test_response_lexer.py ..............                              [ 47%]
tests/test_response_parser.py .......................................... [ 62%]
.............                                                            [ 67%]
tests/test_search.py ....................                                [ 75%]
tests/test_sort.py ....                                                  [ 76%]
tests/test_starttls.py ....                                              [ 78%]
tests/test_store.py .........                                            [ 81%]
tests/test_thread.py ....                                                [ 83%]
tests/test_util_functions.py ........................................    [ 98%]
tests/test_version.py .....                                              [100%]

=================================== FAILURES ===================================
_________________ TestRawCommand.test_failed_continuation_wait _________________

self = <tests.test_imapclient.TestRawCommand testMethod=test_failed_continuation_wait>

    def test_failed_continuation_wait(self):
        self.client._imap._get_response.return_value = b"blah"
        self.client._imap.tagged_commands["tag"] = ("NO", ["go away"])
    
        expected_error = r"unexpected response while waiting for continuation response: \(u?'NO', \[u?'go away'\]\)"
        with self.assertRaisesRegex(IMAPClient.AbortError, expected_error):
>           self.client._raw_command(b"FOO", [b"\xff"])

tests/test_imapclient.py:1044: 
_ _ _ _ _ _ _ _ _ _ _ _ _ _ _ _ _ _ _ _ _ _ _ _ _ _ _ _ _ _ _ _ _ _ _ _ _ _ _ _ 
imapclient/imapclient.py:1619: in _raw_command
    self._send_literal(tag, arg)
_ _ _ _ _ _ _ _ _ _ _ _ _ _ _ _ _ _ _ _ _ _ _ _ _ _ _ _ _ _ _ _ _ _ _ _ _ _ _ _ 

    def _send_literal(self, tag, item):
        """Send a single literal for the command with *tag*."""
        if not self.has_capability('LITERAL+'):
            resp = self._imap._get_response()
            if resp is not None:
>               typ, data = self._imap.tagged_commands.pop(tag)
E               KeyError: b'tag'

imapclient/imapclient.py:1638: KeyError
------------------------------ Captured log call -------------------------------
DEBUG    imapclient.imapclient:imapclient.py:308 Connected to host somehost over SSL/TLS
- generated xml file: /tmp/jail/c0/work/grade-f-swarm/imapclient/.c0-junit.xml -
=========================== short test summary info ============================
FAILED tests/test_imapclient.py::TestRawCommand::test_failed_continuation_wait
======================== 1 failed, 266 passed in 0.78s =========================
