----------------------------------------------------------------------
test_store_sim         217.7760 (1.0)      2,364.1070 (2.64)     255.3113 (1.0)      88.4887 (1.27)     231.4425 (1.0)      36.8300 (1.0)       137;195        3.9168 (1.0)        2718           1
test_container_sim     257.5330 (1.18)       894.5520 (1.0)      314.4341 (1.23)     69.5541 (1.0)      292.0905 (1.26)     46.2120 (1.25)      317;314        3.1803 (0.81)       2402           1
test_resource_sim      294.8220 (1.35)     1,468.3230 (1.64)     365.9063 (1.43)     97.8963 (1.41)     331.5855 (1.43)     72.2430 (1.96)      278;216        2.7329 (0.70)       2056           1
---------------------------------------------------------------------------------------------------------------------------------------------------------------------------------------------------

------------------------------------------------------------------------------------ benchmark 'targeted': 3 tests -------------------------------------------------------------------------------------
Name (time in us)              Min                    Max                Mean              StdDev              Median                IQR            Outliers  OPS (Kops/s)            Rounds  Iterations
--------------------------------------------------------------------------------------------------------------------------------------------------------------------------------------------------------
test_condition_wait       245.4820 (1.0)      10,182.8300 (15.79)    282.8406 (1.0)      224.6155 (6.20)     255.3710 (1.0)      33.2475 (1.0)        34;147        3.5356 (1.0)        2489           1
test_wait_for_proc        276.9410 (1.13)        725.9320 (1.13)     308.4959 (1.09)      38.0575 (1.05)     292.3910 (1.14)     35.6143 (1.07)       170;87        3.2415 (0.92)       2189           1
test_condition_events     292.2720 (1.19)        644.8590 (1.0)      326.7193 (1.16)      36.2332 (1.0)      312.9070 (1.23)     33.8155 (1.02)        55;37        3.0607 (0.87)        628           1
--------------------------------------------------------------------------------------------------------------------------------------------------------------------------------------------------------

Legend:
  Outliers: 1 Standard Deviation from Mean; 1.5 IQR (InterQuartile Range) from 1st Quartile and 3rd Quartile.
  OPS: Operations Per Second, computed as 1 / Mean
=========================== short test summary info ============================
FAILED tests/test_rt.py::test_rt[0.1] - RuntimeError: Simulation too slow for...
FAILED tests/test_rt.py::test_rt[0.05] - RuntimeError: Simulation too slow fo...
FAILED tests/test_rt.py::test_rt[0.15] - RuntimeError: Simulation too slow fo...
FAILED tests/test_rt.py::test_rt_multiple_call - RuntimeError: Simulation too...
FAILED tests/test_version.py::test_simpy_version - AttributeError: module 'si...
======================== 5 failed, 145 passed in 8.35s =========================
