django__django-10880 True 5.0
django__django-10999 False 3.9
django__django-11163 True 6.2
django__django-11400 True 5.6
django__django-11477 True 6.1
django__django-11728 True 9.2
django__django-11734 False 7.4
django__django-11749 True 8.8
django__django-11790 True 11.8
django__django-11820 True 8.7
django__django-12050 True 6.1
django__django-12125 True 6.0
django__django-12193 True 6.3
django__django-12262 True 4.6
django__django-12308 True 5.4
django__django-12325 False 5.4
django__django-12419 True 5.2
django__django-12708 True 6.9
django__django-12774 True 6.1
django__django-12858 True 6.0
django__django-12965 True 8.8
django__django-13033 True 6.1
django__django-13109 True 7.8
django__django-13121 True 6.7
django__django-13212 False 6.6
django__django-13279 True 5.1
django__django-13363 True 6.5
django__django-13406 True 6.4
django__django-13513 True 10.8
django__django-13786 True 5.8
django__django-13794 True 5.8
django__django-13925 True 6.1
django__django-14007 True 6.0
django__django-14034 False 5.7
django__django-14155 False 7.1
django__django-14170 False 6.4
django__django-14349 True 6.7
django__django-14376 True 6.1
django__django-14534 True 6.1
django__django-14672 True 6.9
django__django-15022 True 8.1
django__django-15098 False 7.6
django__django-15161 True 6.5
django__django-15252 False 8.2
django__django-15732 True 7.7
django__django-15863 True 5.8
django__django-15930 True 5.8
django__django-15987 True 7.1
django__django-16082 True 6.6
django__django-16256 True 7.1
django__django-16263 False 6.9
django__django-16502 False 6.0
django__django-16667 False 7.0
sympy__sympy-13852 False 3.9
sympy__sympy-13974 True 3.8
sympy__sympy-15017 False 3.5
sympy__sympy-18199 False 123.2
sympy__sympy-18698 True 16.9
sympy__sympy-18763 False 8.6
sympy__sympy-19495 True 4.8
sympy__sympy-20428 False 20.5
sympy__sympy-20438 False 45.2
sympy__sympy-20916 True 5.3
sympy__sympy-21596 False 17.9
sympy__sympy-21930 False 22.5
sympy__sympy-22080 False 12.1
GRADED 66: resolved 45
django__django-12273 True 4.6
django__django-15037 True 4.6
django__django-15503 True 4.1
django__django-15128 True 5.7
django__django-15563 True 3.4
django__django-16595 True 4.1
django__django-16662 True 4.7
django__django-16819 True 4.2
django__django-17029 True 4.3
sympy__sympy-12096 True 3.9
sympy__sympy-14976 True 4.1
sympy__sympy-14711 True 5.7
sympy__sympy-16766 True 4.2
sympy__sympy-16886 True 6.0
django__django-14608 True 45.1
sympy__sympy-19637 True 4.4
sympy__sympy-20590 True 4.1
sympy__sympy-17318 True 17.9
sympy__sympy-24539 True 3.9
sympy__sympy-20801 True 8.4
sympy__sympy-24562 True 9.9
sympy__sympy-16450 True 120.2
GRADED 88: resolved 67
sympy__sympy-16597 False 23.1
GRADED 89: resolved 67
