bringing up nodes...
bringing up nodes...

.........................F......FFF.F..F.F..FF.F..F.F..F.F.F.F.FF.FF..F. [  0%]
F.F.F..F.FFF.FF..FF.F.FFFF.FFFF.F.F.F..F.F.F..FF.F.F.FF.FF..FF.FF..FF..F [  0%]
.F.F.F..FF..F..F.F.....F....F.......F....F......FF...F.F.FF.FFF....F...F [  1%]
F.F..F..F.FFFFFF.FFF.FFFF.FFFF.F.FF.F.F.F..FFF.FF.FFFFF..F.FFFFFF.FFF.FF [  1%]
FFFF.FFFFFF.F.FFF.F.F..F.F..F..F.FF.FFFFFFF.FFFF.FF.FFF.F.F.F..FFF..F.F. [  2%]
FF.F.FFFF.FFFFFFF.FFFFFF.FFFFF.FFFFFFF.FF..F.F.F..F.F..F..FF.FFFFFF.FFF. [  2%]
FFF.FFFF.FF.FF.F.FF..F.F.F.FFFF.F.FF.FFFFFF.FFFF.FFFF.FFF.F.F..FF.F.FFF. [  2%]
FFF.FFFF.FFF.F.FF.FFFF.FFFFFFFFFF.FFFFFF.FF.FFF.F..F.F..F.F..FFF.FF.FFFF [  3%]
.FFFFFFF.FFFFFF.FF.FF.F.F.F..FF.F...F.F.F.FFF.F.F.F.FF.F..F.F...F.F.FF.F [  3%]
..F.F.F.FF.F.F..F.F..F..F.F.F.F.F..FFF.FFF.F..FF.F..F.F.F.FFF.F.FF.F..FF [  4%]
.FFF.F.F.F.F.F.F.F.F...F.F.FF.F.FF.FFFF.F.F.F.F..F.F.F.FF.FF.F.FF.FF.FFF [  4%]
FF.FFFFF.FF..F.F..F.F..F..F.F.F..FF.FF..F.F.F..F..F.FF.F.F..F.FF.FF.F..F [  5%]
..F..F.F.F.F..FFF.F.FFF.FFFF.FFF..F..F.F..F..FFF.F..FF.F.F.FF..F.F..F..F [  5%]
..F..F.F.F.F.F.FF..F.F..F.F.FF.F.FFFF.F.F.F.F.FFF.FFF..F.F.F.F..F.F.F... [  5%]
F.FF.F.F.FF.F.F.F..F...F.FFF.F.F.FF.FF.FF.FFF.FF..FF.FF..F.F.F.FF.F.F.FF [  6%]
.FFFFFFFFFFFFFFFFF.FFFFFFFFF.FFF.FFFF.F.F.F.F.F..F..FFF...FFFFFFFFFFF.FF [  6%]
FFF.FF.F.............FFFFFFFFFFFFFFFFFFFFFF.FFFFFFFFFFF.FFFFF.FFFFFF.F.F [  7%]
.F...F...FF...FFFFFFFFFF.FFFFFF.FFFF.FFFFFF.FF.F.F.FF...F..FF.FFF..FF.FF [  7%]
FFFFFFFF.FFFFF.FF.FFFF.F..F..F.F.F.F.FFF.F.F.FFFFFFFFFF.FFFFFFF.FFF.FFF. [  7%]
F.F.F.F.F..F.F..F.F.F.FFFFFFFFFFF.FFFFFFF.FF.FF.FF..FF..FFF.F.FF.F.FFFF. [  8%]
F.FF.FFFFFFFFFFFFFFF.FFFFFFFFFFFFF.FFFFF.FFFF.F.F.F..FF..FF.F..FF..FF.FF [  8%]
FFFFFF.FF.FFF.FF.F..F.F..F.FF..FFFFF.F.FF.FFFFFF.FFFF.FFFF.FFFFF.FF..F.F [  9%]
..F.F.F..FF..F.FFFFFFFFFFFF.FFFFFFFFFFF.FFF.FFFFFFFFFFFFF.FFF.F.FFFF.F.F [  9%]
F.FF.FFFF.F.FFFFFF.FFF..FFFFFFFFFFFFFFFFF.FFFFFFFF.FF.FFF.F....FF..F.F.F [ 10%]
.F.F.F.FFFFFFFFFFFFF.FFFFFFF.FF.FF..F.F..F..FF.F.FFF.FF..FFFFFFFFFFF.FFF [ 10%]
FFFFFF.FFF.FFF.FF...F....FF.F..F.F.FFFFFFFFFFF.FF.F.F.F.F.....F.F.F..F.F [ 10%]
..F.F..F..F..F..F..F..F.F.F.FF.FF..F..F.....FF..FF.F.FF.FF.FF.F.F.F.F..F [ 11%]
..F..F..F.F.F.F.FF.F.F..F..F..F.FFF..FF..F.FF.F.FF..F..F..F.F..F.F..FF.F [ 11%]
.FF.FF.F..F..F.F..F.FFF..F..FF.F.FF.F...FFF..FF.F..FF.F.FFF.FFF.F.F.F.F. [ 12%]
.F.F...F...FF..F...F.F...F..F...F....F..F.F.FFF.F..F.FF..F.F..FF.F..FF.F [ 12%]
F.F.FFFF..F.F..F.F.F.F.F.F..F.FF.F.FF.F...F....F..FF.....FF...F........F [ 12%]
..F...F.F.F.....F...FF...F..F.F...F....F....F...F..F....F.....F.F.F.FF.F [ 13%]
FF.FFF.FFFF.F.F.F.F.F.FF.F..F..F..FFFF.FFFF.FF.F.F..F...FF...FF..F.FFFFF [ 13%]
.FFFFF.F.FFF..FF..F.F.F.F..F..F..FFFFFFFFF.FFFFF.FF.FF..F..F.F...F.FF.F. [ 14%]
F.FFFFFFF.FFFFFF.FF.FFF..F.F..F.F.F.F...F..FFFFFF.FFFF.FFF.F.F.F..FF.... [ 14%]
F.FF.F.F..FF.FF.FF.FF..F.F..F.F.F.FF...FF.FFF.F.F.FFF.F.F..F.F..FF..FFF. [ 15%]
.F.FFFFFF.F..F.F.F.....F..F..F..FFFF.FFFFF.FF.FF.F..F.F..F..F.FFF..F.FFF [ 15%]
FFFFFFFFFFF.FFF..FF..F...F...F....F.FFF.FF.F.FF.....F....FF..F..FF..F... [ 15%]
F.F..........F.FF.F.FF.F...F.F..F...FFFFFF..FF.FFFFFFFFFFFF.FFFFFFF.FF.F [ 16%]
FF.F..F....F..F................F.....F..F..F.......F...F...F.F...F..F... [ 16%]
.....FF..F.....F..F.....F...F.....F..F..F.F.....F..F..F.FF...F..F.....F. [ 17%]
..F........F...F......F....F..F...F.F.....F...F.......F..F....F.F....... [ 17%]
F..FF.....F..F.......F....F......F.F..F..F...F.F...F.FF..F.F...FF...FF.. [ 17%]
.F..F....F...F...F.F...F.F....F.F.....F.FF....F.F...FF....F.F.....F...F. [ 18%]
...F.F..F.F........F.FF.....FF..F.F....F.....F....F.F....F.F..F.F...F.F. [ 18%]
..F..FF..F..F..F.F..F.F....F...F.....F.F....F.F..F..F......F.FF....F..F. [ 19%]
.F.F....F...F.........F.F...F..F.....F.F...F.FF.FF..FF.FF..FF.F.F.F.F... [ 19%]
F.F...F.F...FF..F..F..FF.FF.F.F.FF..FF..F...F..F.F..F.F..FF..FFF....FF.F [ 20%]
F..FF..F.F..F.F....F..F....F..F..FF..FF..FF..F..F.F..F..F..FFF..F.FFFFFF [ 20%]
F.FF.F.FFF.FF.FFFF.F..F..F..FF.F..F.FFF.FF.FF.FF..F.F...F..F.FF..F.FFFF. [ 20%]
FF.FF.FF..F..F.F...F..F.F..FFFF.FFF.FF.FF...FF.F...F..FF..F.FFF.FFF.FF.F [ 21%]
.F..F..F..F.F..F...FF.F.F.FF.F..F..F.F..F.FFF..FF..FF.FF.FF...F...F..F.. [ 21%]
...F.FF.FF.FFF.F..F..F.F...F...............................F............ [ 22%]
...................F.............F..F.F.F.F.F.F.FF.FF.FF..F.F..F.F.F.FFF [ 22%]
..FFF.F.FF.F.FFF.FF..FF..F..F....F.F.FF.F.FF.FF.FF...F..F.F.F.FF..F.F.F. [ 23%]
.FF..FF....F...F..F.F..F.F.FF.F..F.F.F..FF.F.FFF.F.F.FF.F.FF.FFFF.F.FF.F [ 23%]
..FF.F.F.F..FF..FF.F.F.FF.FFFF.FF.F..F.F.F.F.F.FFF.F.FF.F.FF.FF..F...F.. [ 23%]
.F...F...F..F...F.....F..F...F...FFFFF.F..F.F...FF.F..F..F..F.F.FF.F..F. [ 24%]
..F..F.FF..FF.F.F.FF.FFFFFFFFFFFFFFFFFFFFFFFFFFFFFFFFFFFFFFFFFFFFFFFFFFF [ 24%]
FFFFFFFFFFFFFFFFFFFFFFFFFFFFFFFFFFFFFFFFFFFFFFFFFFFFFFFFFFFFFFFFFFFFFFFF [ 25%]
FFFFFFFFFFFFFFFFFFFFFFFFFFFFFFFFFFFFFFFFFFFFFFFFFFFFFFFFFFFFFFFFFFFFFFFF [ 25%]
FFFFFFFFFFFFFFFFFFFFFFFFFFFFFFFFFFFFFFFFFFFFFFFFFFFFFFFFFFFFFFFFFFFFFFFF [ 25%]
FFFFFFFFFFFFFFFFFFFFFFFFFF.FFFFFFFFFFFFFFFFFFFFFFFFFFFFFFFFFFFFFFFFFFFFF [ 26%]
FFFFFFFFFFFFsssssFFFFFFFFFFFFFFFFFFFFFFFFFFFFFFFFFFFFFFFFFFFFFFFFFFFFFFF [ 26%]
FFFFFFFFFFFFFFFFFFFFFFFFFFFFFFFFFFFFFFFFFFFFFFFFFFFFFFFFFFFFFFFFFFFFFFFF [ 27%]
FFFFFFFFFFFFFFFFFFFFFFFFFFFFFFFFFFFFFFFFFFFFFFFFFFFFFFFFFFFFFFFFFFFFFFFF [ 27%]
FFFFFFFFFFFFFFFFFFFFFFFFFFFFFFFFFFFFFFFFFFFFFFFFFFFFFFFF.FFFF.FFFF.F.FFF [ 28%]
F.F.FFFF.FF.FFFF.F.FFFF.FF.FF.FFF.FFF.FFFF.FFFFFF.FF.FFFFFF.F.FF.FF.FF.F [ 28%]
.FFF.F.FF.FF.FF.FF.FFF.F.FFF.FF.FF.F.FF.F.FF.F.FFFF.FF.FFF.FF.F.F.FF.FF. [ 28%]
FF.F.FFF.F.FF.F.FF.F.FFF.F.FFF.FF.F.FF.F.F.FFF.F.FFF.FF.F.F.FF.F.FFF.F.F [ 29%]
FF.FF.F.FF.F.F.FFFF.FF.FFF.FF.FFF.FF.FFFFFF.FFF.FFFF..FF.F.FF.F..FF.FF.F [ 29%]
.FFF.F.F.F.F.F.FFFF.FF.FFF.F.FFF.FF.FF.FF.FFF.F.FFF.FF.FF.F.FF.F.FFF.FFF [ 30%]
.........FFF.FF.F.FF.F.FF.FFFFF.FFFF.FFFFFFF.FFF.FFFFF.FFF.FFFFFFF.FFF.F [ 30%]
FFFFF.FFFF.FFFFFF.FFF.FFFFF.FFFFF.FFFFF.FFFFF.FFFFFFF.FFF.FFFFFFF.F.F.F. [ 30%]
F.F.FF..FF.F.F.F.F.F.FFF.F.FF.FFF.FF.FF.FF.FF.FFFF.FF.FFFFFF.F.FFFFF.FF. [ 31%]
FFF.FFFF.FFFFFF.FFF.FFFFFF.FFF.FFF.FF.FFFF.F.FFFF.FF.FFFF.F.FF.F.FF.FF.F [ 31%]
F.F.FF.FF.F..FF.F.FF.F.FFF.F.F.F.FF..FFF.F.FFF.FF.FFF.F.FFF.FF.FFF.FF.FF [ 32%]
FFFF.FFF.FFF.FFF.FFF.FFFF.FFFFF.FF.FFFF.FF.FF.F.FF.F.FF.F.FF.F.F.F.FF..F [ 32%]
FF.F.FFF.F.F.F.FF.FF.FFFFF.FFF.FFFFFFFF.FFF.FF.FFF.FFF.FFF.FFFFFFF.FFF.F [ 33%]
FF.FF.FF.FF.FF.F.FFF.FF.FFF.FF.FF.F.FF.FF.FFF.F.....F..F........F......F [ 33%]
..F....F..F..F..FE..Es.s.EE.E.EEEEEssssssEsEEEEssEEEEEEssEEEEEEEEssssssE [ 33%]
sEEEEs.s.E.E.E.E.E.E.s.s.EE.EE.EEE.Es.sss.s.sEsE.E.EEss.EE.EE.E.Es.s.EE. [ 34%]
E.EE.E.E.E.s.s.sss.s.Es.E.E.E.E.s.sE.E.EE.E.E.s..s.EE.E.EEEE.E.ss.s.s.s. [ 34%]
sE.s.EE.E.E.s..s.EE..EE..E.E.s.s.EE..EE.E.E.E.E.s.ss.ss.sEs.EE.E.Es.s.EE [ 35%]
.EEE.E.ssE.EE.E.EE.EE.s.sss.s.s..E.s..E.E..E.E.s..s..E.E.E.E...E..E.s.s. [ 35%]
.EE.EE.E.E.EE.s.sss.s.s.E.s.E.E.E.Es.s.EE..E.EF.FF.FE.EE..E..EE..EEss.FE [ 35%]
.EE.ss.E.EE.E.E.E.E.Ess.ss.s.s..E.s.E.E..E.E..s.s..E..E..E..E.F.F.F.F.F. [ 36%]
..FFFFF........FF.F.FF.F..F.F.F.F..F.FF.F.F.F.FFF.FFFF.FFF.FFFF.FF.FFF.F [ 36%]
.FF.FF.FF.FF.FF.F.FF.F.F.FF.FF.F.FF.FF.FFF.F.FFF.FFF.FF.F.FFF.FF.FF.F.F. [ 37%]
F.FFF.F.FFF.F.FF.F.F.F.FF.F.FF.F.FF..F.F.F.F.FF.F.F..FFF.F.FFF.F.FF.F.F. [ 37%]
F.F..FF.F.FFF.FF.FF.F.FF.F.FFF.F.FFF..F.F.FF.F.FF.F.FF.F.F.FF.F.F.FF.F.F [ 38%]
F.F.FF.F.F.F.FF.F.FFF.F.FF.FF.F.FF.FFF.FF.FF.FFF.F.FFF.FF.FF.FFFFF.FFFF. [ 38%]
FFFFF.FFFF.FFFF.FFF.FF.FF.FFFF.FF.FFF.FF.FFFF.FFFF.FFF.FFFF.F.F.F.F..F.. [ 38%]
F.F..F..F..F.F.FF.F.FFF.FF.F.F.FF.F.FF.F.FFF..FF.FF.F.F.FFF.F.FF.FF..FF. [ 39%]
F.FFF.FFF.FF.FF.F.FF.F.FF.F.FF.FF.FF.F.FF.F.F.F.FF..F..FF.F.FF.FF.FFF.FF [ 39%]
F.FFF.FFF.FFFF.F.FFF.F.FE.E.EE.E.E..EE..EEEE.E.EEE.EE.F.F.FF.F.FF.F.FF.F [ 40%]
FF.FFFFF.FFF.FFF.FF.FFF.FFF.FFEE.EEF.FF.F.F.FF.FF.F.FF..F.F..F.F.F..F.F. [ 40%]
F..F.F.F.F.F..F.F..FF.FF.FFFFFF.F..FFFF.FFF.FF.F.F.F.F.F.F.FF.F.F.F..F.E [ 40%]
.EE.EE.E.E..EE.E.E.E.E.E..F.F.F.FF..F..F.F...F.F..F......F.............. [ 41%]
........................................................................ [ 41%]
........................................................................ [ 42%]
........................................................................ [ 42%]
........................................................................ [ 43%]
........................................................................ [ 43%]
............F.F.F.......F.F.F.F.FF.F.F.F.F.F.F.FF.F.FF..FF.FF.F.FFF.FF.F [ 43%]
FF.F.FF.F.F.F.F.......F.....F...F.......F..F.F....F.F.F.F..F...F.F..F.F. [ 44%]
.FF.F.F.F..F.FF..F...F....F.F.F..F.F.F.F.F..FF.F.F.F.F.FF.FF.FF.FFF.FF.F [ 44%]
.F..FF.FFF..F.F.F..FF.F.F.F.F.F.F.F.F.F.F.F.F.F.F.F.F.FF.F..FF.F.F...F.. [ 45%]
F.F...F...F..F.F...F..F..F...F.F.F.F.F.F..F..FF..FF..FF.F..F..F...F...F. [ 45%]
..F..F.F...F...F..F.F.F..FF.FF.F.F.FF.F.F.F.F.FF.F.F..F.F.F.FF.FF.F.FF.F [ 46%]
F.F.F.FF.F.FF.F.F.F.F.FF.F.F.FF.F.F.F.F.F.F..F.FF.F.F.F.F..F.FF.F..F..F. [ 46%]
..F.F..F...F..F..F.F..F..F.FF..FF..F.FF.FFF.FFF.FFFFF.FF.FFFFFF.FF..FFF. [ 46%]
FFFFF.FFF.FFFF.FFFFFFFFFFFFF.FFFFFFF.FFFFFFF.F.............FFFFFFFFF.FFF [ 47%]
F...FF.F.F.FF.F.FF.F.FF.FFFFFF.Fs.ssss.ssssss.ssss.sss.ssssssssss.ss.sss [ 47%]
ss.ssss.ssss.ssss.sss.sss.sss.sss.ssss.ss.ssss.sss.sss.s.F..FF.F.F..FF.F [ 48%]
..F.F..F.F..F.F..F.F.................................................... [ 48%]
................................................F.F......F.F.FFF.F.F.FF. [ 48%]
F.F.F.F.FF..FF.F.F.F.F.F.FF.F..F.F.F.FF.F.FF.FF.F.FF.F.FF.FFF.FF.FF.FF.F [ 49%]
FF.F.F.F.F.F.F.F.F.F.F.F.FFF.F.FFFF..F.FF.F.F.FF.F.FFF.F.F.FF..F.FF.FF.F [ 49%]
.F.FF.F.F.F.FF.F.FF.F.F.F.F.F.FF.FF.FF.F.F.FF...F..F.FF................. [ 50%]
.......F.F.FFFFFF.FF.F.F.FF.F.FFF.F.FFF.F.F.F.F.F.FFF.FF.F.FF.F.F.F.F.F. [ 50%]
FFF.F.FF.FF.FFFF.FFFF.FFF.FFF.FFFFF.FFF.FFFFF.FFF.FF.FF.FFF.FFF.FFF.F..F [ 51%]
F.F.F.F.F.FFF.FFF.F.FF.F.F.FF.F.FF.F.FF...............x.........F....F.. [ 51%]
F...F...F.FFF..FF.FF.FF.FF.FF.FF.F.F.F.F.F.FFF.F.FF.F.F..F.....F.FF....F [ 51%]
F..F.....F.F.F...F.F.F....F..F.F......F.FF.FF.FFFFF.FFF.FF.FFF.FFF.FF.FF [ 52%]
FFF.FF.FF.FF.F.FF.F.F.FF.FF.FF.F.FF.FF.FF.F.FF..FF.F.F.FF.F.FF.FF.F.FF.F [ 52%]
.F.F.F..F.FF.F.F.FF..FF.F.FFFF.FFFF.FFF.FFFF.FF.F.FFF.FF.FF.F.F.FF.F.F.F [ 53%]
.F.F.F.F.FF..F.F.F.F.F.FFF.F.F.FF.F.F.FFF.FF.FF.FF.F.FF.F.F.F.F.FF.F.F.F [ 53%]
.F.F.FF..F.FF.FF..F..FFFF.F.FF.F.F.F.F.F.FF.F.FF..F.F...............x... [ 53%]
.......FF..FFFFF..FFF.FFFFFFFFFFFFFFFFFFFFF.FF.FFFFFFFFFFFFFFFF.FFFFFF.F [ 54%]
FFFFFFFFFFFF.FF.FFFFFFFFFFFFFFFF.FF..FF.FFFFFFFFFFFFFFFFF.FFF.FFFFFFFFFF [ 54%]
FFFFFFFFFFFFFFFFFFFFFFFFFFF.FF.FFFFFFFFFFFFFFFFFFFFFFFFFFFFFFFFFFFFFFFFF [ 55%]
FFFFFFFFFFFFFFFFFEEExEEE.EEEEE.EEEEE.EEEE.EEE.EF.EE.E..EEFEEF.E.EE..EEFE [ 55%]
..E.E.EE.EF.....FF...F..F..F..FFFFFFFFFFFFFFFFFFFFFFFFFFFFFFFFFFFFFFFFFF [ 56%]
FFFFFFFFFFFFF.FFFF....F......F..FFFFF....FF....F..F.F.....F.FFFFFFFFFFFF [ 56%]
FFFFFFFFFFFFFFFFFFFFFFFFFFFFFFFFFFFFFssFFFFFssF...FF.FFFF..F..F.F..F.F.F [ 56%]
..F.....................F.....F..F.F..FFFFFFFFFFFFFFF.FFFFFFFFFFF.FFFFFF [ 57%]
FFFFFFFFFFFFFFFFFFFFFFFFFFFFFFFFFFFFFFFFFFFFFFFFFFFFFFFFFFFFFFFFFFFFFFFF [ 57%]
FFFFFFFFFFFFFFFFFFFFFF.FFFFFFFFFFFFFFFFF.FFFFFFFFFFFFFFFFFFFFFFFFFFFFFFF [ 58%]
FFFFFFFFFFFFFFFFFFFFFFFFFFFFFFFFFFFFFFFFFFFFF.FFFFFFFFFFFFEFEEEEEEEEEEEE [ 58%]
EEEsEEEEEEEFEEEEEEEEEEEEEEEEEEEEEsEEEEEEEEEEEEEEEEEEEEEEEEEEEEEsEEEEEEEE [ 58%]
EEEEEEEEEEEEEEEEEEEEEEsEEEEEEEEEEEEEEEEEEFEEEEFEEEFEEEFEsEFEEFEEFEEEFEEF [ 59%]
EE.EEEFEEEFEEEEEEEE.EEE.sE.EE.EEEEFEEEEEEFFFFFFFFFFFFFFFFFFFFFFFFFFFF.FF [ 59%]
FFFFFFFFFFFFFFFFFxFFFFFF..FFFFF.xFFFFFF..FFFFFFFFFxFEEEEEEEEEEEEEEEEsEEE [ 60%]
EEEEEEEEEEEEEEEEEEEEEEEEEsEEEEEEEEEEEEEEEEEEEEEEEEEEEsEEEEEEEEEEEEEEEEEE [ 60%]
EEEEEEEEsEEEEEEEEEEEEEEEEEEEEEEEEEEEEsEEEEEEEEEEEEEEE..................F [ 61%]
.........F.FFFFFFFFFFFFFFFFFFF..FFFFF..FFFFFFFFFFFFFFFFFFFFFFFFFF....... [ 61%]
..x.....F..FF..F..F.........x.....F..FF..F.F.........x.....F..FF..F.F... [ 61%]
......x.....F..FF..F.EEEEEEEEEEEEEEEEEEEEEEEEEF.........x.....F..FF..F.F [ 62%]
.........x.....F..FF..F.F.........x.....F..FF..F.EEEEEEEEEEEEEEEEEEEEEEE [ 62%]
EEF.........x.....F..FF..F.F........x........FFFFF.xFFFFFFFFFFFFFFFFFFFF [ 63%]
FFFFFFFFFFFFFFFFFF.......FFFFFFFFFFFFFFFFFFFFFFFFFFF...F................ [ 63%]
...sFF.....FFFFFFFFFFFs.FF.F........................FFFFFFFFFFFFFFFFFFFF [ 64%]
FFFFFFFFFFFFFFFFFFFFFFFFFFFFEEEEEExEEEEEEEEEEEEEEEEEEEEEEEEEEEEEEEEEEEEE [ 64%]
EEFsFFFFxFFFFFFFFFFFFFFFFFsFFFFxFFFFFFFFFFFFFFFFFsFFxFFFFFFFFFFFFFFFFFFE [ 64%]
EEEEExEEEEEEEEEEEEExxEEEEEEEEEEEEEEEEEEEEEEEEEEEEEEEEEEEEEEEEEEEEFsFFFFx [ 65%]
FFFFFFFFFFFFFFFFFFFFFFFFFFFFFFFFFFFFFEEEEEEEEEEEEEEEEEEEEEE.FF..FFFF..FF [ 65%]
.....FFFF.F.FFFFFFFxF.FF..FFF....F.....FF...FFF....F.....FF.FFFFFFFFFFFF [ 66%]
FFFFFFFFFFFF......F..F...........FFFFFFFFFx.FFFFFFFFF.FFFFFFFFFFFFFFFFFF [ 66%]
FFF...F........F...........F.FF.F.F.FF..........F....................F.. [ 66%]
......F...........F....................F................................ [ 67%]
.....................................................................FFF [ 67%]
FFFFFFFFFFFFFFFFFFFFFF.FFFFFFFFFFFFFFFF......F..F..........EEEEEEEEEEEEs [ 68%]
sEEEEEEEEEEEEEEEEEEssEEEEEEEEEEEEEEEEEEssEEEEEEEEEEEEEEEEEEssEEEEEEEEEEE [ 68%]
EEEEEEEssEEEEEEEEEEEEEEEEEEssEEEEEEEEEEEEEEEEEEssEEEsEEEEEEEEEEEEEEssEEE [ 69%]
sEEEEEEEEEEEEEEssEEEsEEFFFFF......F.FF...FF.FFFF..F.F.....FFFF.FFFF..F.F [ 69%]
.....FFFFFFFFFFFFFFFFFFFFFFFEEEEEEEEEEEEssEEEEEEEEEEEEEEEEEssEEEEEEEEEEE [ 69%]
EEEEEEssEEEEEEEEEEEEEEEEEssEEEEEEEEEEEEEEEEEssEEEEEEEEEEEEEEEEEssEEEEEEE [ 70%]
EEEEEEEEEEssEEEsEEEEEEEEEEEEEsEEEEEEEEEEEEEEEEEEEEEEEEEF.FFFFFFFFFFFFFFF [ 70%]
FFFFFFFFFFFFFFFFFFFF..FFF....F.....FFF..FFF....F.....FFF..F......F.....F [ 71%]
FF..FF.....F.....FFF..FF.....F.F...FFF..FF.....F.....FF...F......F.F...F [ 71%]
FF..F......F...F.FFFFFFFFFFF.F.FF..FFF.FFFF..F.F.....FFFEEEEEEEEEEEEEEEE [ 71%]
EEEEEEEEEEEEEssEEEsEEEEEEEEEEEEssEEEsEEEEEEEEEEssEEEsEEEEEEEEEEEEssEEEsE [ 72%]
EEFFFFFFFFFFFFFFFFFFFFFFFFFFFFFFFFFFF......F..F.............F..FF....... [ 72%]
......F..F.............F..F.......EEEEEEEEEEEEEEEEEFFF.FFFFFFFFFFFFFEEEE [ 73%]
EEEEEEssEEEsEFFFFFFFFFFFFFFFFFFFFFF..F..F..F....F..FFFFFFFFFFF.FFFFFFFFF [ 73%]
FFFFFFFFFFFFFFFFFFFFFFFFFFFFFFFFFFFFFFEEEEEEEEEEEEEEEEEEEEEEEEEEEEEEEEEE [ 74%]
EEEEEEEEEEEEEEEEEEEEEEEEEEEEEEEEEEEEEEEEEEEEEEFFFFFFFFFFFFFFFFFFFFxFFFFF [ 74%]
FFFFFFFFFFFFFFFFFFFEEEEEEEEEEEEEEEEEEEEEEEEEEEEEEEEEEEEEEEEEEEEEEEEEEEEE [ 74%]
EEEEEEEEEEEEEEEEEEEEEEEEEEEEEEEEEEEEEEEEEEEEEEEEEEEEFFFFF.FFFFFFFFFFFFFF [ 75%]
FFFFFFFFFFEEEEEEEEEEEEEEEsssssssssssssssFFFFFFFFFFFFFFFEEEEEEEEEEEEEEEEE [ 75%]
EEEEEEEEEEEEEEEEEEEEEEEEEEEEFFFFFFFFFFFFFF.FFFFFFFFFFFFF.FFFFFFFFFFFFFFF [ 76%]
FFFFFFFFFFFFFFF.FF...FFFx.FFFFFFFFFFFFFFEEEEEEEEEEEEEEEEEEEEEEEEEEEEEEEE [ 76%]
EEEEEEEEEEEEEEEEEEEEFFFFFFFFFFFFFFFFFFFFF.FFFFEEEEEEEEEEEEEFFFFxFFFFFFFF [ 76%]
EEEEEEEEEEEEEEEEEEEEEEEEEE.F...FF.FFFFF..........ssEEEEEEEEEEEEEEEEEEEEE [ 77%]
EEEEEEEEEEEEEEEFFFFFFFFFFFFFFFFFFFFFFFF..F..FFF....FFFFFF..xx..EEEEEEEEE [ 77%]
EEEEEEEEEEEEEEEEEEEEEEEEEsEFFFFFFFFFFF.EEEEEEEEEEEEEEEEEEEEEEEEEEEEEEEEE [ 78%]
EEEEEEEEEEEEEEEEEEEEEEEEEEEEEEEEEEEEEEEEEEEEssEEEEEFFFFFFFFFFFF.FFFFFFFF [ 78%]
FFFFFFFFFFFFFF...........FFF.FF.F.FFFF.FFFFFFFFEEEEEEEEEEEEEEEEEEEEEEEEE [ 79%]
EEEEEEEEEEEEEEEEEEEEEEEEEEEEEEEEEEEEEEEEEEEEEEEEEEEEEEEEEEEEEEEEEEEEEEEE [ 79%]
EEEEEEEEEEEEEEEEEEEEEEEEEEEEEEEEEEEEEEEEEEEEEEEEEEEEEEEEEEEEEEEEEEEEEEEE [ 79%]
EEEEEEE...........EEEEEEEEEEEEEEEEEEEEEEFFF..FFFFFFFFFFFFFFFFFEEEEEEEEEE [ 80%]
EEEEEEEEEEEEEEEEEEEEEEEEEEEEEEEEEEEEEEEEEEEEEEEEEEEEEEEEEEEEEEEEEEEEEEEE [ 80%]
EEEEEEEEEEEEEEEEEEEEEEEEEEEEEEEEEssEEEEFFFFFFF.FFFFFFFFFFFFFFFFFFFFFFFFF [ 81%]
FFFFFFFFF.......F.........F.........F.........F.........F.........F..FFF [ 81%]
.FF.F.FFFF.FF.FFFFFF.FF.FFFFFF.FF.F.F.FF.FF...F.FF.FF...FFFF.FF.FFFFFFFF [ 81%]
FFFFFFFFFFFFFFFFFFFFFF..FFFFFFFF..FFFFFFFFF.FFFFFFFFF.F..FF.FFFF.FFFFFFF [ 82%]
FFFFFFFFFFFFF..........FFxFFFFFFFEEEEEEEEEEEEEEEEEEEE.........EEEEEEEEE. [ 82%]
.FFFFFFF.FFFFFFFFFFFFFF.F.FFFFFFFFFFFFFFFFFFEEEEEEEEEFFFFFFFFFEEEEEEEEEE [ 83%]
EEEEEEEEEEEEEEEEEEEEEEEEEEEEEEEEEEEEEEEEEEEEEEEEEEEEEEEEEEEEEE........EE [ 83%]
EEEEEEFFFFFFFFFFFFFFFFFFFFFFFFEEEEEEEE..FFFFFF...FFF.FEEEEEEEEFFFFFFFFFF [ 84%]
FFFFFFFFFFFFFFFFFFF.FFFFFFFFFFFFFFFFFFFFFFFFFF.FFFFFFF.FFFFFFFEEEEEEEEEE [ 84%]
EEEEEEEEEEEEEEEEEEEEEEEEEEEEEEFFFFFFFFEEEEEEEEEEEEEEEEEEEEEEEEEEEEEEEEFF [ 84%]
FFFFFF..F....F..F....FFFFFFFFFFFFFFFFFFFFFFFFFFFFFFFEEEEEEEEEEEEEEEEEEEE [ 85%]
EEEEEEEEEEEEEEE....F.FF..FF.FF..FF.FEEEEEEE.......FF.....FFFFFFFEEEEEEEF [ 85%]
FFFFFFFFFFFFFFFFFF.FFFFF.FFFFFFFFF.FFFFFFEEEEEEEEEEEEEEEEEEEEEEEEEEEEEEE [ 86%]
EEEEEEEEEEEEEEEEEEEEEEEEEEEEEEEEEEEEEEEEEEEEEEEEEEEEEEEEEEEEEEEEEEEEEEEE [ 86%]
EEEEEEEEEEEEEEEEEEEEEEEEEEEEEEEEEEEEEEEEEEEEEEEEEEEEEEEEEEEEEEEEEEEEEEEE [ 87%]
EEEEEEEEEEEEEEEEEEEEEEEEEEEEEEEEEEEEEEEEEEEEEEEEEEEEEEEEEEEEEEEEEEEEEEEE [ 87%]
EEEEEEEEEEEEEEEEEEEEEEEEEEEEEEEEEEEEEEEEEEEEEEEEEEEEEEEEEEEEEEEEEEEEEEEE [ 87%]
EEEEEEEEEEEEEEEEEEEEEEEEEEEEEEEEEEEEEEEEEEEEEEEEEEEEEEEEEEEEEEEEEEEEEEEE [ 88%]
EEEEEEEEEEEEEEEEEEEEEEEEEEEEEEEEEEEEEEEEEEEEEEEEEEEEEEEEEEEEEEEEEEEEEEEE [ 88%]
EEEEEEEEEEEEEEEEEEEEEEEEEEEEEEEEEEEEEEEEEEEEEEEEEEEEEEEFFFFFF.F.F.FFF.F. [ 89%]
FsF.F.FFF.F.FFEEEEEEEEEEEEEEEEEEF.F.FFF.F.FFF.F.FFEEEEEEEEEEEEEEEEEEFFFF [ 89%]
FFFFFFFFFFFFFFEEEEEEEEEEEEFFFFFFFFFFFsFFFFFFEEEEEEFFFFFF....F..FFFFFFFFF [ 89%]
FFFFF.FFEEEEEEEEEEEEEEEEEEEEEEEEEEEEEEFFFFFFFFFFFFFFFFFFFFFFFFEEEEEEEEEE [ 90%]
EEEEEEEEEEEEEEEEEEEEEEExEEEEExEEEEExEEEEExEExxxxxxFFFF.FFFFF.FFFFFFFFFFF [ 90%]
.FFFFFFFFFFFFFFFFxFFEEEEEEEEEEEEEEEEEEEEsEEEEssEEEEssEEEEEEEEEFFFFFFFFFF [ 91%]
FFEEEEEE....................F...F....................................... [ 91%]
......F.FFF..FFFEEEEEEEEEEEEEEEEEEEEEEEEEFF...FF...F..FFFFFFFFFFFFFF.FFE [ 92%]
EEEEEEEEEEEEEEFFFFFFFFFFF...FF...F.FFFFFFFFFEEEEEEEEEEEEEEEFFFFFEEEEEEEE [ 92%]
EE.....FFFFFFFFFFEEEEEEEEEEEEEEEEEEEEEEEEEEEEEEEEEExFFFFFEEEEEFFFFFFFFxF [ 92%]
FFFsFFFFFFFFFFFFFFFFFFFFFFFFFFFFFFFFFFFF...F....F...........FFFFxEEEEEEE [ 93%]
EEEEEEEEFFFFFsFFssFFFFFFFFFFFFFFFEEEEEFFFFFF.F.....EEEEEEEEEEEEEEEEEEEEE [ 93%]
EEEEEEEEEEEEEEEEEEEEEEEEEEEEEEEEEEEEEEEEEEEEEEEEEEEEEEEsFssEEEEEEEEFFFFF [ 94%]
FFFFFFFEEEEEEEEFFFF....FFFFFFFFFFFFFFFFFFFFFFFFEEEE....EEEE.......FFFFFE [ 94%]
EEEFF..FFFFFFFFFFFFFFFFEEEEEExEFFF.EEEEEEEEFFFFFFFFFFFFFFFFFFFFFFFFFFFFF [ 94%]
FFFFFFFFFFFFFFFFFFFFFFFFFFFFFFFFFFFFFFFFFFFFFFFFFFFFFFFFFFFFFFsFFFFFFFFF [ 95%]
FFFFFFFFFFFEEEEEEEEFFxFssss....ssss........................FFFFEEEEFFFFF [ 95%]
FFFFFFFFFFFEEEEEEEEEEFFFFFFEEEF..F..F.FEEEF.FFFFEEEEEEEEEEEEEEEEEEFFFEEE [ 96%]
FFFEEEEEEEEEEEEFFFEEEEEE...EEE.FF.EFE.E.....EEEF.F.EFEEFFFFFFFFFFFFFFFFF [ 96%]
FFFFFFFFFFFFFFFFFFFFEEEEEEFFFFFFEEEFFFEEEEEEEEEEEEEEEEEEFFFFFFFFFFFFFFFF [ 97%]
FFEEEEEEEEEFFF...FFFFFFFFFFFFEEEEEEEEEFFFFFFFFFFFFFFFFFFEEEEEEEEEEEEFF.. [ 97%]
EEFFFFFFFFFFEEEEEEEEFFEEEEFFEEEEEEEEEEEEEEEEEEEE.F.F.FEEFFFFFFFF..F.F.FF [ 97%]
FFFF.FFFF.FFFFF.F.F.F.F..FF.FFEEFFFFEEFFFFEEFF..EEEEFFFFFFEEFFFFFFEE.FFF [ 98%]
FFFFFF..F.FFFFFFFFFFEEEEEEEEEEEEEEEEEEEEEEEEEEEEEEEEEEEEEEEEEEEEEEEEEE.. [ 98%]
..........ssEEssEEEEEEEEEEEEEEEEEEEEEEEEEEEEEEFFFF.F.FFFFFFFFFFFFFFFFEEE [ 99%]
EFFFsFFFEEEFFFFFFFEEEEFF.FFF.FFFx.FEFFEFFFFFFFF..FF.FEFFFFFFFFFFEEEEEEEE [ 99%]
EEEEEEEEFFFFFFFFFFFFFFFFFFFFFFFFEEEEEFFFFFFFEEEEEEEEEEEFFEFFFFFFFFFFFEFTerminated
