03:55:21 jev unlabeled n=32 s=0 chunk 1/32 carried=94
03:55:23 jev unlabeled n=96 s=0 chunk 1/96 carried=243
03:55:26 jev unlabeled n=32 s=0 chunk 2/32 carried=186
03:55:27 jev unlabeled n=96 s=0 chunk 2/96 carried=492
03:55:28 jev unlabeled n=32 s=0 chunk 3/32 carried=271
03:55:30 jev unlabeled n=96 s=0 chunk 3/96 carried=705
03:55:31 jev unlabeled n=32 s=0 chunk 4/32 carried=458
03:55:32 jev unlabeled n=96 s=0 chunk 4/96 carried=946
03:55:34 jev unlabeled n=32 s=0 chunk 5/32 carried=598
03:55:35 jev unlabeled n=96 s=0 chunk 5/96 carried=1064
03:55:37 jev unlabeled n=32 s=0 chunk 6/32 carried=784
03:55:38 jev unlabeled n=96 s=0 chunk 6/96 carried=1270
03:55:39 jev unlabeled n=32 s=0 chunk 7/32 carried=1022
03:55:40 jev unlabeled n=96 s=0 chunk 7/96 carried=1360
03:55:42 jev unlabeled n=32 s=0 chunk 8/32 carried=1085
03:55:43 jev unlabeled n=96 s=0 chunk 8/96 carried=1505
03:55:44 jev unlabeled n=32 s=0 chunk 9/32 carried=1141
03:55:46 jev unlabeled n=96 s=0 chunk 9/96 carried=1704
03:55:47 jev unlabeled n=32 s=0 chunk 10/32 carried=1312
03:55:48 jev unlabeled n=96 s=0 chunk 10/96 carried=1759
03:55:50 jev unlabeled n=32 s=0 chunk 11/32 carried=1555
03:55:51 jev unlabeled n=96 s=0 chunk 11/96 carried=1942
03:55:52 jev unlabeled n=32 s=0 chunk 12/32 carried=1784
03:55:54 jev unlabeled n=96 s=0 chunk 12/96 carried=2005
03:55:55 jev unlabeled n=32 s=0 chunk 13/32 carried=1931
03:55:56 jev unlabeled n=96 s=0 chunk 13/96 carried=2182
03:55:58 jev unlabeled n=32 s=0 chunk 14/32 carried=2016
03:55:59 jev unlabeled n=96 s=0 chunk 14/96 carried=2322
03:56:00 jev unlabeled n=32 s=0 chunk 15/32 carried=2102
03:56:02 jev unlabeled n=96 s=0 chunk 15/96 carried=2375
03:56:03 jev unlabeled n=32 s=0 chunk 16/32 carried=2199
03:56:04 jev unlabeled n=96 s=0 chunk 16/96 carried=2464
03:56:06 jev unlabeled n=32 s=0 chunk 17/32 carried=2255
03:56:07 jev unlabeled n=96 s=0 chunk 17/96 carried=2548
03:56:08 jev unlabeled n=32 s=0 chunk 18/32 carried=2437
03:56:10 jev unlabeled n=96 s=0 chunk 18/96 carried=2733
03:56:11 jev unlabeled n=32 s=0 chunk 19/32 carried=2564
03:56:12 jev unlabeled n=96 s=0 chunk 19/96 carried=2971
03:56:14 jev unlabeled n=32 s=0 chunk 20/32 carried=2677
03:56:15 jev unlabeled n=96 s=0 chunk 20/96 carried=3144
03:56:16 jev unlabeled n=32 s=0 chunk 21/32 carried=2830
03:56:17 both unlabeled n=96 s=0 chunk 1/96 carried=243
03:56:18 jev unlabeled n=96 s=0 chunk 21/96 carried=3236
03:56:19 jev unlabeled n=32 s=0 chunk 22/32 carried=2946
03:56:22 jev unlabeled n=96 s=0 chunk 22/96 carried=3293
03:56:23 jev unlabeled n=32 s=0 chunk 23/32 carried=3030
03:56:24 jev unlabeled n=96 s=0 chunk 23/96 carried=3461
03:56:26 jev unlabeled n=32 s=0 chunk 24/32 carried=3095
03:56:27 jev unlabeled n=96 s=0 chunk 24/96 carried=3518
03:56:28 jev unlabeled n=32 s=0 chunk 25/32 carried=3149
03:56:30 jev unlabeled n=96 s=0 chunk 25/96 carried=3760
03:56:30 state unlabeled n=96 s=0 chunk 1/96 carried=259
03:56:31 state unlabeled n=32 s=0 chunk 1/32 carried=94
03:56:31 jev unlabeled n=32 s=0 chunk 26/32 carried=3215
03:56:32 jev unlabeled n=96 s=0 chunk 26/96 carried=3847
03:56:34 jev unlabeled n=32 s=0 chunk 27/32 carried=3465
03:56:35 jev unlabeled n=96 s=0 chunk 27/96 carried=3998
03:56:36 both unlabeled n=32 s=0 chunk 1/32 carried=268
03:56:36 jev unlabeled n=32 s=0 chunk 28/32 carried=3525
03:56:38 jev unlabeled n=96 s=0 chunk 28/96 carried=4230
03:56:40 jev unlabeled n=32 s=0 chunk 29/32 carried=3675
03:56:42 jev unlabeled n=96 s=0 chunk 29/96 carried=4358
03:56:42 both unlabeled n=96 s=0 chunk 2/96 carried=530
03:56:43 jev unlabeled n=32 s=0 chunk 30/32 carried=3822
03:56:44 jev unlabeled n=96 s=0 chunk 30/96 carried=4520
03:56:46 state unlabeled n=32 s=0 chunk 2/32 carried=186
03:56:47 jev unlabeled n=32 s=0 chunk 31/32 carried=4066
03:56:48 jev unlabeled n=96 s=0 chunk 31/96 carried=4699
03:56:50 jev unlabeled n=32 s=0 chunk 32/32 carried=4193
03:56:50 finished ('jev', 'unlabeled', 32, 0) -> jev__unlabeled__32__0.json
03:56:51 jev unlabeled n=96 s=0 chunk 32/96 carried=4809
03:56:52 jev unlabeled n=96 s=0 chunk 33/96 carried=4954
03:56:54 jev unlabeled n=96 s=0 chunk 34/96 carried=5173
03:56:55 jev unlabeled n=96 s=0 chunk 35/96 carried=5383
03:56:56 jev unlabeled n=96 s=0 chunk 36/96 carried=5530
03:56:58 jev unlabeled n=96 s=0 chunk 37/96 carried=5741
03:56:59 jev unlabeled n=96 s=0 chunk 38/96 carried=5916
03:57:00 jev unlabeled n=96 s=0 chunk 39/96 carried=6132
03:57:02 jev unlabeled n=96 s=0 chunk 40/96 carried=6194
03:57:03 jev unlabeled n=96 s=0 chunk 41/96 carried=6410
03:57:04 jev unlabeled n=96 s=0 chunk 42/96 carried=6555
03:57:06 jev unlabeled n=96 s=0 chunk 43/96 carried=6804
03:57:07 jev unlabeled n=96 s=0 chunk 44/96 carried=6858
03:57:08 jev unlabeled n=96 s=0 chunk 45/96 carried=7062
03:57:10 jev unlabeled n=96 s=0 chunk 46/96 carried=7310
03:57:11 jev unlabeled n=96 s=0 chunk 47/96 carried=7492
03:57:12 jev unlabeled n=96 s=0 chunk 48/96 carried=7549
03:57:14 jev unlabeled n=96 s=0 chunk 49/96 carried=7700
03:57:15 jev unlabeled n=96 s=0 chunk 50/96 carried=7823
03:57:16 jev unlabeled n=96 s=0 chunk 51/96 carried=7919
03:57:18 jev unlabeled n=96 s=0 chunk 52/96 carried=8038
03:57:19 jev unlabeled n=96 s=0 chunk 53/96 carried=8280
03:57:19 state unlabeled n=96 s=0 chunk 2/96 carried=515
03:57:20 jev unlabeled n=96 s=0 chunk 54/96 carried=8448
03:57:22 jev unlabeled n=96 s=0 chunk 55/96 carried=8565
03:57:23 both unlabeled n=32 s=0 chunk 2/32 carried=547
03:57:23 jev unlabeled n=96 s=0 chunk 56/96 carried=8822
03:57:24 state unlabeled n=32 s=0 chunk 3/32 carried=271
03:57:26 jev unlabeled n=96 s=0 chunk 57/96 carried=9027
03:57:27 jev unlabeled n=96 s=0 chunk 58/96 carried=9225
03:57:28 jev unlabeled n=96 s=0 chunk 59/96 carried=9341
03:57:30 jev unlabeled n=96 s=0 chunk 60/96 carried=9426
03:57:31 jev unlabeled n=96 s=0 chunk 61/96 carried=9584
03:57:32 jev unlabeled n=96 s=0 chunk 62/96 carried=9650
03:57:34 jev unlabeled n=96 s=0 chunk 63/96 carried=9895
03:57:35 jev unlabeled n=96 s=0 chunk 64/96 carried=9973
03:57:36 jev unlabeled n=96 s=0 chunk 65/96 carried=10208
03:57:38 jev unlabeled n=96 s=0 chunk 66/96 carried=10266
03:57:39 jev unlabeled n=96 s=0 chunk 67/96 carried=10447
03:57:41 jev unlabeled n=96 s=0 chunk 68/96 carried=10618
03:57:42 jev unlabeled n=96 s=0 chunk 69/96 carried=10682
03:57:42 state unlabeled n=32 s=0 chunk 4/32 carried=458
03:57:43 jev unlabeled n=96 s=0 chunk 70/96 carried=10858
03:57:44 jev unlabeled n=96 s=0 chunk 71/96 carried=10978
03:57:46 jev unlabeled n=96 s=0 chunk 72/96 carried=11196
03:57:47 jev unlabeled n=96 s=0 chunk 73/96 carried=11320
03:57:48 jev unlabeled n=96 s=0 chunk 74/96 carried=11433
03:57:50 jev unlabeled n=96 s=0 chunk 75/96 carried=11542
03:57:51 jev unlabeled n=96 s=0 chunk 76/96 carried=11652
03:57:52 jev unlabeled n=96 s=0 chunk 77/96 carried=11718
03:57:54 jev unlabeled n=96 s=0 chunk 78/96 carried=11842
03:57:55 jev unlabeled n=96 s=0 chunk 79/96 carried=12053
03:57:56 both unlabeled n=96 s=0 chunk 3/96 carried=921
03:57:56 jev unlabeled n=96 s=0 chunk 80/96 carried=12254
03:57:57 state unlabeled n=8 s=0 chunk 1/8 carried=142
03:57:59 jev unlabeled n=96 s=0 chunk 81/96 carried=12500
03:58:00 jev unlabeled n=96 s=0 chunk 82/96 carried=12739
03:58:02 jev unlabeled n=96 s=0 chunk 83/96 carried=12893
03:58:03 jev unlabeled n=96 s=0 chunk 84/96 carried=12974
03:58:04 jev unlabeled n=96 s=0 chunk 85/96 carried=13123
03:58:05 state unlabeled n=32 s=0 chunk 5/32 carried=598
03:58:06 jev unlabeled n=96 s=0 chunk 86/96 carried=13202
03:58:07 both unlabeled n=32 s=0 chunk 3/32 carried=812
03:58:07 jev unlabeled n=96 s=0 chunk 87/96 carried=13380
03:58:10 jev unlabeled n=96 s=0 chunk 88/96 carried=13612
03:58:11 jev unlabeled n=96 s=0 chunk 89/96 carried=13764
03:58:12 jev unlabeled n=96 s=0 chunk 90/96 carried=13866
03:58:14 jev unlabeled n=96 s=0 chunk 91/96 carried=14056
03:58:15 jev unlabeled n=96 s=0 chunk 92/96 carried=14234
03:58:16 state unlabeled n=96 s=0 chunk 3/96 carried=735
03:58:16 jev unlabeled n=96 s=0 chunk 93/96 carried=14415
03:58:18 jev unlabeled n=96 s=0 chunk 94/96 carried=14569
03:58:19 jev unlabeled n=96 s=0 chunk 95/96 carried=14629
03:58:20 jev unlabeled n=96 s=0 chunk 96/96 carried=14816
03:58:20 finished ('jev', 'unlabeled', 96, 0) -> jev__unlabeled__96__0.json
03:58:22 jev unlabeled n=8 s=0 chunk 1/8 carried=125
03:58:23 jev unlabeled n=8 s=0 chunk 2/8 carried=329
03:58:24 state unlabeled n=32 s=0 chunk 6/32 carried=784
03:58:25 jev unlabeled n=8 s=0 chunk 3/8 carried=543
03:58:26 jev unlabeled n=8 s=0 chunk 4/8 carried=635
03:58:27 jev unlabeled n=8 s=0 chunk 5/8 carried=727
03:58:28 jev unlabeled n=8 s=0 chunk 6/8 carried=846
03:58:30 jev unlabeled n=8 s=0 chunk 7/8 carried=1024
03:58:31 jev unlabeled n=8 s=0 chunk 8/8 carried=1242
03:58:31 finished ('jev', 'unlabeled', 8, 0) -> jev__unlabeled__8__0.json
03:58:43 state unlabeled n=32 s=0 chunk 7/32 carried=1022
03:58:56 both unlabeled n=96 s=0 chunk 4/96 carried=1181
03:59:06 state unlabeled n=96 s=0 chunk 4/96 carried=983
03:59:09 state unlabeled n=8 s=0 chunk 2/8 carried=346
03:59:11 both unlabeled n=32 s=0 chunk 4/32 carried=1288
03:59:51 both unlabeled n=8 s=0 chunk 1/8 carried=384
03:59:52 state unlabeled n=32 s=0 chunk 8/32 carried=1089
03:59:52 state unlabeled n=96 s=0 chunk 5/96 carried=1108
03:59:58 both unlabeled n=96 s=0 chunk 5/96 carried=1228
04:00:09 both unlabeled n=32 s=0 chunk 5/32 carried=1668
04:00:12 state unlabeled n=96 s=0 chunk 6/96 carried=1321
04:00:25 state unlabeled n=8 s=0 chunk 3/8 carried=560
04:00:41 state unlabeled n=8 s=0 chunk 4/8 carried=652
04:00:47 state unlabeled n=96 s=0 chunk 7/96 carried=1418
04:01:06 both unlabeled n=32 s=0 chunk 6/32 carried=2142
04:01:06 both unlabeled n=8 s=0 chunk 2/8 carried=937
04:01:12 both unlabeled n=96 s=0 chunk 6/96 carried=1528
04:01:23 state unlabeled n=32 s=0 chunk 9/32 carried=1141
04:01:44 state unlabeled n=32 s=0 chunk 10/32 carried=1312
04:01:48 state unlabeled n=8 s=0 chunk 5/8 carried=744
04:01:58 both unlabeled n=96 s=0 chunk 7/96 carried=1494
04:01:59 state unlabeled n=96 s=0 chunk 8/96 carried=1570
04:02:08 both unlabeled n=32 s=0 chunk 7/32 carried=2724
04:02:28 both unlabeled n=8 s=0 chunk 3/8 carried=1709
04:02:41 state unlabeled n=32 s=0 chunk 11/32 carried=1555
04:02:54 state unlabeled n=96 s=0 chunk 9/96 carried=1776
04:02:57 state unlabeled n=8 s=0 chunk 6/8 carried=863
04:02:59 both unlabeled n=8 s=0 chunk 4/8 carried=2244
04:03:01 state unlabeled n=32 s=0 chunk 12/32 carried=1784
04:03:07 both unlabeled n=96 s=0 chunk 8/96 carried=1698
04:03:20 both unlabeled n=32 s=0 chunk 8/32 carried=2944
04:03:32 state unlabeled n=96 s=0 chunk 10/96 carried=1838
04:03:46 state unlabeled n=8 s=0 chunk 7/8 carried=1041
04:03:55 both unlabeled n=32 s=0 chunk 9/32 carried=3150
04:04:10 state unlabeled n=32 s=0 chunk 13/32 carried=1931
04:04:12 both unlabeled n=8 s=0 chunk 5/8 carried=2757
04:04:21 both unlabeled n=96 s=0 chunk 9/96 carried=1955
04:04:37 state unlabeled n=96 s=0 chunk 11/96 carried=2028
04:04:48 state unlabeled n=32 s=0 chunk 14/32 carried=2016
04:04:59 state unlabeled n=8 s=0 chunk 8/8 carried=1259
04:04:59 finished ('state', 'unlabeled', 8, 0) -> state__unlabeled__8__0.json
04:05:11 both unlabeled n=32 s=0 chunk 10/32 carried=3594
04:05:22 state unlabeled n=96 s=0 chunk 12/96 carried=2098
04:05:31 both unlabeled n=96 s=0 chunk 10/96 carried=2102
04:05:33 both unlabeled n=8 s=0 chunk 6/8 carried=3345
04:05:55 both unlabeled n=32 s=0 chunk 11/32 carried=4186
04:05:56 state unlabeled n=32 s=0 chunk 15/32 carried=2102
04:06:18 both unlabeled n=8 s=0 chunk 7/8 carried=4044
04:06:26 both unlabeled n=96 s=0 chunk 11/96 carried=2510
04:06:33 state unlabeled n=96 s=0 chunk 13/96 carried=2282
04:07:02 state unlabeled n=32 s=0 chunk 16/32 carried=2199
04:07:30 both unlabeled n=32 s=0 chunk 12/32 carried=4720
04:07:37 both unlabeled n=8 s=0 chunk 8/8 carried=4897
04:07:37 finished ('both', 'unlabeled', 8, 0) -> both__unlabeled__8__0.json
04:07:42 both unlabeled n=96 s=0 chunk 12/96 carried=2670
04:07:48 state unlabeled n=96 s=0 chunk 14/96 carried=2429
04:08:02 state unlabeled n=32 s=0 chunk 17/32 carried=2255
04:08:28 both unlabeled n=32 s=0 chunk 13/32 carried=5112
04:08:46 both unlabeled n=96 s=0 chunk 13/96 carried=3066
04:08:54 state unlabeled n=96 s=0 chunk 15/96 carried=2489
04:09:04 both unlabeled n=32 s=0 chunk 14/32 carried=5378
04:09:16 state unlabeled n=32 s=0 chunk 18/32 carried=2437
04:09:35 state unlabeled n=32 s=0 chunk 19/32 carried=2564
04:09:37 state unlabeled n=96 s=0 chunk 16/96 carried=2585
04:09:46 both unlabeled n=96 s=0 chunk 14/96 carried=3386
04:10:20 both unlabeled n=32 s=0 chunk 15/32 carried=5646
04:10:22 state unlabeled n=96 s=0 chunk 17/96 carried=2676
04:10:28 both unlabeled n=96 s=0 chunk 15/96 carried=3526
04:10:43 state unlabeled n=32 s=0 chunk 20/32 carried=2677
04:11:01 state unlabeled n=32 s=0 chunk 21/32 carried=2830
04:11:10 both unlabeled n=96 s=0 chunk 16/96 carried=3740
04:11:11 state unlabeled n=96 s=0 chunk 18/96 carried=2868
04:11:31 both unlabeled n=32 s=0 chunk 16/32 carried=5936
04:11:48 state unlabeled n=32 s=0 chunk 22/32 carried=2946
04:11:59 both unlabeled n=96 s=0 chunk 17/96 carried=3944
04:12:02 state unlabeled n=96 s=0 chunk 19/96 carried=3113
04:12:09 both unlabeled n=32 s=0 chunk 17/32 carried=6142
04:12:49 state unlabeled n=96 s=0 chunk 20/96 carried=3293
04:13:01 state unlabeled n=32 s=0 chunk 23/32 carried=3030
04:13:07 both unlabeled n=32 s=0 chunk 18/32 carried=6608
04:13:18 state unlabeled n=32 s=0 chunk 24/32 carried=3095
04:13:19 both unlabeled n=96 s=0 chunk 18/96 carried=4356
04:13:58 state unlabeled n=96 s=0 chunk 21/96 carried=3392
04:13:59 both unlabeled n=32 s=0 chunk 19/32 carried=6960
04:14:15 state unlabeled n=32 s=0 chunk 25/32 carried=3149
04:14:17 both unlabeled n=96 s=0 chunk 19/96 carried=4878
04:14:33 both unlabeled n=32 s=0 chunk 20/32 carried=7284
04:14:53 state unlabeled n=96 s=0 chunk 22/96 carried=3456
04:15:10 state unlabeled n=32 s=0 chunk 26/32 carried=3215
04:15:13 both unlabeled n=96 s=0 chunk 20/96 carried=5266
04:15:13 state unlabeled n=96 s=0 chunk 23/96 carried=3631
04:15:22 both unlabeled n=32 s=0 chunk 21/32 carried=7690
04:15:33 state unlabeled n=32 s=0 chunk 27/32 carried=3465
04:15:52 state unlabeled n=32 s=0 chunk 28/32 carried=3525
04:15:52 both unlabeled n=96 s=0 chunk 21/96 carried=5486
04:15:57 state unlabeled n=96 s=0 chunk 24/96 carried=3695
04:16:17 both unlabeled n=32 s=0 chunk 22/32 carried=8020
04:17:06 state unlabeled n=32 s=0 chunk 29/32 carried=3675
04:17:07 state unlabeled n=96 s=0 chunk 25/96 carried=3944
04:17:09 both unlabeled n=96 s=0 chunk 22/96 carried=5634
04:17:27 state unlabeled n=32 s=0 chunk 30/32 carried=3822
04:17:27 both unlabeled n=32 s=0 chunk 23/32 carried=8284
04:17:47 both unlabeled n=96 s=0 chunk 23/96 carried=6012
04:18:17 state unlabeled n=96 s=0 chunk 26/96 carried=4038
04:18:34 both unlabeled n=32 s=0 chunk 24/32 carried=8509
04:18:39 state unlabeled n=32 s=0 chunk 31/32 carried=4066
04:19:02 both unlabeled n=96 s=0 chunk 24/96 carried=6160
04:19:35 state unlabeled n=96 s=0 chunk 27/96 carried=4196
04:19:49 state unlabeled n=32 s=0 chunk 32/32 carried=4193
04:19:49 finished ('state', 'unlabeled', 32, 0) -> state__unlabeled__32__0.json
04:19:51 both unlabeled n=32 s=0 chunk 25/32 carried=8712
04:20:16 both unlabeled n=96 s=0 chunk 25/96 carried=6690
04:20:39 both unlabeled n=32 s=0 chunk 26/32 carried=8939
04:20:43 state unlabeled n=96 s=0 chunk 28/96 carried=4435
04:21:21 both unlabeled n=32 s=0 chunk 27/32 carried=9547
04:21:28 both unlabeled n=96 s=0 chunk 26/96 carried=6900
04:21:33 state unlabeled n=96 s=0 chunk 29/96 carried=4570
04:22:41 both unlabeled n=96 s=0 chunk 27/96 carried=7242
04:22:45 state unlabeled n=96 s=0 chunk 30/96 carried=4739
04:22:45 both unlabeled n=32 s=0 chunk 28/32 carried=9762
04:23:19 state unlabeled n=96 s=0 chunk 31/96 carried=4925
04:23:31 both unlabeled n=32 s=0 chunk 29/32 carried=10163
04:23:36 state unlabeled n=96 s=0 chunk 32/96 carried=5042
04:23:41 both unlabeled n=96 s=0 chunk 28/96 carried=7752
04:23:54 state unlabeled n=96 s=0 chunk 33/96 carried=5194
04:24:13 state unlabeled n=96 s=0 chunk 34/96 carried=5420
04:24:50 both unlabeled n=96 s=0 chunk 29/96 carried=8046
04:24:50 both unlabeled n=32 s=0 chunk 30/32 carried=10558
04:25:15 state unlabeled n=96 s=0 chunk 35/96 carried=5637
04:25:24 both unlabeled n=96 s=0 chunk 30/96 carried=8412
04:26:06 both unlabeled n=32 s=0 chunk 31/32 carried=11158
04:26:22 both unlabeled n=96 s=0 chunk 31/96 carried=8812
04:26:37 state unlabeled n=96 s=0 chunk 36/96 carried=5791
04:26:50 both unlabeled n=96 s=0 chunk 32/96 carried=9070
04:27:26 both unlabeled n=32 s=0 chunk 32/32 carried=11512
04:27:26 finished ('both', 'unlabeled', 32, 0) -> both__unlabeled__32__0.json
04:27:55 state unlabeled n=96 s=0 chunk 37/96 carried=6009
04:28:08 both unlabeled n=96 s=0 chunk 33/96 carried=9400
04:29:03 both unlabeled n=96 s=0 chunk 34/96 carried=9882
04:29:07 state unlabeled n=96 s=0 chunk 38/96 carried=6191
04:29:51 both unlabeled n=96 s=0 chunk 35/96 carried=10346
04:30:14 state unlabeled n=96 s=0 chunk 39/96 carried=6414
04:30:31 both unlabeled n=96 s=0 chunk 36/96 carried=10680
04:30:58 state unlabeled n=96 s=0 chunk 40/96 carried=6483
04:31:05 both unlabeled n=96 s=0 chunk 37/96 carried=11146
04:31:49 state unlabeled n=96 s=0 chunk 41/96 carried=6706
04:32:09 both unlabeled n=96 s=0 chunk 38/96 carried=11538
04:32:51 both unlabeled n=96 s=0 chunk 39/96 carried=12014
04:32:58 state unlabeled n=96 s=0 chunk 42/96 carried=6858
04:33:47 both unlabeled n=96 s=0 chunk 40/96 carried=12172
04:34:11 state unlabeled n=96 s=0 chunk 43/96 carried=7114
04:35:06 both unlabeled n=96 s=0 chunk 41/96 carried=12648
04:35:11 state unlabeled n=96 s=0 chunk 44/96 carried=7175
04:36:25 both unlabeled n=96 s=0 chunk 42/96 carried=12978
04:36:26 state unlabeled n=96 s=0 chunk 45/96 carried=7386
04:37:20 state unlabeled n=96 s=0 chunk 46/96 carried=7641
04:37:47 both unlabeled n=96 s=0 chunk 43/96 carried=13522
04:38:18 both unlabeled n=96 s=0 chunk 44/96 carried=13664
04:38:32 state unlabeled n=96 s=0 chunk 47/96 carried=7830
04:39:18 state unlabeled n=96 s=0 chunk 48/96 carried=7894
04:39:35 both unlabeled n=96 s=0 chunk 45/96 carried=14116
04:40:39 state unlabeled n=96 s=0 chunk 49/96 carried=8052
04:41:12 both unlabeled n=96 s=0 chunk 46/96 carried=14658
04:41:25 state unlabeled n=96 s=0 chunk 50/96 carried=8182
04:41:42 state unlabeled n=96 s=0 chunk 51/96 carried=8285
04:42:31 both unlabeled n=96 s=0 chunk 47/96 carried=15064
04:42:50 state unlabeled n=96 s=0 chunk 52/96 carried=8411
04:43:30 both unlabeled n=96 s=0 chunk 48/96 carried=15212
04:43:56 state unlabeled n=96 s=0 chunk 53/96 carried=8660
04:44:24 both unlabeled n=96 s=0 chunk 49/96 carried=15554
04:44:47 state unlabeled n=96 s=0 chunk 54/96 carried=8839
04:45:12 state unlabeled n=96 s=0 chunk 55/96 carried=8963
04:45:39 both unlabeled n=96 s=0 chunk 50/96 carried=15838
04:46:29 state unlabeled n=96 s=0 chunk 56/96 carried=9227
04:46:57 both unlabeled n=96 s=0 chunk 51/96 carried=16066
04:47:46 state unlabeled n=96 s=0 chunk 57/96 carried=9439
04:47:56 both unlabeled n=96 s=0 chunk 52/96 carried=16342
04:48:35 state unlabeled n=96 s=0 chunk 58/96 carried=9644
04:49:10 both unlabeled n=96 s=0 chunk 53/96 carried=16872
04:49:45 state unlabeled n=96 s=0 chunk 59/96 carried=9767
04:50:06 state unlabeled n=96 s=0 chunk 60/96 carried=9859
04:50:20 both unlabeled n=96 s=0 chunk 54/96 carried=17250
04:51:21 state unlabeled n=96 s=0 chunk 61/96 carried=10024
04:51:33 both unlabeled n=96 s=0 chunk 55/96 carried=17522
04:52:20 state unlabeled n=96 s=0 chunk 62/96 carried=10097
04:52:47 both unlabeled n=96 s=0 chunk 56/96 carried=18082
04:53:22 state unlabeled n=96 s=0 chunk 63/96 carried=10349
04:54:08 state unlabeled n=96 s=0 chunk 64/96 carried=10434
04:54:11 both unlabeled n=96 s=0 chunk 57/96 carried=18536
04:55:16 both unlabeled n=96 s=0 chunk 58/96 carried=18976
04:55:25 state unlabeled n=96 s=0 chunk 65/96 carried=10676
04:55:48 both unlabeled n=96 s=0 chunk 59/96 carried=19246
04:55:59 state unlabeled n=96 s=0 chunk 66/96 carried=10741
04:56:37 both unlabeled n=96 s=0 chunk 60/96 carried=19452
04:57:13 state unlabeled n=96 s=0 chunk 67/96 carried=10929
04:57:33 state unlabeled n=96 s=0 chunk 68/96 carried=11107
04:57:37 both unlabeled n=96 s=0 chunk 61/96 carried=19808
04:58:40 state unlabeled n=96 s=0 chunk 69/96 carried=11178
04:58:52 both unlabeled n=96 s=0 chunk 62/96 carried=19974
04:59:01 state unlabeled n=96 s=0 chunk 70/96 carried=11361
04:59:20 state unlabeled n=96 s=0 chunk 71/96 carried=11488
04:59:40 state unlabeled n=96 s=0 chunk 72/96 carried=11713
04:59:41 both unlabeled n=96 s=0 chunk 63/96 carried=20510
05:00:30 state unlabeled n=96 s=0 chunk 73/96 carried=11844
05:01:03 both unlabeled n=96 s=0 chunk 64/96 carried=20702
05:01:37 state unlabeled n=96 s=0 chunk 74/96 carried=11964
05:02:14 both unlabeled n=96 s=0 chunk 65/96 carried=21218
05:02:44 state unlabeled n=96 s=0 chunk 75/96 carried=12080
05:03:25 both unlabeled n=96 s=0 chunk 66/96 carried=21368
05:03:55 state unlabeled n=96 s=0 chunk 76/96 carried=12197
05:04:21 both unlabeled n=96 s=0 chunk 67/96 carried=21772
05:05:02 state unlabeled n=96 s=0 chunk 77/96 carried=12270
05:05:15 both unlabeled n=96 s=0 chunk 68/96 carried=22156
05:05:51 state unlabeled n=96 s=0 chunk 78/96 carried=12401
05:06:28 both unlabeled n=96 s=0 chunk 69/96 carried=22318
05:07:10 state unlabeled n=96 s=0 chunk 79/96 carried=12619
05:07:19 both unlabeled n=96 s=0 chunk 70/96 carried=22712
05:07:57 state unlabeled n=96 s=0 chunk 80/96 carried=12827
05:08:14 both unlabeled n=96 s=0 chunk 71/96 carried=22990
05:08:20 state unlabeled n=96 s=0 chunk 81/96 carried=13080
05:09:28 both unlabeled n=96 s=0 chunk 72/96 carried=23470
05:09:41 state unlabeled n=96 s=0 chunk 82/96 carried=13326
05:09:56 state unlabeled n=96 s=0 chunk 83/96 carried=13487
05:10:29 both unlabeled n=96 s=0 chunk 73/96 carried=23756
05:11:06 state unlabeled n=96 s=0 chunk 84/96 carried=13575
05:11:39 both unlabeled n=96 s=0 chunk 74/96 carried=24000
05:11:49 state unlabeled n=96 s=0 chunk 85/96 carried=13731
05:12:26 both unlabeled n=96 s=0 chunk 75/96 carried=23997
05:12:41 state unlabeled n=96 s=0 chunk 86/96 carried=13817
05:13:22 both unlabeled n=96 s=0 chunk 76/96 carried=24000
05:13:54 state unlabeled n=96 s=0 chunk 87/96 carried=14002
05:14:32 state unlabeled n=96 s=0 chunk 88/96 carried=14241
05:14:39 both unlabeled n=96 s=0 chunk 77/96 carried=24000
05:15:27 both unlabeled n=96 s=0 chunk 78/96 carried=24000
05:15:44 state unlabeled n=96 s=0 chunk 89/96 carried=14400
05:16:53 state unlabeled n=96 s=0 chunk 90/96 carried=14509
05:17:07 both unlabeled n=96 s=0 chunk 79/96 carried=24000
05:17:11 state unlabeled n=96 s=0 chunk 91/96 carried=14706
05:18:21 both unlabeled n=96 s=0 chunk 80/96 carried=24000
05:18:23 state unlabeled n=96 s=0 chunk 92/96 carried=14891
05:18:41 state unlabeled n=96 s=0 chunk 93/96 carried=15079
05:19:46 both unlabeled n=96 s=0 chunk 81/96 carried=24000
05:19:49 state unlabeled n=96 s=0 chunk 94/96 carried=15240
05:20:32 both unlabeled n=96 s=0 chunk 82/96 carried=24000
05:20:55 state unlabeled n=96 s=0 chunk 95/96 carried=15307
05:21:27 both unlabeled n=96 s=0 chunk 83/96 carried=24000
05:21:43 state unlabeled n=96 s=0 chunk 96/96 carried=15501
05:21:43 finished ('state', 'unlabeled', 96, 0) -> state__unlabeled__96__0.json
05:22:16 both unlabeled n=96 s=0 chunk 84/96 carried=24000
05:23:16 both unlabeled n=96 s=0 chunk 85/96 carried=24000
05:24:15 both unlabeled n=96 s=0 chunk 86/96 carried=24000
05:24:50 both unlabeled n=96 s=0 chunk 87/96 carried=24000
05:25:32 both unlabeled n=96 s=0 chunk 88/96 carried=24000
05:26:45 both unlabeled n=96 s=0 chunk 89/96 carried=24000
05:27:33 both unlabeled n=96 s=0 chunk 90/96 carried=24000
05:28:05 both unlabeled n=96 s=0 chunk 91/96 carried=24000
05:29:25 both unlabeled n=96 s=0 chunk 92/96 carried=24000
05:30:04 both unlabeled n=96 s=0 chunk 93/96 carried=23995
05:31:23 both unlabeled n=96 s=0 chunk 94/96 carried=24000
05:32:37 both unlabeled n=96 s=0 chunk 95/96 carried=24000
05:33:33 both unlabeled n=96 s=0 chunk 96/96 carried=24000
05:33:33 finished ('both', 'unlabeled', 96, 0) -> both__unlabeled__96__0.json
| variant | chunks | cond | seeds | recall | per seed | corrupted | noise kept | final tok | cost $ | trunc |
|---|---|---|---|---|---|---|---|---|---|---|
| unlabeled | 8 | both | 1 | 1.000 | [1.0] | 0 | 0 | 4897 | 0.583 | 0 |
| unlabeled | 8 | jev | 1 | 1.000 | [1.0] | 0 | 0 | 1242 | 0 | 0 |
| unlabeled | 8 | state | 1 | 1.000 | [1.0] | 0 | 0 | 1259 | 0.528 | 0 |
| unlabeled | 32 | both | 1 | 1.000 | [1.0] | 0 | 0 | 11512 | 2.409 | 0 |
| unlabeled | 32 | jev | 1 | 1.000 | [1.0] | 0 | 0 | 4193 | 0 | 0 |
| unlabeled | 32 | state | 1 | 1.000 | [1.0] | 0 | 0 | 4193 | 1.897 | 0 |
| unlabeled | 96 | both | 1 | 0.754 | [0.7545] | 0 | 0 | 24000 | 8.137 | 21 |
| unlabeled | 96 | jev | 1 | 1.000 | [1.0] | 0 | 0 | 14816 | 0 | 0 |
| unlabeled | 96 | state | 1 | 0.998 | [0.998] | 1 | 0 | 15501 | 7.741 | 0 |
done -> results/summary.json
05:33:34 jev labeled n=32 s=0 chunk 1/32 carried=165
05:33:35 jev labeled n=32 s=0 chunk 2/32 carried=315
05:33:37 jev labeled n=32 s=0 chunk 3/32 carried=457
05:33:38 jev labeled n=32 s=0 chunk 4/32 carried=604
05:33:40 jev labeled n=32 s=0 chunk 5/32 carried=783
05:33:41 jev labeled n=32 s=0 chunk 6/32 carried=876
05:33:42 jev labeled n=32 s=0 chunk 7/32 carried=999
05:33:44 jev labeled n=32 s=0 chunk 8/32 carried=1122
05:33:45 jev labeled n=32 s=0 chunk 9/32 carried=1306
05:33:46 jev labeled n=32 s=0 chunk 10/32 carried=1492
05:33:48 jev labeled n=32 s=0 chunk 11/32 carried=1582
05:33:49 jev labeled n=32 s=0 chunk 12/32 carried=1825
05:33:50 state labeled n=32 s=0 chunk 1/32 carried=165
05:33:50 jev labeled n=32 s=0 chunk 13/32 carried=2019
05:33:52 jev labeled n=32 s=0 chunk 14/32 carried=2199
05:33:53 jev labeled n=32 s=0 chunk 15/32 carried=2427
05:33:54 jev labeled n=32 s=0 chunk 16/32 carried=2609
05:33:56 jev labeled n=32 s=0 chunk 17/32 carried=2664
05:33:57 jev labeled n=32 s=0 chunk 18/32 carried=2813
05:33:58 jev labeled n=32 s=0 chunk 19/32 carried=2964
05:34:00 jev labeled n=32 s=0 chunk 20/32 carried=3191
05:34:01 jev labeled n=32 s=0 chunk 21/32 carried=3276
05:34:02 jev labeled n=32 s=0 chunk 22/32 carried=3433
05:34:03 state labeled n=32 s=0 chunk 2/32 carried=315
05:34:04 jev labeled n=32 s=0 chunk 23/32 carried=3534
05:34:05 jev labeled n=32 s=0 chunk 24/32 carried=3598
05:34:06 jev labeled n=32 s=0 chunk 25/32 carried=3806
05:34:08 jev labeled n=32 s=0 chunk 26/32 carried=3977
05:34:09 jev labeled n=32 s=0 chunk 27/32 carried=4064
05:34:10 jev labeled n=32 s=0 chunk 28/32 carried=4201
05:34:12 jev labeled n=32 s=0 chunk 29/32 carried=4360
05:34:13 jev labeled n=32 s=0 chunk 30/32 carried=4424
05:34:14 jev labeled n=32 s=0 chunk 31/32 carried=4513
05:34:15 state labeled n=32 s=0 chunk 3/32 carried=457
05:34:16 jev labeled n=32 s=0 chunk 32/32 carried=4669
05:34:16 finished ('jev', 'labeled', 32, 0) -> jev__labeled__32__0.json
05:34:29 state labeled n=32 s=0 chunk 4/32 carried=604
05:34:52 state labeled n=32 s=0 chunk 5/32 carried=783
05:35:05 state labeled n=32 s=0 chunk 6/32 carried=876
05:35:17 state labeled n=32 s=0 chunk 7/32 carried=999
05:35:30 state labeled n=32 s=0 chunk 8/32 carried=1122
05:35:45 state labeled n=32 s=0 chunk 9/32 carried=1306
05:36:06 state labeled n=32 s=0 chunk 10/32 carried=1492
05:36:19 state labeled n=32 s=0 chunk 11/32 carried=1582
05:36:35 state labeled n=32 s=0 chunk 12/32 carried=1825
05:36:51 state labeled n=32 s=0 chunk 13/32 carried=2019
05:37:06 state labeled n=32 s=0 chunk 14/32 carried=2199
05:37:21 state labeled n=32 s=0 chunk 15/32 carried=2427
05:37:38 state labeled n=32 s=0 chunk 16/32 carried=2609
05:37:53 state labeled n=32 s=0 chunk 17/32 carried=2664
05:38:09 state labeled n=32 s=0 chunk 18/32 carried=2813
05:38:22 state labeled n=32 s=0 chunk 19/32 carried=2964
05:38:37 state labeled n=32 s=0 chunk 20/32 carried=3191
05:38:50 state labeled n=32 s=0 chunk 21/32 carried=3276
05:39:04 state labeled n=32 s=0 chunk 22/32 carried=3433
05:39:18 state labeled n=32 s=0 chunk 23/32 carried=3534
05:39:31 state labeled n=32 s=0 chunk 24/32 carried=3598
05:39:49 state labeled n=32 s=0 chunk 25/32 carried=3806
05:40:05 state labeled n=32 s=0 chunk 26/32 carried=3977
05:40:20 state labeled n=32 s=0 chunk 27/32 carried=4064
05:40:34 state labeled n=32 s=0 chunk 28/32 carried=4201
05:40:50 state labeled n=32 s=0 chunk 29/32 carried=4360
05:41:02 state labeled n=32 s=0 chunk 30/32 carried=4424
05:41:17 state labeled n=32 s=0 chunk 31/32 carried=4513
05:41:36 state labeled n=32 s=0 chunk 32/32 carried=4669
05:41:36 finished ('state', 'labeled', 32, 0) -> state__labeled__32__0.json
| variant | chunks | cond | seeds | recall | per seed | corrupted | noise kept | final tok | cost $ | trunc |
|---|---|---|---|---|---|---|---|---|---|---|
| labeled | 32 | jev | 1 | 1.000 | [1.0] | 0 | 0 | 4669 | 0 | 0 |
| labeled | 32 | state | 1 | 1.000 | [1.0] | 0 | 0 | 4669 | 1.218 | 0 |
| unlabeled | 8 | both | 1 | 1.000 | [1.0] | 0 | 0 | 4897 | 0.583 | 0 |
| unlabeled | 8 | jev | 1 | 1.000 | [1.0] | 0 | 0 | 1242 | 0 | 0 |
| unlabeled | 8 | state | 1 | 1.000 | [1.0] | 0 | 0 | 1259 | 0.528 | 0 |
| unlabeled | 32 | both | 1 | 1.000 | [1.0] | 0 | 0 | 11512 | 2.409 | 0 |
| unlabeled | 32 | jev | 1 | 1.000 | [1.0] | 0 | 0 | 4193 | 0 | 0 |
| unlabeled | 32 | state | 1 | 1.000 | [1.0] | 0 | 0 | 4193 | 1.897 | 0 |
| unlabeled | 96 | both | 1 | 0.754 | [0.7545] | 0 | 0 | 24000 | 8.137 | 21 |
| unlabeled | 96 | jev | 1 | 1.000 | [1.0] | 0 | 0 | 14816 | 0 | 0 |
| unlabeled | 96 | state | 1 | 0.998 | [0.998] | 1 | 0 | 15501 | 7.741 | 0 |
done -> results/summary.json
