01:59:55 tally both+guard n=96 s=0 chunk 1/96 carried=985
02:00:32 tally both+guard n=96 s=0 chunk 2/96 carried=1441
02:01:18 tally both+guard n=96 s=0 chunk 3/96 carried=1922
02:02:33 tally both+guard n=96 s=0 chunk 4/96 carried=2452
02:03:29 tally both+guard n=96 s=0 chunk 5/96 carried=2932
02:04:17 tally both+guard n=96 s=0 chunk 6/96 carried=3424
02:06:17 tally both+guard n=96 s=0 chunk 7/96 carried=3900
02:07:00 tally both+guard n=96 s=0 chunk 8/96 carried=4389
02:08:04 tally both+guard n=96 s=0 chunk 9/96 carried=4872
02:08:46 tally both+guard n=96 s=0 chunk 10/96 carried=5362
02:09:24 tally both+guard n=96 s=0 chunk 11/96 carried=5851
02:09:57 tally both+guard n=96 s=0 chunk 12/96 carried=6329
02:11:24 tally both+guard n=96 s=0 chunk 13/96 carried=6831
02:12:36 tally both+guard n=96 s=0 chunk 14/96 carried=7318
02:13:26 tally both+guard n=96 s=0 chunk 15/96 carried=7839
02:14:00 tally both+guard n=96 s=0 chunk 16/96 carried=8344
02:14:51 tally both+guard n=96 s=0 chunk 17/96 carried=8842
02:15:21 tally both+guard n=96 s=0 chunk 18/96 carried=9333
02:15:57 tally both+guard n=96 s=0 chunk 19/96 carried=9817
02:17:05 tally both+guard n=96 s=0 chunk 20/96 carried=10314
02:18:15 tally both+guard n=96 s=0 chunk 21/96 carried=10807
02:19:06 tally both+guard n=96 s=0 chunk 22/96 carried=11302
02:19:46 tally both+guard n=96 s=0 chunk 23/96 carried=11782
02:20:37 tally both+guard n=96 s=0 chunk 24/96 carried=12259
02:21:15 tally both+guard n=96 s=0 chunk 25/96 carried=12759
02:22:24 tally both+guard n=96 s=0 chunk 26/96 carried=13262
02:23:30 tally both+guard n=96 s=0 chunk 27/96 carried=13806
02:24:32 tally both+guard n=96 s=0 chunk 28/96 carried=14270
02:24:58 tally both+guard n=96 s=0 chunk 29/96 carried=14745
02:26:03 tally both+guard n=96 s=0 chunk 30/96 carried=15220
02:26:42 tally both+guard n=96 s=0 chunk 31/96 carried=15736
02:27:35 tally both+guard n=96 s=0 chunk 32/96 carried=16206
02:29:08 tally both+guard n=96 s=0 chunk 33/96 carried=16501
02:30:42 tally both+guard n=96 s=0 chunk 34/96 carried=16498
02:31:20 tally both+guard n=96 s=0 chunk 35/96 carried=16510
02:32:39 tally both+guard n=96 s=0 chunk 36/96 carried=16514
02:35:25 tally both+guard n=96 s=0 chunk 37/96 carried=16509
02:36:33 tally both+guard n=96 s=0 chunk 38/96 carried=16485
02:37:12 tally both+guard n=96 s=0 chunk 39/96 carried=16518
02:37:42 tally both+guard n=96 s=0 chunk 40/96 carried=16502
02:38:14 tally both+guard n=96 s=0 chunk 41/96 carried=16519
02:38:53 tally both+guard n=96 s=0 chunk 42/96 carried=16497
02:39:41 tally both+guard n=96 s=0 chunk 43/96 carried=16508
02:40:28 tally both+guard n=96 s=0 chunk 44/96 carried=16520
02:41:22 tally both+guard n=96 s=0 chunk 45/96 carried=16498
02:43:05 tally both+guard n=96 s=0 chunk 46/96 carried=16513
02:43:55 tally both+guard n=96 s=0 chunk 47/96 carried=16497
02:45:16 tally both+guard n=96 s=0 chunk 48/96 carried=16524
02:46:14 tally both+guard n=96 s=0 chunk 49/96 carried=16510
02:46:53 tally both+guard n=96 s=0 chunk 50/96 carried=16509
02:48:02 tally both+guard n=96 s=0 chunk 51/96 carried=16488
02:48:43 tally both+guard n=96 s=0 chunk 52/96 carried=16513
02:49:15 tally both+guard n=96 s=0 chunk 53/96 carried=16506
02:50:16 tally both+guard n=96 s=0 chunk 54/96 carried=16500
02:50:54 tally both+guard n=96 s=0 chunk 55/96 carried=16520
02:51:38 tally both+guard n=96 s=0 chunk 56/96 carried=16496
02:52:56 tally both+guard n=96 s=0 chunk 57/96 carried=16515
02:53:35 tally both+guard n=96 s=0 chunk 58/96 carried=16493
02:54:52 tally both+guard n=96 s=0 chunk 59/96 carried=16515
02:55:48 tally both+guard n=96 s=0 chunk 60/96 carried=16517
02:57:01 tally both+guard n=96 s=0 chunk 61/96 carried=16501
02:57:43 tally both+guard n=96 s=0 chunk 62/96 carried=16490
02:58:58 tally both+guard n=96 s=0 chunk 63/96 carried=16512
03:00:47 tally both+guard n=96 s=0 chunk 64/96 carried=16511
03:01:58 tally both+guard n=96 s=0 chunk 65/96 carried=16498
03:03:23 tally both+guard n=96 s=0 chunk 66/96 carried=16489
03:04:06 tally both+guard n=96 s=0 chunk 67/96 carried=16502
03:05:25 tally both+guard n=96 s=0 chunk 68/96 carried=16495
03:06:01 tally both+guard n=96 s=0 chunk 69/96 carried=16513
03:07:21 tally both+guard n=96 s=0 chunk 70/96 carried=16488
03:08:07 tally both+guard n=96 s=0 chunk 71/96 carried=16505
03:08:55 tally both+guard n=96 s=0 chunk 72/96 carried=16498
03:10:11 tally both+guard n=96 s=0 chunk 73/96 carried=16496
03:10:44 tally both+guard n=96 s=0 chunk 74/96 carried=16493
03:11:29 tally both+guard n=96 s=0 chunk 75/96 carried=16495
03:12:01 tally both+guard n=96 s=0 chunk 76/96 carried=16504
03:12:55 tally both+guard n=96 s=0 chunk 77/96 carried=16490
03:13:30 tally both+guard n=96 s=0 chunk 78/96 carried=16506
03:14:10 tally both+guard n=96 s=0 chunk 79/96 carried=16502
03:15:02 tally both+guard n=96 s=0 chunk 80/96 carried=16488
03:15:45 tally both+guard n=96 s=0 chunk 81/96 carried=16501
03:16:54 tally both+guard n=96 s=0 chunk 82/96 carried=16482
03:18:00 tally both+guard n=96 s=0 chunk 83/96 carried=16483
03:18:30 tally both+guard n=96 s=0 chunk 84/96 carried=16495
03:19:44 tally both+guard n=96 s=0 chunk 85/96 carried=16483
03:20:24 tally both+guard n=96 s=0 chunk 86/96 carried=16495
03:21:16 tally both+guard n=96 s=0 chunk 87/96 carried=16509
03:22:50 tally both+guard n=96 s=0 chunk 88/96 carried=16486
03:23:21 tally both+guard n=96 s=0 chunk 89/96 carried=16477
03:25:10 tally both+guard n=96 s=0 chunk 90/96 carried=16481
03:25:52 tally both+guard n=96 s=0 chunk 91/96 carried=16496
03:26:32 tally both+guard n=96 s=0 chunk 92/96 carried=16498
03:27:02 tally both+guard n=96 s=0 chunk 93/96 carried=16509
03:27:33 tally both+guard n=96 s=0 chunk 94/96 carried=16504
03:28:04 tally both+guard n=96 s=0 chunk 95/96 carried=16494
03:29:00 tally both+guard n=96 s=0 chunk 96/96 carried=16509
03:32:20 finished ('both', 96, 0) -> both+guard__96__0.json
| chunks | events | cond | holder acc | count exact | count MAE | replay holder | replay count | carried tok | relay $ | answer $ | Jev $ | cut at cap |
|---|---|---|---|---|---|---|---|---|---|---|---|---|
| 32 | 512 | both | 1.000 | 0.975 | 0.03 | — | — | 16149 | 2.574 | 0.095 | 0.0146 | 0 |
| 32 | 512 | jev | 0.925 | 0.575 | 0.6 | 1.000 | 0.900 | 15576 | 0 | 0.165 | 0.0146 | 0 |
| 32 | 512 | jev+tools | 1.000 | 0.900 | 0.1 | 1.000 | 0.900 | 15576 | 0 | 0.181 | 0.0146 | 0 |
| 32 | 512 | jev_fifo | 0.950 | 0.575 | 0.78 | 1.000 | 0.900 | 15590 | 0 | 0.413 | 0.0146 | 0 |
| 32 | 512 | jev_fifo+tools | 1.000 | 0.900 | 0.1 | 1.000 | 0.900 | 15590 | 0 | 0.237 | 0.0146 | 0 |
| 32 | 512 | state | 1.000 | 1.000 | 0.0 | — | — | 521 | 3.44 | 0.013 | 0.0 | 0 |
| 96 | 1536 | both | 1.000 | 0.550 | 10.05 | — | — | 16485 | 8.673 | 0.087 | 0.0438 | 0 |
| 96 | 1536 | both+guard | 1.000 | 0.925 | 0.85 | — | — | 16509 | 8.17 | 0.204 | 0.0438 | 0 |
| 96 | 1536 | jev | 0.200 | 0.000 | 20.7 | 0.650 | 0.000 | 23993 | 0 | 0.189 | 0.0438 | 0 |
| 96 | 1536 | jev+tools | 0.600 | 0.000 | 19.18 | 0.650 | 0.000 | 23993 | 0 | 0.183 | 0.0438 | 0 |
| 96 | 1536 | jev_fifo | 0.225 | 0.000 | 19.98 | 1.000 | 0.000 | 23983 | 0 | 0.19 | 0.0438 | 0 |
| 96 | 1536 | jev_fifo+tools | 1.000 | 0.000 | 18.75 | 1.000 | 0.000 | 23983 | 0 | 0.185 | 0.0438 | 0 |
| 96 | 1536 | state | 1.000 | 0.825 | 0.17 | — | — | 511 | 9.769 | 0.015 | 0.0 | 0 |
done -> results_tally/summary.json
