11:44:16 tally jev n=96 s=0 chunk 1/96 carried=467
11:44:17 tally jev_fifo n=96 s=0 chunk 1/96 carried=467
11:44:19 tally jev n=32 s=0 chunk 1/32 carried=470
11:44:20 tally jev_fifo n=32 s=0 chunk 1/32 carried=470
11:44:21 tally jev n=96 s=0 chunk 2/96 carried=932
11:44:23 tally jev_fifo n=96 s=0 chunk 2/96 carried=957
11:44:24 tally jev n=32 s=0 chunk 2/32 carried=901
11:44:25 tally jev_fifo n=32 s=0 chunk 2/32 carried=931
11:44:27 tally jev n=96 s=0 chunk 3/96 carried=1408
11:44:28 tally jev_fifo n=96 s=0 chunk 3/96 carried=1433
11:44:29 tally jev n=32 s=0 chunk 3/32 carried=1388
11:44:31 tally jev_fifo n=32 s=0 chunk 3/32 carried=1418
11:44:32 tally jev n=96 s=0 chunk 4/96 carried=1916
11:44:33 tally jev_fifo n=96 s=0 chunk 4/96 carried=1916
11:44:35 tally jev n=32 s=0 chunk 4/32 carried=1872
11:44:36 tally jev_fifo n=32 s=0 chunk 4/32 carried=1902
11:44:37 tally jev n=96 s=0 chunk 5/96 carried=2396
11:44:39 tally jev_fifo n=96 s=0 chunk 5/96 carried=2369
11:44:41 tally jev n=32 s=0 chunk 5/32 carried=2349
11:44:41 tally jev_fifo n=32 s=0 chunk 5/32 carried=2379
11:44:43 tally jev n=96 s=0 chunk 6/96 carried=2911
11:44:44 tally jev_fifo n=96 s=0 chunk 6/96 carried=2860
11:44:45 tally jev n=32 s=0 chunk 6/32 carried=2825
11:44:47 tally jev_fifo n=32 s=0 chunk 6/32 carried=2855
11:44:48 tally jev n=96 s=0 chunk 7/96 carried=3356
11:44:49 tally jev_fifo n=96 s=0 chunk 7/96 carried=3305
11:44:51 tally jev n=32 s=0 chunk 7/32 carried=3322
11:44:52 tally jev_fifo n=32 s=0 chunk 7/32 carried=3352
11:44:53 tally jev n=96 s=0 chunk 8/96 carried=3851
11:44:55 tally jev_fifo n=96 s=0 chunk 8/96 carried=3826
11:44:56 tally jev n=32 s=0 chunk 8/32 carried=3799
11:44:57 tally jev_fifo n=32 s=0 chunk 8/32 carried=3829
11:44:59 tally jev n=96 s=0 chunk 9/96 carried=4329
11:45:00 tally jev_fifo n=96 s=0 chunk 9/96 carried=4276
11:45:01 tally jev n=32 s=0 chunk 9/32 carried=4310
11:45:04 tally jev_fifo n=32 s=0 chunk 9/32 carried=4340
11:45:04 tally jev n=96 s=0 chunk 10/96 carried=4817
11:45:05 tally jev_fifo n=96 s=0 chunk 10/96 carried=4764
11:45:07 tally jev n=32 s=0 chunk 10/32 carried=4787
11:45:08 tally jev_fifo n=32 s=0 chunk 10/32 carried=4817
11:45:09 tally jev n=96 s=0 chunk 11/96 carried=5307
11:45:11 tally jev_fifo n=96 s=0 chunk 11/96 carried=5254
11:45:12 tally jev n=32 s=0 chunk 11/32 carried=5307
11:45:13 tally jev_fifo n=32 s=0 chunk 11/32 carried=5337
11:45:15 tally jev n=96 s=0 chunk 12/96 carried=5788
11:45:16 tally jev_fifo n=96 s=0 chunk 12/96 carried=5735
11:45:17 tally jev n=32 s=0 chunk 12/32 carried=5793
11:45:19 tally jev_fifo n=32 s=0 chunk 12/32 carried=5852
11:45:20 tally jev n=96 s=0 chunk 13/96 carried=6260
11:45:21 tally jev_fifo n=96 s=0 chunk 13/96 carried=6207
11:45:23 tally jev n=32 s=0 chunk 13/32 carried=6270
11:45:25 tally jev_fifo n=32 s=0 chunk 13/32 carried=6329
11:45:25 tally jev n=96 s=0 chunk 14/96 carried=6728
11:45:27 tally jev_fifo n=96 s=0 chunk 14/96 carried=6699
11:45:28 tally jev n=32 s=0 chunk 14/32 carried=6755
11:45:29 tally jev_fifo n=32 s=0 chunk 14/32 carried=6814
11:45:31 tally jev n=96 s=0 chunk 15/96 carried=7210
11:45:32 tally jev_fifo n=96 s=0 chunk 15/96 carried=7207
11:45:33 tally jev n=32 s=0 chunk 15/32 carried=7252
11:45:35 tally jev_fifo n=32 s=0 chunk 15/32 carried=7311
11:45:36 tally state n=96 s=0 chunk 1/96 carried=518
11:45:36 tally jev n=96 s=0 chunk 16/96 carried=7715
11:45:37 tally jev_fifo n=96 s=0 chunk 16/96 carried=7712
11:45:39 tally jev n=32 s=0 chunk 16/32 carried=7714
11:45:40 tally jev_fifo n=32 s=0 chunk 16/32 carried=7773
11:45:41 tally jev n=96 s=0 chunk 17/96 carried=8213
11:45:43 tally jev_fifo n=96 s=0 chunk 17/96 carried=8210
11:45:44 tally jev n=32 s=0 chunk 17/32 carried=8190
11:45:45 tally jev_fifo n=32 s=0 chunk 17/32 carried=8249
11:45:47 tally jev n=96 s=0 chunk 18/96 carried=8732
11:45:48 tally jev_fifo n=96 s=0 chunk 18/96 carried=8702
11:45:49 tally jev n=32 s=0 chunk 18/32 carried=8676
11:45:51 tally jev_fifo n=32 s=0 chunk 18/32 carried=8735
11:45:52 tally jev n=96 s=0 chunk 19/96 carried=9216
11:45:53 tally jev_fifo n=96 s=0 chunk 19/96 carried=9211
11:45:55 tally jev n=32 s=0 chunk 19/32 carried=9155
11:45:56 tally jev_fifo n=32 s=0 chunk 19/32 carried=9180
11:45:57 tally jev n=96 s=0 chunk 20/96 carried=9692
11:45:59 tally state n=32 s=0 chunk 1/32 carried=514
11:45:59 tally jev_fifo n=96 s=0 chunk 20/96 carried=9687
11:46:00 tally jev n=32 s=0 chunk 20/32 carried=9678
11:46:02 tally jev_fifo n=32 s=0 chunk 20/32 carried=9728
11:46:03 tally jev n=96 s=0 chunk 21/96 carried=10184
11:46:04 tally jev_fifo n=96 s=0 chunk 21/96 carried=10204
11:46:05 tally jev n=32 s=0 chunk 21/32 carried=10202
11:46:07 tally jev_fifo n=32 s=0 chunk 21/32 carried=10218
11:46:08 tally jev n=96 s=0 chunk 22/96 carried=10681
11:46:09 tally jev_fifo n=96 s=0 chunk 22/96 carried=10701
11:46:11 tally jev n=32 s=0 chunk 22/32 carried=10684
11:46:12 tally jev_fifo n=32 s=0 chunk 22/32 carried=10700
11:46:13 tally jev n=96 s=0 chunk 23/96 carried=11164
11:46:15 tally jev_fifo n=96 s=0 chunk 23/96 carried=11184
11:46:16 tally jev n=32 s=0 chunk 23/32 carried=11190
11:46:18 tally jev_fifo n=32 s=0 chunk 23/32 carried=11179
11:46:19 tally jev n=96 s=0 chunk 24/96 carried=11644
11:46:20 tally jev_fifo n=96 s=0 chunk 24/96 carried=11664
11:46:21 tally jev n=32 s=0 chunk 24/32 carried=11708
11:46:23 tally jev_fifo n=32 s=0 chunk 24/32 carried=11697
11:46:24 tally jev n=96 s=0 chunk 25/96 carried=12138
11:46:26 tally jev_fifo n=96 s=0 chunk 25/96 carried=12158
11:46:27 tally jev n=32 s=0 chunk 25/32 carried=12210
11:46:28 tally jev_fifo n=32 s=0 chunk 25/32 carried=12199
11:46:29 tally jev n=96 s=0 chunk 26/96 carried=12591
11:46:31 tally jev_fifo n=96 s=0 chunk 26/96 carried=12611
11:46:32 tally jev n=32 s=0 chunk 26/32 carried=12652
11:46:33 tally jev_fifo n=32 s=0 chunk 26/32 carried=12641
11:46:35 tally jev n=96 s=0 chunk 27/96 carried=13109
11:46:37 tally jev_fifo n=96 s=0 chunk 27/96 carried=13103
11:46:38 tally jev n=32 s=0 chunk 27/32 carried=13144
11:46:39 tally jev_fifo n=32 s=0 chunk 27/32 carried=13158
11:46:40 tally jev n=96 s=0 chunk 28/96 carried=13544
11:46:42 tally jev_fifo n=96 s=0 chunk 28/96 carried=13538
11:46:43 tally jev n=32 s=0 chunk 28/32 carried=13644
11:46:44 tally jev_fifo n=32 s=0 chunk 28/32 carried=13633
11:46:45 tally jev n=96 s=0 chunk 29/96 carried=13990
11:46:47 tally jev_fifo n=96 s=0 chunk 29/96 carried=14009
11:46:48 tally jev n=32 s=0 chunk 29/32 carried=14117
11:46:49 tally jev_fifo n=32 s=0 chunk 29/32 carried=14106
11:46:51 tally jev n=96 s=0 chunk 30/96 carried=14494
11:46:52 tally jev_fifo n=96 s=0 chunk 30/96 carried=14486
11:46:53 tally jev n=32 s=0 chunk 30/32 carried=14587
11:46:55 tally jev_fifo n=32 s=0 chunk 30/32 carried=14601
11:46:56 tally jev n=96 s=0 chunk 31/96 carried=14983
11:46:57 tally jev_fifo n=96 s=0 chunk 31/96 carried=15003
11:46:59 tally jev n=32 s=0 chunk 31/32 carried=15070
11:47:00 tally jev_fifo n=32 s=0 chunk 31/32 carried=15084
11:47:01 tally jev n=96 s=0 chunk 32/96 carried=15473
11:47:03 tally jev_fifo n=96 s=0 chunk 32/96 carried=15468
11:47:04 tally jev n=32 s=0 chunk 32/32 carried=15576
11:47:06 tally jev_fifo n=32 s=0 chunk 32/32 carried=15590
11:47:07 tally jev n=96 s=0 chunk 33/96 carried=15976
11:47:08 tally jev_fifo n=96 s=0 chunk 33/96 carried=15971
11:47:10 tally jev n=96 s=0 chunk 34/96 carried=16478
11:47:11 tally jev_fifo n=96 s=0 chunk 34/96 carried=16473
11:47:12 tally jev n=96 s=0 chunk 35/96 carried=16988
11:47:13 tally jev_fifo n=96 s=0 chunk 35/96 carried=16958
11:47:15 tally jev n=96 s=0 chunk 36/96 carried=17461
11:47:16 tally jev_fifo n=96 s=0 chunk 36/96 carried=17431
11:47:18 tally jev n=96 s=0 chunk 37/96 carried=17944
11:47:19 tally jev_fifo n=96 s=0 chunk 37/96 carried=17914
11:47:21 tally jev n=96 s=0 chunk 38/96 carried=18419
11:47:21 tally jev_fifo n=96 s=0 chunk 38/96 carried=18389
11:47:23 tally jev n=96 s=0 chunk 39/96 carried=18929
11:47:24 tally jev_fifo n=96 s=0 chunk 39/96 carried=18899
11:47:25 tally jev n=96 s=0 chunk 40/96 carried=19398
11:47:27 tally jev_fifo n=96 s=0 chunk 40/96 carried=19368
11:47:29 tally jev n=96 s=0 chunk 41/96 carried=19989
11:47:30 tally jev_fifo n=96 s=0 chunk 41/96 carried=19883
11:47:31 tally jev n=96 s=0 chunk 42/96 carried=20478
11:47:32 tally jev_fifo n=96 s=0 chunk 42/96 carried=20372
11:47:33 tally jev n=96 s=0 chunk 43/96 carried=20965
11:47:35 tally jev_fifo n=96 s=0 chunk 43/96 carried=20859
11:47:36 tally jev n=96 s=0 chunk 44/96 carried=21522
11:47:37 tally jev_fifo n=96 s=0 chunk 44/96 carried=21392
11:47:39 tally jev n=96 s=0 chunk 45/96 carried=22011
11:47:40 tally jev_fifo n=96 s=0 chunk 45/96 carried=21881
11:47:41 tally jev n=96 s=0 chunk 46/96 carried=22509
11:47:43 tally jev_fifo n=96 s=0 chunk 46/96 carried=22379
11:47:44 tally jev n=96 s=0 chunk 47/96 carried=23034
11:47:45 tally jev_fifo n=96 s=0 chunk 47/96 carried=22904
11:47:48 tally jev n=96 s=0 chunk 48/96 carried=23519
11:47:48 tally jev_fifo n=96 s=0 chunk 48/96 carried=23389
11:47:50 tally jev n=96 s=0 chunk 49/96 carried=23989
11:47:51 tally jev_fifo n=96 s=0 chunk 49/96 carried=23915
11:47:52 tally jev n=96 s=0 chunk 50/96 carried=23988
11:47:54 tally jev_fifo n=96 s=0 chunk 50/96 carried=23967
11:47:55 tally jev n=96 s=0 chunk 51/96 carried=23983
11:47:56 tally jev_fifo n=96 s=0 chunk 51/96 carried=23977
11:47:58 tally jev n=96 s=0 chunk 52/96 carried=23970
11:47:59 tally jev_fifo n=96 s=0 chunk 52/96 carried=23999
11:48:00 tally jev n=96 s=0 chunk 53/96 carried=24000
11:48:02 tally jev_fifo n=96 s=0 chunk 53/96 carried=23982
11:48:03 tally jev n=96 s=0 chunk 54/96 carried=23995
11:48:04 tally jev_fifo n=96 s=0 chunk 54/96 carried=23998
11:48:06 tally jev n=96 s=0 chunk 55/96 carried=23996
11:48:07 tally jev_fifo n=96 s=0 chunk 55/96 carried=23976
11:48:08 tally jev n=96 s=0 chunk 56/96 carried=23983
11:48:10 tally jev_fifo n=96 s=0 chunk 56/96 carried=23993
11:48:11 tally jev n=96 s=0 chunk 57/96 carried=23994
11:48:11 tally state n=96 s=0 chunk 2/96 carried=509
11:48:13 tally jev_fifo n=96 s=0 chunk 57/96 carried=23988
11:48:14 tally jev n=96 s=0 chunk 58/96 carried=24000
11:48:15 tally jev_fifo n=96 s=0 chunk 58/96 carried=23968
11:48:16 tally jev n=96 s=0 chunk 59/96 carried=23992
11:48:18 tally jev_fifo n=96 s=0 chunk 59/96 carried=23982
11:48:18 tally state n=32 s=0 chunk 2/32 carried=512
11:48:19 tally jev n=96 s=0 chunk 60/96 carried=23973
11:48:20 tally jev_fifo n=96 s=0 chunk 60/96 carried=23990
11:48:22 tally jev n=96 s=0 chunk 61/96 carried=23983
11:48:23 tally jev_fifo n=96 s=0 chunk 61/96 carried=23984
11:48:24 tally jev n=96 s=0 chunk 62/96 carried=23975
11:48:26 tally jev_fifo n=96 s=0 chunk 62/96 carried=23984
11:48:27 tally jev n=96 s=0 chunk 63/96 carried=23997
11:48:28 tally jev_fifo n=96 s=0 chunk 63/96 carried=23985
11:48:30 tally jev n=96 s=0 chunk 64/96 carried=23975
11:48:31 tally jev_fifo n=96 s=0 chunk 64/96 carried=23978
11:48:32 tally jev n=96 s=0 chunk 65/96 carried=23999
11:48:34 tally jev_fifo n=96 s=0 chunk 65/96 carried=23970
11:48:35 tally jev n=96 s=0 chunk 66/96 carried=23978
11:48:36 tally jev_fifo n=96 s=0 chunk 66/96 carried=23991
11:48:38 tally jev n=96 s=0 chunk 67/96 carried=23975
11:48:39 tally jev_fifo n=96 s=0 chunk 67/96 carried=23994
11:48:40 tally jev n=96 s=0 chunk 68/96 carried=23996
11:48:42 tally jev_fifo n=96 s=0 chunk 68/96 carried=23994
11:48:43 tally jev n=96 s=0 chunk 69/96 carried=23978
11:48:44 tally jev_fifo n=96 s=0 chunk 69/96 carried=23986
11:48:46 tally jev n=96 s=0 chunk 70/96 carried=23983
11:48:47 tally jev_fifo n=96 s=0 chunk 70/96 carried=23978
11:48:48 tally jev n=96 s=0 chunk 71/96 carried=23975
11:48:50 tally jev_fifo n=96 s=0 chunk 71/96 carried=23984
11:48:51 tally jev n=96 s=0 chunk 72/96 carried=23997
11:48:52 tally jev_fifo n=96 s=0 chunk 72/96 carried=23985
11:48:54 tally jev n=96 s=0 chunk 73/96 carried=23971
11:48:55 tally jev_fifo n=96 s=0 chunk 73/96 carried=23981
11:48:56 tally jev n=96 s=0 chunk 74/96 carried=23997
11:48:58 tally jev_fifo n=96 s=0 chunk 74/96 carried=23996
11:48:59 tally jev n=96 s=0 chunk 75/96 carried=23982
11:49:00 tally jev_fifo n=96 s=0 chunk 75/96 carried=23983
11:49:02 tally jev n=96 s=0 chunk 76/96 carried=23975
11:49:03 tally jev_fifo n=96 s=0 chunk 76/96 carried=24000
11:49:04 tally jev n=96 s=0 chunk 77/96 carried=23985
11:49:06 tally jev_fifo n=96 s=0 chunk 77/96 carried=23991
11:49:07 tally jev n=96 s=0 chunk 78/96 carried=23982
11:49:08 tally jev_fifo n=96 s=0 chunk 78/96 carried=23991
11:49:10 tally jev n=96 s=0 chunk 79/96 carried=23971
11:49:11 tally jev_fifo n=96 s=0 chunk 79/96 carried=23982
11:49:12 tally jev n=96 s=0 chunk 80/96 carried=23978
11:49:14 tally jev_fifo n=96 s=0 chunk 80/96 carried=23980
11:49:15 tally jev n=96 s=0 chunk 81/96 carried=23990
11:49:16 tally jev_fifo n=96 s=0 chunk 81/96 carried=23982
11:49:18 tally jev n=96 s=0 chunk 82/96 carried=23997
11:49:19 tally jev_fifo n=96 s=0 chunk 82/96 carried=23990
11:49:20 tally jev n=96 s=0 chunk 83/96 carried=23985
11:49:22 tally jev_fifo n=96 s=0 chunk 83/96 carried=23973
11:49:23 tally jev n=96 s=0 chunk 84/96 carried=23992
11:49:24 tally jev_fifo n=96 s=0 chunk 84/96 carried=23977
11:49:26 tally jev n=96 s=0 chunk 85/96 carried=24000
11:49:27 tally jev_fifo n=96 s=0 chunk 85/96 carried=23985
11:49:28 tally jev n=96 s=0 chunk 86/96 carried=23997
11:49:30 tally jev_fifo n=96 s=0 chunk 86/96 carried=23978
11:49:31 tally jev n=96 s=0 chunk 87/96 carried=23999
11:49:32 tally jev_fifo n=96 s=0 chunk 87/96 carried=23980
11:49:34 tally jev n=96 s=0 chunk 88/96 carried=23991
11:49:35 tally jev_fifo n=96 s=0 chunk 88/96 carried=23991
11:49:36 tally jev n=96 s=0 chunk 89/96 carried=23972
11:49:38 tally jev_fifo n=96 s=0 chunk 89/96 carried=23995
11:49:39 tally jev n=96 s=0 chunk 90/96 carried=23990
11:49:40 tally jev_fifo n=96 s=0 chunk 90/96 carried=23985
11:49:42 tally jev n=96 s=0 chunk 91/96 carried=23996
11:49:43 tally jev_fifo n=96 s=0 chunk 91/96 carried=23990
11:49:44 tally jev n=96 s=0 chunk 92/96 carried=23988
11:49:46 tally jev_fifo n=96 s=0 chunk 92/96 carried=23977
11:49:47 tally jev n=96 s=0 chunk 93/96 carried=23982
11:49:48 finished ('jev', 32, 0) -> jev__32__0.json
11:49:49 tally jev_fifo n=96 s=0 chunk 93/96 carried=23997
11:49:50 tally jev n=96 s=0 chunk 94/96 carried=23993
11:49:50 tally state n=32 s=0 chunk 3/32 carried=510
11:49:51 tally jev_fifo n=96 s=0 chunk 94/96 carried=23996
11:49:51 tally state n=96 s=0 chunk 3/96 carried=514
11:49:52 tally jev n=96 s=0 chunk 95/96 carried=23994
11:49:54 tally jev_fifo n=96 s=0 chunk 95/96 carried=23977
11:49:55 tally jev n=96 s=0 chunk 96/96 carried=23993
11:49:56 tally jev_fifo n=96 s=0 chunk 96/96 carried=23983
11:51:03 tally state n=96 s=0 chunk 4/96 carried=507
11:51:41 tally state n=32 s=0 chunk 4/32 carried=512
11:52:11 tally state n=96 s=0 chunk 5/96 carried=508
11:52:45 finished ('jev', 96, 0) -> jev__96__0.json
11:52:50 tally state n=32 s=0 chunk 5/32 carried=514
11:52:58 finished ('jev_fifo', 96, 0) -> jev_fifo__96__0.json
11:53:47 tally state n=96 s=0 chunk 6/96 carried=507
11:53:58 tally state n=32 s=0 chunk 6/32 carried=515
11:55:08 tally state n=96 s=0 chunk 7/96 carried=511
11:55:41 finished ('jev_fifo', 32, 0) -> jev_fifo__32__0.json
11:56:19 tally state n=32 s=0 chunk 7/32 carried=521
11:57:41 tally state n=32 s=0 chunk 8/32 carried=518
11:58:07 tally state n=96 s=0 chunk 8/96 carried=507
11:59:17 tally state n=96 s=0 chunk 9/96 carried=512
11:59:22 tally state n=32 s=0 chunk 9/32 carried=519
12:01:17 tally state n=32 s=0 chunk 10/32 carried=519
12:01:43 tally state n=96 s=0 chunk 10/96 carried=514
12:02:42 tally state n=96 s=0 chunk 11/96 carried=513
12:02:53 tally state n=32 s=0 chunk 11/32 carried=515
12:04:12 tally state n=96 s=0 chunk 12/96 carried=510
12:05:02 tally state n=32 s=0 chunk 12/32 carried=510
12:05:59 tally state n=96 s=0 chunk 13/96 carried=512
12:06:32 tally state n=32 s=0 chunk 13/32 carried=514
12:07:02 tally state n=96 s=0 chunk 14/96 carried=507
12:07:32 tally state n=32 s=0 chunk 14/32 carried=506
12:09:22 tally state n=32 s=0 chunk 15/32 carried=513
12:09:37 tally state n=96 s=0 chunk 15/96 carried=520
12:10:36 tally state n=96 s=0 chunk 16/96 carried=520
12:11:18 tally state n=32 s=0 chunk 16/32 carried=520
12:11:56 tally state n=96 s=0 chunk 17/96 carried=520
12:12:35 tally state n=32 s=0 chunk 17/32 carried=519
12:13:47 tally state n=32 s=0 chunk 18/32 carried=524
12:14:07 tally state n=96 s=0 chunk 18/96 carried=519
12:14:53 tally state n=32 s=0 chunk 19/32 carried=519
12:15:18 tally state n=96 s=0 chunk 19/96 carried=519
12:16:38 tally state n=96 s=0 chunk 20/96 carried=516
12:16:48 tally state n=32 s=0 chunk 20/32 carried=520
12:17:54 tally state n=96 s=0 chunk 21/96 carried=517
12:18:05 tally state n=32 s=0 chunk 21/32 carried=515
12:19:06 tally state n=96 s=0 chunk 22/96 carried=515
12:19:50 tally state n=32 s=0 chunk 22/32 carried=519
12:20:41 tally state n=96 s=0 chunk 23/96 carried=512
12:21:38 tally state n=96 s=0 chunk 24/96 carried=509
12:21:43 tally state n=32 s=0 chunk 23/32 carried=520
12:22:52 tally state n=32 s=0 chunk 24/32 carried=521
12:22:53 tally state n=96 s=0 chunk 25/96 carried=515
12:23:55 tally state n=32 s=0 chunk 25/32 carried=521
12:25:01 tally state n=32 s=0 chunk 26/32 carried=521
12:25:12 tally state n=96 s=0 chunk 26/96 carried=512
12:26:47 tally state n=32 s=0 chunk 27/32 carried=515
12:27:37 tally state n=96 s=0 chunk 27/96 carried=515
12:28:12 tally state n=32 s=0 chunk 28/32 carried=511
12:29:19 tally state n=96 s=0 chunk 28/96 carried=515
12:29:41 tally state n=32 s=0 chunk 29/32 carried=514
12:30:48 tally state n=96 s=0 chunk 29/96 carried=519
12:31:10 tally state n=32 s=0 chunk 30/32 carried=513
12:32:20 tally state n=96 s=0 chunk 30/96 carried=517
12:32:40 tally state n=32 s=0 chunk 31/32 carried=510
12:33:50 tally state n=96 s=0 chunk 31/96 carried=516
12:34:09 tally state n=32 s=0 chunk 32/32 carried=521
12:34:23 finished ('state', 32, 0) -> state__32__0.json
12:34:52 tally state n=96 s=0 chunk 32/96 carried=521
12:36:59 tally state n=96 s=0 chunk 33/96 carried=520
12:38:57 tally state n=96 s=0 chunk 34/96 carried=517
12:41:09 tally state n=96 s=0 chunk 35/96 carried=520
12:42:28 tally state n=96 s=0 chunk 36/96 carried=523
12:43:40 tally state n=96 s=0 chunk 37/96 carried=520
12:44:34 tally state n=96 s=0 chunk 38/96 carried=516
12:45:41 tally state n=96 s=0 chunk 39/96 carried=519
12:47:09 tally state n=96 s=0 chunk 40/96 carried=520
12:48:56 tally state n=96 s=0 chunk 41/96 carried=520
12:50:34 tally state n=96 s=0 chunk 42/96 carried=524
12:51:38 tally state n=96 s=0 chunk 43/96 carried=525
12:52:57 tally state n=96 s=0 chunk 44/96 carried=528
12:53:59 tally state n=96 s=0 chunk 45/96 carried=525
12:56:02 tally state n=96 s=0 chunk 46/96 carried=529
12:58:23 tally state n=96 s=0 chunk 47/96 carried=527
12:59:41 tally state n=96 s=0 chunk 48/96 carried=527
13:00:48 tally state n=96 s=0 chunk 49/96 carried=524
13:02:41 tally state n=96 s=0 chunk 50/96 carried=519
13:05:01 tally state n=96 s=0 chunk 51/96 carried=517
13:06:02 tally state n=96 s=0 chunk 52/96 carried=517
13:07:13 tally state n=96 s=0 chunk 53/96 carried=521
13:08:04 tally state n=96 s=0 chunk 54/96 carried=519
13:09:22 tally state n=96 s=0 chunk 55/96 carried=522
13:10:15 tally state n=96 s=0 chunk 56/96 carried=516
13:11:51 tally state n=96 s=0 chunk 57/96 carried=516
13:13:12 tally state n=96 s=0 chunk 58/96 carried=514
13:13:51 tally state n=96 s=0 chunk 59/96 carried=517
13:14:33 tally state n=96 s=0 chunk 60/96 carried=522
13:15:27 tally state n=96 s=0 chunk 61/96 carried=517
13:16:38 tally state n=96 s=0 chunk 62/96 carried=513
13:19:08 tally state n=96 s=0 chunk 63/96 carried=513
13:21:00 tally state n=96 s=0 chunk 64/96 carried=519
13:21:34 tally state n=96 s=0 chunk 65/96 carried=512
13:22:47 tally state n=96 s=0 chunk 66/96 carried=514
13:23:55 tally state n=96 s=0 chunk 67/96 carried=518
13:24:35 tally state n=96 s=0 chunk 68/96 carried=515
13:26:34 tally state n=96 s=0 chunk 69/96 carried=517
13:28:22 tally state n=96 s=0 chunk 70/96 carried=511
13:29:47 tally state n=96 s=0 chunk 71/96 carried=509
13:31:16 tally state n=96 s=0 chunk 72/96 carried=509
13:32:30 tally state n=96 s=0 chunk 73/96 carried=507
13:34:23 tally state n=96 s=0 chunk 74/96 carried=511
13:36:18 tally state n=96 s=0 chunk 75/96 carried=516
13:37:19 tally state n=96 s=0 chunk 76/96 carried=518
13:40:24 tally state n=96 s=0 chunk 77/96 carried=514
13:41:47 tally state n=96 s=0 chunk 78/96 carried=514
13:43:04 tally state n=96 s=0 chunk 79/96 carried=511
13:46:09 tally state n=96 s=0 chunk 80/96 carried=508
13:47:37 tally state n=96 s=0 chunk 81/96 carried=507
13:48:25 tally state n=96 s=0 chunk 82/96 carried=510
13:49:32 tally state n=96 s=0 chunk 83/96 carried=508
13:51:02 tally state n=96 s=0 chunk 84/96 carried=508
13:52:27 tally state n=96 s=0 chunk 85/96 carried=508
13:53:51 tally state n=96 s=0 chunk 86/96 carried=514
13:56:02 tally state n=96 s=0 chunk 87/96 carried=516
13:57:33 tally state n=96 s=0 chunk 88/96 carried=511
13:58:53 tally state n=96 s=0 chunk 89/96 carried=507
14:00:32 tally state n=96 s=0 chunk 90/96 carried=506
14:03:11 tally state n=96 s=0 chunk 91/96 carried=512
14:05:49 tally state n=96 s=0 chunk 92/96 carried=511
14:07:14 tally state n=96 s=0 chunk 93/96 carried=511
14:08:28 tally state n=96 s=0 chunk 94/96 carried=513
14:10:11 tally state n=96 s=0 chunk 95/96 carried=508
14:12:38 tally state n=96 s=0 chunk 96/96 carried=511
14:12:54 finished ('state', 96, 0) -> state__96__0.json
| chunks | events | cond | holder acc | count exact | count MAE | replay holder | replay count | carried tok | relay $ | answer $ | Jev $ | cut at cap |
|---|---|---|---|---|---|---|---|---|---|---|---|---|
| 32 | 512 | jev | 0.925 | 0.575 | 0.6 | 1.000 | 0.900 | 15576 | 0 | 0.165 | 0.0146 | 0 |
| 32 | 512 | jev+tools | 1.000 | 0.900 | 0.1 | 1.000 | 0.900 | 15576 | 0 | 0.181 | 0.0146 | 0 |
| 32 | 512 | jev_fifo | 0.950 | 0.575 | 0.78 | 1.000 | 0.900 | 15590 | 0 | 0.413 | 0.0146 | 0 |
| 32 | 512 | jev_fifo+tools | 1.000 | 0.900 | 0.1 | 1.000 | 0.900 | 15590 | 0 | 0.237 | 0.0146 | 0 |
| 32 | 512 | state | 1.000 | 1.000 | 0.0 | — | — | 521 | 3.44 | 0.013 | 0.0 | 0 |
| 96 | 1536 | jev | 0.200 | 0.000 | 20.7 | 0.650 | 0.000 | 23993 | 0 | 0.189 | 0.0438 | 0 |
| 96 | 1536 | jev+tools | 0.600 | 0.000 | 19.18 | 0.650 | 0.000 | 23993 | 0 | 0.183 | 0.0438 | 0 |
| 96 | 1536 | jev_fifo | 0.225 | 0.000 | 19.98 | 1.000 | 0.000 | 23983 | 0 | 0.19 | 0.0438 | 0 |
| 96 | 1536 | jev_fifo+tools | 1.000 | 0.000 | 18.75 | 1.000 | 0.000 | 23983 | 0 | 0.185 | 0.0438 | 0 |
| 96 | 1536 | state | 1.000 | 0.825 | 0.17 | — | — | 511 | 9.769 | 0.015 | 0.0 | 0 |
done -> results_tally/summary.json
