00:07:29 tally both n=96 s=0 chunk 1/96 carried=985
00:08:03 tally both n=32 s=0 chunk 1/32 carried=984
00:09:06 tally both n=32 s=0 chunk 2/32 carried=1443
00:09:10 tally both n=96 s=0 chunk 2/96 carried=1441
00:09:45 tally both n=96 s=0 chunk 3/96 carried=1922
00:09:49 tally both n=32 s=0 chunk 3/32 carried=1928
00:11:00 tally both n=32 s=0 chunk 4/32 carried=2414
00:11:05 tally both n=96 s=0 chunk 4/96 carried=2422
00:11:48 tally both n=32 s=0 chunk 5/32 carried=2893
00:12:09 tally both n=96 s=0 chunk 5/96 carried=2876
00:12:37 tally both n=32 s=0 chunk 6/32 carried=3370
00:12:43 tally both n=96 s=0 chunk 6/96 carried=3368
00:13:41 tally both n=32 s=0 chunk 7/32 carried=3873
00:13:42 tally both n=96 s=0 chunk 7/96 carried=3843
00:14:22 tally both n=32 s=0 chunk 8/32 carried=4347
00:14:51 tally both n=96 s=0 chunk 8/96 carried=4332
00:15:05 tally both n=32 s=0 chunk 9/32 carried=4834
00:15:45 tally both n=96 s=0 chunk 9/96 carried=4788
00:16:30 tally both n=96 s=0 chunk 10/96 carried=5278
00:17:04 tally both n=32 s=0 chunk 10/32 carried=5311
00:17:07 tally both n=96 s=0 chunk 11/96 carried=5767
00:18:18 tally both n=32 s=0 chunk 11/32 carried=5852
00:18:46 tally both n=96 s=0 chunk 12/96 carried=6244
00:19:54 tally both n=96 s=0 chunk 13/96 carried=6746
00:20:29 tally both n=32 s=0 chunk 12/32 carried=6358
00:21:12 tally both n=96 s=0 chunk 14/96 carried=7209
00:21:42 tally both n=32 s=0 chunk 13/32 carried=6839
00:22:25 tally both n=32 s=0 chunk 14/32 carried=7316
00:22:28 tally both n=96 s=0 chunk 15/96 carried=7730
00:23:02 tally both n=32 s=0 chunk 15/32 carried=7820
00:23:41 tally both n=96 s=0 chunk 16/96 carried=8235
00:24:19 tally both n=32 s=0 chunk 16/32 carried=8289
00:24:56 tally both n=32 s=0 chunk 17/32 carried=8764
00:24:56 tally both n=96 s=0 chunk 17/96 carried=8733
00:25:36 tally both n=32 s=0 chunk 18/32 carried=9255
00:26:13 tally both n=32 s=0 chunk 19/32 carried=9729
00:26:59 tally both n=32 s=0 chunk 20/32 carried=10253
00:27:57 tally both n=96 s=0 chunk 18/96 carried=9223
00:28:06 tally both n=32 s=0 chunk 21/32 carried=10745
00:28:39 tally both n=96 s=0 chunk 19/96 carried=9707
00:28:40 tally both n=32 s=0 chunk 22/32 carried=11231
00:29:57 tally both n=96 s=0 chunk 20/96 carried=10180
00:30:17 tally both n=32 s=0 chunk 23/32 carried=11711
00:31:38 tally both n=32 s=0 chunk 24/32 carried=12230
00:32:24 tally both n=32 s=0 chunk 25/32 carried=12732
00:32:28 tally both n=96 s=0 chunk 21/96 carried=10699
00:33:39 tally both n=32 s=0 chunk 26/32 carried=13174
00:35:00 tally both n=96 s=0 chunk 22/96 carried=11217
00:35:43 tally both n=96 s=0 chunk 23/96 carried=11697
00:36:03 tally both n=32 s=0 chunk 27/32 carried=13685
00:36:21 tally both n=96 s=0 chunk 24/96 carried=12174
00:37:18 tally both n=32 s=0 chunk 28/32 carried=14181
00:38:07 tally both n=32 s=0 chunk 29/32 carried=14657
00:38:34 tally both n=96 s=0 chunk 25/96 carried=12674
00:38:47 tally both n=32 s=0 chunk 30/32 carried=15126
00:39:34 tally both n=32 s=0 chunk 31/32 carried=15606
00:40:12 tally both n=32 s=0 chunk 32/32 carried=16149
00:40:16 tally both n=96 s=0 chunk 26/96 carried=13124
00:41:06 finished ('both', 32, 0) -> both__32__0.json
00:42:27 tally both n=96 s=0 chunk 27/96 carried=13668
00:44:48 tally both n=96 s=0 chunk 28/96 carried=14103
00:48:00 tally both n=96 s=0 chunk 29/96 carried=14590
00:48:48 tally both n=96 s=0 chunk 30/96 carried=15055
00:51:27 tally both n=96 s=0 chunk 31/96 carried=15569
00:52:42 tally both n=96 s=0 chunk 32/96 carried=16039
00:54:01 tally both n=96 s=0 chunk 33/96 carried=16511
00:55:49 tally both n=96 s=0 chunk 34/96 carried=16514
00:56:22 tally both n=96 s=0 chunk 35/96 carried=16502
00:57:41 tally both n=96 s=0 chunk 36/96 carried=16507
00:58:23 tally both n=96 s=0 chunk 37/96 carried=16500
00:59:22 tally both n=96 s=0 chunk 38/96 carried=16492
01:00:19 tally both n=96 s=0 chunk 39/96 carried=16498
01:01:16 tally both n=96 s=0 chunk 40/96 carried=16516
01:02:05 tally both n=96 s=0 chunk 41/96 carried=16501
01:03:01 tally both n=96 s=0 chunk 42/96 carried=16503
01:03:35 tally both n=96 s=0 chunk 43/96 carried=16524
01:04:31 tally both n=96 s=0 chunk 44/96 carried=16523
01:06:26 tally both n=96 s=0 chunk 45/96 carried=16512
01:07:58 tally both n=96 s=0 chunk 46/96 carried=16515
01:08:42 tally both n=96 s=0 chunk 47/96 carried=16504
01:09:31 tally both n=96 s=0 chunk 48/96 carried=16522
01:10:59 tally both n=96 s=0 chunk 49/96 carried=16519
01:12:01 tally both n=96 s=0 chunk 50/96 carried=16510
01:13:44 tally both n=96 s=0 chunk 51/96 carried=16490
01:14:18 tally both n=96 s=0 chunk 52/96 carried=16514
01:15:42 tally both n=96 s=0 chunk 53/96 carried=16508
01:16:23 tally both n=96 s=0 chunk 54/96 carried=16507
01:17:00 tally both n=96 s=0 chunk 55/96 carried=16499
01:18:27 tally both n=96 s=0 chunk 56/96 carried=16497
01:19:28 tally both n=96 s=0 chunk 57/96 carried=16489
01:21:05 tally both n=96 s=0 chunk 58/96 carried=16488
01:21:53 tally both n=96 s=0 chunk 59/96 carried=16492
01:23:03 tally both n=96 s=0 chunk 60/96 carried=16497
01:25:48 tally both n=96 s=0 chunk 61/96 carried=16506
01:26:41 tally both n=96 s=0 chunk 62/96 carried=16503
01:28:18 tally both n=96 s=0 chunk 63/96 carried=16483
01:29:49 tally both n=96 s=0 chunk 64/96 carried=16518
01:30:37 tally both n=96 s=0 chunk 65/96 carried=16499
01:31:26 tally both n=96 s=0 chunk 66/96 carried=16495
01:32:20 tally both n=96 s=0 chunk 67/96 carried=16505
01:33:00 tally both n=96 s=0 chunk 68/96 carried=16488
01:33:59 tally both n=96 s=0 chunk 69/96 carried=16501
01:34:40 tally both n=96 s=0 chunk 70/96 carried=16480
01:35:34 tally both n=96 s=0 chunk 71/96 carried=16497
01:36:21 tally both n=96 s=0 chunk 72/96 carried=16491
01:37:22 tally both n=96 s=0 chunk 73/96 carried=16496
01:38:11 tally both n=96 s=0 chunk 74/96 carried=16486
01:39:56 tally both n=96 s=0 chunk 75/96 carried=16499
01:40:32 tally both n=96 s=0 chunk 76/96 carried=16503
01:42:14 tally both n=96 s=0 chunk 77/96 carried=16501
01:42:47 tally both n=96 s=0 chunk 78/96 carried=16513
01:43:47 tally both n=96 s=0 chunk 79/96 carried=16505
01:44:22 tally both n=96 s=0 chunk 80/96 carried=16492
01:45:17 tally both n=96 s=0 chunk 81/96 carried=16481
01:46:21 tally both n=96 s=0 chunk 82/96 carried=16498
01:46:50 tally both n=96 s=0 chunk 83/96 carried=16491
01:47:24 tally both n=96 s=0 chunk 84/96 carried=16506
01:47:53 tally both n=96 s=0 chunk 85/96 carried=16492
01:48:44 tally both n=96 s=0 chunk 86/96 carried=16502
01:49:21 tally both n=96 s=0 chunk 87/96 carried=16498
01:51:35 tally both n=96 s=0 chunk 88/96 carried=16501
01:52:03 tally both n=96 s=0 chunk 89/96 carried=16486
01:52:37 tally both n=96 s=0 chunk 90/96 carried=16501
01:53:28 tally both n=96 s=0 chunk 91/96 carried=16486
01:54:14 tally both n=96 s=0 chunk 92/96 carried=16494
01:55:10 tally both n=96 s=0 chunk 93/96 carried=16486
01:55:49 tally both n=96 s=0 chunk 94/96 carried=16502
01:56:31 tally both n=96 s=0 chunk 95/96 carried=16477
01:57:06 tally both n=96 s=0 chunk 96/96 carried=16485
01:57:37 finished ('both', 96, 0) -> both__96__0.json
| chunks | events | cond | holder acc | count exact | count MAE | replay holder | replay count | carried tok | relay $ | answer $ | Jev $ | cut at cap |
|---|---|---|---|---|---|---|---|---|---|---|---|---|
| 32 | 512 | both | 1.000 | 0.975 | 0.03 | — | — | 16149 | 2.574 | 0.095 | 0.0146 | 0 |
| 32 | 512 | jev | 0.925 | 0.575 | 0.6 | 1.000 | 0.900 | 15576 | 0 | 0.165 | 0.0146 | 0 |
| 32 | 512 | jev+tools | 1.000 | 0.900 | 0.1 | 1.000 | 0.900 | 15576 | 0 | 0.181 | 0.0146 | 0 |
| 32 | 512 | jev_fifo | 0.950 | 0.575 | 0.78 | 1.000 | 0.900 | 15590 | 0 | 0.413 | 0.0146 | 0 |
| 32 | 512 | jev_fifo+tools | 1.000 | 0.900 | 0.1 | 1.000 | 0.900 | 15590 | 0 | 0.237 | 0.0146 | 0 |
| 32 | 512 | state | 1.000 | 1.000 | 0.0 | — | — | 521 | 3.44 | 0.013 | 0.0 | 0 |
| 96 | 1536 | both | 1.000 | 0.550 | 10.05 | — | — | 16485 | 8.673 | 0.087 | 0.0438 | 0 |
| 96 | 1536 | jev | 0.200 | 0.000 | 20.7 | 0.650 | 0.000 | 23993 | 0 | 0.189 | 0.0438 | 0 |
| 96 | 1536 | jev+tools | 0.600 | 0.000 | 19.18 | 0.650 | 0.000 | 23993 | 0 | 0.183 | 0.0438 | 0 |
| 96 | 1536 | jev_fifo | 0.225 | 0.000 | 19.98 | 1.000 | 0.000 | 23983 | 0 | 0.19 | 0.0438 | 0 |
| 96 | 1536 | jev_fifo+tools | 1.000 | 0.000 | 18.75 | 1.000 | 0.000 | 23983 | 0 | 0.185 | 0.0438 | 0 |
| 96 | 1536 | state | 1.000 | 0.825 | 0.17 | — | — | 511 | 9.769 | 0.015 | 0.0 | 0 |
done -> results_tally/summary.json
