failed https://fonts.googleapis.com/css2?family=Michroma&family=IBM+Plex+Sans:wght@400;600&family=IBM+Plex+ net::ERR_FAILED
takes/house-before.wav: 45.0 s, peak 1.74, failed requests 1
failed https://fonts.googleapis.com/css2?family=Michroma&family=IBM+Plex+Sans:wght@400;600&family=IBM+Plex+ net::ERR_FAILED
takes/house-after.wav: 45.0 s, peak 1.76, failed requests 1
failed https://fonts.googleapis.com/css2?family=Michroma&family=IBM+Plex+Sans:wght@400;600&family=IBM+Plex+ net::ERR_FAILED
failed https://raw.githubusercontent.com/ritchse/tidal-drum-machines/main/machines/RolandTR808/rolandtr808- net::ERR_TOO_MANY_RETRIES
failed https://raw.githubusercontent.com/ritchse/tidal-drum-machines/main/machines/RolandTR808/rolandtr808- net::ERR_TOO_MANY_RETRIES
takes/lofi-before.wav: 44.9 s, peak 0.85, failed requests 3
failed https://fonts.googleapis.com/css2?family=Michroma&family=IBM+Plex+Sans:wght@400;600&family=IBM+Plex+ net::ERR_FAILED
failed https://raw.githubusercontent.com/felixroos/dough-samples/main/tidal-drum-machines.json net::ERR_TOO_MANY_RETRIES
takes/lofi-after.wav: 0.0 s, peak 0.00, failed requests 2
failed https://fonts.googleapis.com/css2?family=Michroma&family=IBM+Plex+Sans:wght@400;600&family=IBM+Plex+ net::ERR_FAILED
failed https://raw.githubusercontent.com/felixroos/dough-samples/main/piano.json net::ERR_TOO_MANY_RETRIES
takes/synthwave-before.wav: 0.0 s, peak 0.00, failed requests 2
failed https://fonts.googleapis.com/css2?family=Michroma&family=IBM+Plex+Sans:wght@400;600&family=IBM+Plex+ net::ERR_FAILED
failed https://raw.githubusercontent.com/felixroos/dough-samples/main/tidal-drum-machines.json net::ERR_TOO_MANY_RETRIES
takes/synthwave-after.wav: 0.0 s, peak 0.00, failed requests 2
failed https://fonts.googleapis.com/css2?family=Michroma&family=IBM+Plex+Sans:wght@400;600&family=IBM+Plex+ net::ERR_FAILED
failed https://raw.githubusercontent.com/ritchse/tidal-drum-machines/main/machines/RolandTR808/rolandtr808- net::ERR_TOO_MANY_RETRIES
takes/ambient-before.wav: 45.0 s, peak 0.94, failed requests 2
failed https://fonts.googleapis.com/css2?family=Michroma&family=IBM+Plex+Sans:wght@400;600&family=IBM+Plex+ net::ERR_FAILED
takes/ambient-after.wav: 45.0 s, peak 0.91, failed requests 1
DONE
