django__django-10999 True 4.8
django__django-11400 True 8.5
django__django-11477 True 5.7
django__django-11728 True 11.5
django__django-11734 True 13.9
django__django-11790 True 8.2
django__django-11820 True 8.4
django__django-12325 True 16.5
django__django-13212 True 17.6
django__django-13406 True 16.9
django__django-13794 True 12.2
django__django-14034 False 19.5
django__django-14155 True 18.1
django__django-14170 True 17.2
django__django-14376 True 13.0
django__django-14534 True 15.5
django__django-15252 True 14.1
GRADED 17: resolved 16
django__django-13513 True 19.2
django__django-15022 True 13.6
django__django-15098 True 11.1
django__django-15732 True 12.5
django__django-16256 True 12.1
django__django-16263 False 13.9
django__django-16502 False 11.3
django__django-16667 True 9.1
sympy__sympy-13974 True 7.6
sympy__sympy-15017 True 7.6
sympy__sympy-18199 False 214.7
sympy__sympy-18698 True 34.9
sympy__sympy-18763 False 14.1
sympy__sympy-19495 True 8.1
sympy__sympy-20438 False 72.1
sympy__sympy-20916 True 10.0
sympy__sympy-21596 False 50.5
sympy__sympy-21930 True 56.4
sympy__sympy-22080 True 25.1
GRADED 36: resolved 29
sympy__sympy-13852 True 8.6
sympy__sympy-16597 False 34.3
sympy__sympy-20428 False 43.7
GRADED 39: resolved 30
